Archive member included to satisfy reference by file (symbol)

/usr/lib/gcc/arm-none-eabi/9.2.1/../../../arm-none-eabi/lib/thumb/v7-m/nofp/libc.a(lib_a-atexit.o)
                              /usr/lib/gcc/arm-none-eabi/9.2.1/../../../arm-none-eabi/lib/thumb/v7-m/nofp/crt0.o (atexit)
/usr/lib/gcc/arm-none-eabi/9.2.1/../../../arm-none-eabi/lib/thumb/v7-m/nofp/libc.a(lib_a-exit.o)
                              /usr/lib/gcc/arm-none-eabi/9.2.1/../../../arm-none-eabi/lib/thumb/v7-m/nofp/crt0.o (exit)
/usr/lib/gcc/arm-none-eabi/9.2.1/../../../arm-none-eabi/lib/thumb/v7-m/nofp/libc.a(lib_a-fini.o)
                              /usr/lib/gcc/arm-none-eabi/9.2.1/../../../arm-none-eabi/lib/thumb/v7-m/nofp/crt0.o (__libc_fini_array)
/usr/lib/gcc/arm-none-eabi/9.2.1/../../../arm-none-eabi/lib/thumb/v7-m/nofp/libc.a(lib_a-impure.o)
                              /usr/lib/gcc/arm-none-eabi/9.2.1/../../../arm-none-eabi/lib/thumb/v7-m/nofp/libc.a(lib_a-exit.o) (_global_impure_ptr)
/usr/lib/gcc/arm-none-eabi/9.2.1/../../../arm-none-eabi/lib/thumb/v7-m/nofp/libc.a(lib_a-init.o)
                              /usr/lib/gcc/arm-none-eabi/9.2.1/../../../arm-none-eabi/lib/thumb/v7-m/nofp/crt0.o (__libc_init_array)
/usr/lib/gcc/arm-none-eabi/9.2.1/../../../arm-none-eabi/lib/thumb/v7-m/nofp/libc.a(lib_a-memset.o)
                              /usr/lib/gcc/arm-none-eabi/9.2.1/../../../arm-none-eabi/lib/thumb/v7-m/nofp/crt0.o (memset)
/usr/lib/gcc/arm-none-eabi/9.2.1/../../../arm-none-eabi/lib/thumb/v7-m/nofp/libc.a(lib_a-__atexit.o)
                              /usr/lib/gcc/arm-none-eabi/9.2.1/../../../arm-none-eabi/lib/thumb/v7-m/nofp/libc.a(lib_a-atexit.o) (__register_exitproc)
/usr/lib/gcc/arm-none-eabi/9.2.1/../../../arm-none-eabi/lib/thumb/v7-m/nofp/libc.a(lib_a-__call_atexit.o)
                              /usr/lib/gcc/arm-none-eabi/9.2.1/../../../arm-none-eabi/lib/thumb/v7-m/nofp/libc.a(lib_a-exit.o) (__call_exitprocs)
/usr/lib/gcc/arm-none-eabi/9.2.1/../../../arm-none-eabi/lib/thumb/v7-m/nofp/libc.a(lib_a-memcpy.o)
                              ../common/usb_serial.o (memcpy)
/usr/lib/gcc/arm-none-eabi/9.2.1/../../../arm-none-eabi/lib/thumb/v7-m/nofp/libnosys.a(_exit.o)
                              /usr/lib/gcc/arm-none-eabi/9.2.1/../../../arm-none-eabi/lib/thumb/v7-m/nofp/libc.a(lib_a-exit.o) (_exit)

Discarded input sections

 .text          0x0000000000000000        0x0 /usr/lib/gcc/arm-none-eabi/9.2.1/thumb/v7-m/nofp/crti.o
 .data          0x0000000000000000        0x0 /usr/lib/gcc/arm-none-eabi/9.2.1/thumb/v7-m/nofp/crti.o
 .bss           0x0000000000000000        0x0 /usr/lib/gcc/arm-none-eabi/9.2.1/thumb/v7-m/nofp/crti.o
 .data          0x0000000000000000        0x4 /usr/lib/gcc/arm-none-eabi/9.2.1/thumb/v7-m/nofp/crtbegin.o
 .text          0x0000000000000000       0x70 /usr/lib/gcc/arm-none-eabi/9.2.1/../../../arm-none-eabi/lib/thumb/v7-m/nofp/crt0.o
 .data          0x0000000000000000        0x0 /usr/lib/gcc/arm-none-eabi/9.2.1/../../../arm-none-eabi/lib/thumb/v7-m/nofp/crt0.o
 .bss           0x0000000000000000        0x0 /usr/lib/gcc/arm-none-eabi/9.2.1/../../../arm-none-eabi/lib/thumb/v7-m/nofp/crt0.o
 .ARM.extab     0x0000000000000000        0x0 /usr/lib/gcc/arm-none-eabi/9.2.1/../../../arm-none-eabi/lib/thumb/v7-m/nofp/crt0.o
 .ARM.exidx     0x0000000000000000       0x10 /usr/lib/gcc/arm-none-eabi/9.2.1/../../../arm-none-eabi/lib/thumb/v7-m/nofp/crt0.o
 .debug_line    0x0000000000000000       0x87 /usr/lib/gcc/arm-none-eabi/9.2.1/../../../arm-none-eabi/lib/thumb/v7-m/nofp/crt0.o
 .debug_info    0x0000000000000000       0x26 /usr/lib/gcc/arm-none-eabi/9.2.1/../../../arm-none-eabi/lib/thumb/v7-m/nofp/crt0.o
 .debug_abbrev  0x0000000000000000       0x14 /usr/lib/gcc/arm-none-eabi/9.2.1/../../../arm-none-eabi/lib/thumb/v7-m/nofp/crt0.o
 .debug_aranges
                0x0000000000000000       0x20 /usr/lib/gcc/arm-none-eabi/9.2.1/../../../arm-none-eabi/lib/thumb/v7-m/nofp/crt0.o
 .debug_str     0x0000000000000000       0x94 /usr/lib/gcc/arm-none-eabi/9.2.1/../../../arm-none-eabi/lib/thumb/v7-m/nofp/crt0.o
 .ARM.attributes
                0x0000000000000000       0x1b /usr/lib/gcc/arm-none-eabi/9.2.1/../../../arm-none-eabi/lib/thumb/v7-m/nofp/crt0.o
 .data          0x0000000000000000        0x0 /usr/lib/gcc/arm-none-eabi/9.2.1/../../../arm-none-eabi/lib/thumb/v7-m/nofp/libc.a(lib_a-atexit.o)
 .bss           0x0000000000000000        0x0 /usr/lib/gcc/arm-none-eabi/9.2.1/../../../arm-none-eabi/lib/thumb/v7-m/nofp/libc.a(lib_a-atexit.o)
 .text          0x0000000000000000       0x20 /usr/lib/gcc/arm-none-eabi/9.2.1/../../../arm-none-eabi/lib/thumb/v7-m/nofp/libc.a(lib_a-exit.o)
 .data          0x0000000000000000        0x0 /usr/lib/gcc/arm-none-eabi/9.2.1/../../../arm-none-eabi/lib/thumb/v7-m/nofp/libc.a(lib_a-exit.o)
 .bss           0x0000000000000000        0x0 /usr/lib/gcc/arm-none-eabi/9.2.1/../../../arm-none-eabi/lib/thumb/v7-m/nofp/libc.a(lib_a-exit.o)
 .debug_info    0x0000000000000000      0x9d0 /usr/lib/gcc/arm-none-eabi/9.2.1/../../../arm-none-eabi/lib/thumb/v7-m/nofp/libc.a(lib_a-exit.o)
 .debug_abbrev  0x0000000000000000      0x21f /usr/lib/gcc/arm-none-eabi/9.2.1/../../../arm-none-eabi/lib/thumb/v7-m/nofp/libc.a(lib_a-exit.o)
 .debug_loc     0x0000000000000000       0x22 /usr/lib/gcc/arm-none-eabi/9.2.1/../../../arm-none-eabi/lib/thumb/v7-m/nofp/libc.a(lib_a-exit.o)
 .debug_aranges
                0x0000000000000000       0x20 /usr/lib/gcc/arm-none-eabi/9.2.1/../../../arm-none-eabi/lib/thumb/v7-m/nofp/libc.a(lib_a-exit.o)
 .debug_line    0x0000000000000000      0x178 /usr/lib/gcc/arm-none-eabi/9.2.1/../../../arm-none-eabi/lib/thumb/v7-m/nofp/libc.a(lib_a-exit.o)
 .debug_str     0x0000000000000000      0x5e4 /usr/lib/gcc/arm-none-eabi/9.2.1/../../../arm-none-eabi/lib/thumb/v7-m/nofp/libc.a(lib_a-exit.o)
 .comment       0x0000000000000000       0x4f /usr/lib/gcc/arm-none-eabi/9.2.1/../../../arm-none-eabi/lib/thumb/v7-m/nofp/libc.a(lib_a-exit.o)
 .debug_frame   0x0000000000000000       0x28 /usr/lib/gcc/arm-none-eabi/9.2.1/../../../arm-none-eabi/lib/thumb/v7-m/nofp/libc.a(lib_a-exit.o)
 .ARM.attributes
                0x0000000000000000       0x2d /usr/lib/gcc/arm-none-eabi/9.2.1/../../../arm-none-eabi/lib/thumb/v7-m/nofp/libc.a(lib_a-exit.o)
 .data          0x0000000000000000        0x0 /usr/lib/gcc/arm-none-eabi/9.2.1/../../../arm-none-eabi/lib/thumb/v7-m/nofp/libc.a(lib_a-fini.o)
 .bss           0x0000000000000000        0x0 /usr/lib/gcc/arm-none-eabi/9.2.1/../../../arm-none-eabi/lib/thumb/v7-m/nofp/libc.a(lib_a-fini.o)
 .text          0x0000000000000000        0x0 /usr/lib/gcc/arm-none-eabi/9.2.1/../../../arm-none-eabi/lib/thumb/v7-m/nofp/libc.a(lib_a-impure.o)
 .bss           0x0000000000000000        0x0 /usr/lib/gcc/arm-none-eabi/9.2.1/../../../arm-none-eabi/lib/thumb/v7-m/nofp/libc.a(lib_a-impure.o)
 .data          0x0000000000000000        0x0 /usr/lib/gcc/arm-none-eabi/9.2.1/../../../arm-none-eabi/lib/thumb/v7-m/nofp/libc.a(lib_a-init.o)
 .bss           0x0000000000000000        0x0 /usr/lib/gcc/arm-none-eabi/9.2.1/../../../arm-none-eabi/lib/thumb/v7-m/nofp/libc.a(lib_a-init.o)
 .text          0x0000000000000000       0xa0 /usr/lib/gcc/arm-none-eabi/9.2.1/../../../arm-none-eabi/lib/thumb/v7-m/nofp/libc.a(lib_a-memset.o)
 .data          0x0000000000000000        0x0 /usr/lib/gcc/arm-none-eabi/9.2.1/../../../arm-none-eabi/lib/thumb/v7-m/nofp/libc.a(lib_a-memset.o)
 .bss           0x0000000000000000        0x0 /usr/lib/gcc/arm-none-eabi/9.2.1/../../../arm-none-eabi/lib/thumb/v7-m/nofp/libc.a(lib_a-memset.o)
 .debug_info    0x0000000000000000      0xf21 /usr/lib/gcc/arm-none-eabi/9.2.1/../../../arm-none-eabi/lib/thumb/v7-m/nofp/libc.a(lib_a-memset.o)
 .debug_abbrev  0x0000000000000000      0x217 /usr/lib/gcc/arm-none-eabi/9.2.1/../../../arm-none-eabi/lib/thumb/v7-m/nofp/libc.a(lib_a-memset.o)
 .debug_loc     0x0000000000000000      0x231 /usr/lib/gcc/arm-none-eabi/9.2.1/../../../arm-none-eabi/lib/thumb/v7-m/nofp/libc.a(lib_a-memset.o)
 .debug_aranges
                0x0000000000000000       0x20 /usr/lib/gcc/arm-none-eabi/9.2.1/../../../arm-none-eabi/lib/thumb/v7-m/nofp/libc.a(lib_a-memset.o)
 .debug_line    0x0000000000000000      0x26b /usr/lib/gcc/arm-none-eabi/9.2.1/../../../arm-none-eabi/lib/thumb/v7-m/nofp/libc.a(lib_a-memset.o)
 .debug_str     0x0000000000000000      0x8c5 /usr/lib/gcc/arm-none-eabi/9.2.1/../../../arm-none-eabi/lib/thumb/v7-m/nofp/libc.a(lib_a-memset.o)
 .comment       0x0000000000000000       0x4f /usr/lib/gcc/arm-none-eabi/9.2.1/../../../arm-none-eabi/lib/thumb/v7-m/nofp/libc.a(lib_a-memset.o)
 .debug_frame   0x0000000000000000       0x38 /usr/lib/gcc/arm-none-eabi/9.2.1/../../../arm-none-eabi/lib/thumb/v7-m/nofp/libc.a(lib_a-memset.o)
 .ARM.attributes
                0x0000000000000000       0x2d /usr/lib/gcc/arm-none-eabi/9.2.1/../../../arm-none-eabi/lib/thumb/v7-m/nofp/libc.a(lib_a-memset.o)
 .data          0x0000000000000000        0x0 /usr/lib/gcc/arm-none-eabi/9.2.1/../../../arm-none-eabi/lib/thumb/v7-m/nofp/libc.a(lib_a-__atexit.o)
 .bss           0x0000000000000000        0x0 /usr/lib/gcc/arm-none-eabi/9.2.1/../../../arm-none-eabi/lib/thumb/v7-m/nofp/libc.a(lib_a-__atexit.o)
 .text          0x0000000000000000       0x9c /usr/lib/gcc/arm-none-eabi/9.2.1/../../../arm-none-eabi/lib/thumb/v7-m/nofp/libc.a(lib_a-__call_atexit.o)
 .data          0x0000000000000000        0x0 /usr/lib/gcc/arm-none-eabi/9.2.1/../../../arm-none-eabi/lib/thumb/v7-m/nofp/libc.a(lib_a-__call_atexit.o)
 .bss           0x0000000000000000        0x0 /usr/lib/gcc/arm-none-eabi/9.2.1/../../../arm-none-eabi/lib/thumb/v7-m/nofp/libc.a(lib_a-__call_atexit.o)
 .text          0x0000000000000000        0x0 usb_test.o
 .data          0x0000000000000000        0x0 usb_test.o
 .bss           0x0000000000000000        0x0 usb_test.o
 .text          0x0000000000000000        0x0 ../common/usb_serial.o
 .text          0x0000000000000000        0x0 ../common/serial_fifo.o
 .data          0x0000000000000000        0x0 ../common/serial_fifo.o
 .bss           0x0000000000000000        0x0 ../common/serial_fifo.o
 .text          0x0000000000000000        0x0 ../common/LPC17xx_Startup.o
 .data          0x0000000000000000        0x0 ../common/LPC17xx_Startup.o
 .bss           0x0000000000000000        0x0 ../common/LPC17xx_Startup.o
 .text          0x0000000000000000        0x0 ../common/LPC17xx_Interrupts.o
 .data          0x0000000000000000        0x0 ../common/LPC17xx_Interrupts.o
 .bss           0x0000000000000000        0x0 ../common/LPC17xx_Interrupts.o
 .text          0x0000000000000000        0x0 ../common/ubertooth.o
 .data          0x0000000000000000        0x0 ../common/ubertooth.o
 .text.spi_delay
                0x0000000000000000       0x18 ../common/ubertooth.o
 .text.rbit     0x0000000000000000        0x6 ../common/ubertooth.o
 .text.wait     0x0000000000000000        0xc ../common/ubertooth.o
 .text.wait_ms  0x0000000000000000        0xa ../common/ubertooth.o
 .text.dio_ssp_init
                0x0000000000000000       0x54 ../common/ubertooth.o
 .text.cc2400_set
                0x0000000000000000        0xa ../common/ubertooth.o
 .text.cc2400_get8
                0x0000000000000000       0x12 ../common/ubertooth.o
 .text.cc2400_set8
                0x0000000000000000        0xa ../common/ubertooth.o
 .text.cc2400_fifo_write
                0x0000000000000000       0x80 ../common/ubertooth.o
 .text.cc2400_fifo_read
                0x0000000000000000       0x8c ../common/ubertooth.o
 .text.reset    0x0000000000000000       0x38 ../common/ubertooth.o
 .text.cc2400_tune_rx
                0x0000000000000000        0xa ../common/ubertooth.o
 .text.cc2400_tune_tx
                0x0000000000000000        0x8 ../common/ubertooth.o
 .text.cc2400_hop_rx
                0x0000000000000000       0x38 ../common/ubertooth.o
 .text.cc2400_hop_tx
                0x0000000000000000        0x4 ../common/ubertooth.o
 .text.get_part_num
                0x0000000000000000       0x34 ../common/ubertooth.o
 .text.get_device_serial
                0x0000000000000000       0x64 ../common/ubertooth.o
 .text.set_isp  0x0000000000000000       0x1c ../common/ubertooth.o
 .rodata        0x0000000000000000        0x4 ../common/ubertooth.o
 .text          0x0000000000000000        0x0 ../common/lpcusb/target/usbcontrol.o
 .data          0x0000000000000000        0x0 ../common/lpcusb/target/usbcontrol.o
 .text          0x0000000000000000        0x0 ../common/lpcusb/target/usbinit.o
 .data          0x0000000000000000        0x0 ../common/lpcusb/target/usbinit.o
 .text          0x0000000000000000        0x0 ../common/lpcusb/target/usbhw_lpc.o
 .data          0x0000000000000000        0x0 ../common/lpcusb/target/usbhw_lpc.o
 .text.USBHwISOCEPRead
                0x0000000000000000       0x88 ../common/lpcusb/target/usbhw_lpc.o
 .text.USBSetupDMADescriptor
                0x0000000000000000       0x48 ../common/lpcusb/target/usbhw_lpc.o
 .text.USBDisableDMAForEndpoint
                0x0000000000000000       0x1c ../common/lpcusb/target/usbhw_lpc.o
 .text.USBEnableDMAForEndpoint
                0x0000000000000000       0x1c ../common/lpcusb/target/usbhw_lpc.o
 .text.USBInitializeISOCFrameArray
                0x0000000000000000       0x26 ../common/lpcusb/target/usbhw_lpc.o
 .text.USBSetHeadDDForDMA
                0x0000000000000000       0x10 ../common/lpcusb/target/usbhw_lpc.o
 .text.USBInitializeUSBDMA
                0x0000000000000000       0x1c ../common/lpcusb/target/usbhw_lpc.o
 .text          0x0000000000000000        0x0 ../common/lpcusb/target/usbstdreq.o
 .text.USBRegisterWinusbInterface
                0x0000000000000000       0x2c ../common/lpcusb/target/usbstdreq.o
 .text.USBGetOsStringDescriptor
                0x0000000000000000       0x1c ../common/lpcusb/target/usbstdreq.o
 .text.USBRegisterCustomReqHandler
                0x0000000000000000        0xc ../common/lpcusb/target/usbstdreq.o
 .data          0x0000000000000000        0x0 /usr/lib/gcc/arm-none-eabi/9.2.1/../../../arm-none-eabi/lib/thumb/v7-m/nofp/libc.a(lib_a-memcpy.o)
 .bss           0x0000000000000000        0x0 /usr/lib/gcc/arm-none-eabi/9.2.1/../../../arm-none-eabi/lib/thumb/v7-m/nofp/libc.a(lib_a-memcpy.o)
 .text          0x0000000000000000        0x0 /usr/lib/gcc/arm-none-eabi/9.2.1/thumb/v7-m/nofp/crtend.o
 .data          0x0000000000000000        0x0 /usr/lib/gcc/arm-none-eabi/9.2.1/thumb/v7-m/nofp/crtend.o
 .bss           0x0000000000000000        0x0 /usr/lib/gcc/arm-none-eabi/9.2.1/thumb/v7-m/nofp/crtend.o
 .eh_frame      0x0000000000000000        0x4 /usr/lib/gcc/arm-none-eabi/9.2.1/thumb/v7-m/nofp/crtend.o
 .text          0x0000000000000000        0x0 /usr/lib/gcc/arm-none-eabi/9.2.1/thumb/v7-m/nofp/crtn.o
 .data          0x0000000000000000        0x0 /usr/lib/gcc/arm-none-eabi/9.2.1/thumb/v7-m/nofp/crtn.o
 .bss           0x0000000000000000        0x0 /usr/lib/gcc/arm-none-eabi/9.2.1/thumb/v7-m/nofp/crtn.o
 .text          0x0000000000000000        0x4 /usr/lib/gcc/arm-none-eabi/9.2.1/../../../arm-none-eabi/lib/thumb/v7-m/nofp/libnosys.a(_exit.o)
 .data          0x0000000000000000        0x0 /usr/lib/gcc/arm-none-eabi/9.2.1/../../../arm-none-eabi/lib/thumb/v7-m/nofp/libnosys.a(_exit.o)
 .bss           0x0000000000000000        0x0 /usr/lib/gcc/arm-none-eabi/9.2.1/../../../arm-none-eabi/lib/thumb/v7-m/nofp/libnosys.a(_exit.o)
 .debug_info    0x0000000000000000       0xa3 /usr/lib/gcc/arm-none-eabi/9.2.1/../../../arm-none-eabi/lib/thumb/v7-m/nofp/libnosys.a(_exit.o)
 .debug_abbrev  0x0000000000000000       0x6a /usr/lib/gcc/arm-none-eabi/9.2.1/../../../arm-none-eabi/lib/thumb/v7-m/nofp/libnosys.a(_exit.o)
 .debug_loc     0x0000000000000000       0x15 /usr/lib/gcc/arm-none-eabi/9.2.1/../../../arm-none-eabi/lib/thumb/v7-m/nofp/libnosys.a(_exit.o)
 .debug_aranges
                0x0000000000000000       0x20 /usr/lib/gcc/arm-none-eabi/9.2.1/../../../arm-none-eabi/lib/thumb/v7-m/nofp/libnosys.a(_exit.o)
 .debug_line    0x0000000000000000       0x6e /usr/lib/gcc/arm-none-eabi/9.2.1/../../../arm-none-eabi/lib/thumb/v7-m/nofp/libnosys.a(_exit.o)
 .debug_str     0x0000000000000000      0x197 /usr/lib/gcc/arm-none-eabi/9.2.1/../../../arm-none-eabi/lib/thumb/v7-m/nofp/libnosys.a(_exit.o)
 .comment       0x0000000000000000       0x4f /usr/lib/gcc/arm-none-eabi/9.2.1/../../../arm-none-eabi/lib/thumb/v7-m/nofp/libnosys.a(_exit.o)
 .debug_frame   0x0000000000000000       0x20 /usr/lib/gcc/arm-none-eabi/9.2.1/../../../arm-none-eabi/lib/thumb/v7-m/nofp/libnosys.a(_exit.o)
 .ARM.attributes
                0x0000000000000000       0x2d /usr/lib/gcc/arm-none-eabi/9.2.1/../../../arm-none-eabi/lib/thumb/v7-m/nofp/libnosys.a(_exit.o)

Memory Configuration

Name             Origin             Length             Attributes
rom              0x0000000000004000 0x000000000001c000 xr
ram              0x0000000010000000 0x0000000000004000 xrw
*default*        0x0000000000000000 0xffffffffffffffff

Linker script and memory map

LOAD /usr/lib/gcc/arm-none-eabi/9.2.1/thumb/v7-m/nofp/crti.o
LOAD /usr/lib/gcc/arm-none-eabi/9.2.1/thumb/v7-m/nofp/crtbegin.o
LOAD /usr/lib/gcc/arm-none-eabi/9.2.1/../../../arm-none-eabi/lib/thumb/v7-m/nofp/crt0.o
START GROUP
LOAD /usr/lib/gcc/arm-none-eabi/9.2.1/../../../arm-none-eabi/lib/thumb/v7-m/nofp/libc.a
LOAD /usr/lib/gcc/arm-none-eabi/9.2.1/../../../arm-none-eabi/lib/thumb/v7-m/nofp/libg.a
LOAD /usr/lib/gcc/arm-none-eabi/9.2.1/thumb/v7-m/nofp/libgcc.a
LOAD /usr/lib/gcc/arm-none-eabi/9.2.1/../../../arm-none-eabi/lib/thumb/v7-m/nofp/libm.a
END GROUP
LOAD usb_test.o
LOAD ../common/usb_serial.o
LOAD ../common/serial_fifo.o
LOAD ../common/LPC17xx_Startup.o
LOAD ../common/LPC17xx_Interrupts.o
LOAD ../common/ubertooth.o
LOAD ../common/lpcusb/target/usbcontrol.o
LOAD ../common/lpcusb/target/usbinit.o
LOAD ../common/lpcusb/target/usbhw_lpc.o
LOAD ../common/lpcusb/target/usbstdreq.o
START GROUP
LOAD /usr/lib/gcc/arm-none-eabi/9.2.1/thumb/v7-m/nofp/libgcc.a
LOAD /usr/lib/gcc/arm-none-eabi/9.2.1/../../../arm-none-eabi/lib/thumb/v7-m/nofp/libc.a
END GROUP
LOAD /usr/lib/gcc/arm-none-eabi/9.2.1/thumb/v7-m/nofp/crtend.o
LOAD /usr/lib/gcc/arm-none-eabi/9.2.1/thumb/v7-m/nofp/crtn.o
START GROUP
LOAD /usr/lib/gcc/arm-none-eabi/9.2.1/thumb/v7-m/nofp/libgcc.a
LOAD /usr/lib/gcc/arm-none-eabi/9.2.1/../../../arm-none-eabi/lib/thumb/v7-m/nofp/libc.a
LOAD /usr/lib/gcc/arm-none-eabi/9.2.1/../../../arm-none-eabi/lib/thumb/v7-m/nofp/libm.a
LOAD /usr/lib/gcc/arm-none-eabi/9.2.1/../../../arm-none-eabi/lib/thumb/v7-m/nofp/libnosys.a
END GROUP

.text           0x0000000000004000     0x10f8
                0x0000000000004000                . = ALIGN (0x400)
                0x0000000000004000                _interrupt_vector_table = .
 *(.irq_handler_table)
 .irq_handler_table
                0x0000000000004000       0xcc ../common/LPC17xx_Interrupts.o
                0x0000000000004000                _NVIC_Handler_Functions
 *(.text .text.* .gnu.linkonce.t.*)
 .text          0x00000000000040cc       0x88 /usr/lib/gcc/arm-none-eabi/9.2.1/thumb/v7-m/nofp/crtbegin.o
 .text          0x0000000000004154        0xc /usr/lib/gcc/arm-none-eabi/9.2.1/../../../arm-none-eabi/lib/thumb/v7-m/nofp/libc.a(lib_a-atexit.o)
                0x0000000000004154                atexit
 .text          0x0000000000004160       0x34 /usr/lib/gcc/arm-none-eabi/9.2.1/../../../arm-none-eabi/lib/thumb/v7-m/nofp/libc.a(lib_a-fini.o)
                0x0000000000004160                __libc_fini_array
 .text          0x0000000000004194       0x48 /usr/lib/gcc/arm-none-eabi/9.2.1/../../../arm-none-eabi/lib/thumb/v7-m/nofp/libc.a(lib_a-init.o)
                0x0000000000004194                __libc_init_array
 .text          0x00000000000041dc       0x64 /usr/lib/gcc/arm-none-eabi/9.2.1/../../../arm-none-eabi/lib/thumb/v7-m/nofp/libc.a(lib_a-__atexit.o)
                0x00000000000041dc                __register_exitproc
 .text.startup  0x0000000000004240       0x14 /usr/lib/gcc/arm-none-eabi/9.2.1/../../../arm-none-eabi/lib/thumb/v7-m/nofp/libc.a(lib_a-__call_atexit.o)
 .text.startup.main
                0x0000000000004254       0x3c usb_test.o
                0x0000000000004254                main
 .text.USBDevIntHandler
                0x0000000000004290       0x10 ../common/usb_serial.o
 .text.SendNextBulkIn.part.0
                0x00000000000042a0       0x3c ../common/usb_serial.o
 .text.USBFrameHandler
                0x00000000000042dc       0x2c ../common/usb_serial.o
 .text.BulkOut  0x0000000000004308       0x44 ../common/usb_serial.o
 .text.HandleClassRequest
                0x000000000000434c       0x34 ../common/usb_serial.o
 .text.BulkIn   0x0000000000004380       0x14 ../common/usb_serial.o
 .text.VCOM_init
                0x0000000000004394       0x2c ../common/usb_serial.o
                0x0000000000004394                VCOM_init
 .text.VCOM_putchar
                0x00000000000043c0       0x1c ../common/usb_serial.o
                0x00000000000043c0                VCOM_putchar
 .text.VCOM_getchar
                0x00000000000043dc       0x24 ../common/usb_serial.o
                0x00000000000043dc                VCOM_getchar
 .text.USB_IRQHandler
                0x0000000000004400        0x4 ../common/usb_serial.o
                0x0000000000004400                USB_IRQHandler
 .text.usb_serial_init
                0x0000000000004404       0x74 ../common/usb_serial.o
                0x0000000000004404                usb_serial_init
 .text.fifo_init
                0x0000000000004478        0xa ../common/serial_fifo.o
                0x0000000000004478                fifo_init
 .text.fifo_put
                0x0000000000004482       0x28 ../common/serial_fifo.o
                0x0000000000004482                fifo_put
 .text.fifo_get
                0x00000000000044aa       0x28 ../common/serial_fifo.o
                0x00000000000044aa                fifo_get
 .text.fifo_avail
                0x00000000000044d2       0x18 ../common/serial_fifo.o
                0x00000000000044d2                fifo_avail
 .text.fifo_free
                0x00000000000044ea        0xc ../common/serial_fifo.o
                0x00000000000044ea                fifo_free
 *fill*         0x00000000000044f6        0x2 
 .text.Reset_Handler
                0x00000000000044f8       0x54 ../common/LPC17xx_Startup.o
                0x00000000000044f8                Reset_Handler
 .text.Default_Handler
                0x000000000000454c        0x2 ../common/LPC17xx_Interrupts.o
                0x000000000000454c                TIMER2_IRQHandler
                0x000000000000454c                DebugMon_Handler
                0x000000000000454c                RIT_IRQHandler
                0x000000000000454c                I2C0_IRQHandler
                0x000000000000454c                HardFault_Handler
                0x000000000000454c                SysTick_Handler
                0x000000000000454c                PWM1_IRQHandler
                0x000000000000454c                PendSV_Handler
                0x000000000000454c                NMI_Handler
                0x000000000000454c                I2C1_IRQHandler
                0x000000000000454c                EINT2_IRQHandler
                0x000000000000454c                UART1_IRQHandler
                0x000000000000454c                EINT3_IRQHandler
                0x000000000000454c                TIMER3_IRQHandler
                0x000000000000454c                UART0_IRQHandler
                0x000000000000454c                MemManagement_Handler
                0x000000000000454c                UsageFault_Handler
                0x000000000000454c                PLL0_IRQHandler
                0x000000000000454c                CAN_IRQHandler
                0x000000000000454c                PLL1_IRQHandler
                0x000000000000454c                SSP0_IRQHandler
                0x000000000000454c                I2S_IRQHandler
                0x000000000000454c                I2C2_IRQHandler
                0x000000000000454c                RTC_IRQHandler
                0x000000000000454c                TIMER0_IRQHandler
                0x000000000000454c                SPI_IRQHandler
                0x000000000000454c                EINT1_IRQHandler
                0x000000000000454c                TIMER1_IRQHandler
                0x000000000000454c                UART2_IRQHandler
                0x000000000000454c                ADC_IRQHandler
                0x000000000000454c                SSP1_IRQHandler
                0x000000000000454c                BOD_IRQHandler
                0x000000000000454c                WDT_IRQHandler
                0x000000000000454c                SVC_Handler
                0x000000000000454c                QEI_IRQHandler
                0x000000000000454c                EINT0_IRQHandler
                0x000000000000454c                USBACT_IRQHandler
                0x000000000000454c                CANACT_IRQHandler
                0x000000000000454c                DMA_IRQHandler
                0x000000000000454c                BusFault_Handler
                0x000000000000454c                UART3_IRQHandler
                0x000000000000454c                MCPWM_IRQHandler
                0x000000000000454c                ENET_IRQHandler
 *fill*         0x000000000000454e        0x2 
 .text.wait_us  0x0000000000004550       0x2c ../common/ubertooth.o
                0x0000000000004550                wait_us
 .text.all_pins_off
                0x000000000000457c       0x54 ../common/ubertooth.o
                0x000000000000457c                all_pins_off
 .text.gpio_init
                0x00000000000045d0       0x34 ../common/ubertooth.o
                0x00000000000045d0                gpio_init
 .text.atest_init
                0x0000000000004604       0x34 ../common/ubertooth.o
                0x0000000000004604                atest_init
 .text.cc2400_spi
                0x0000000000004638       0x50 ../common/ubertooth.o
                0x0000000000004638                cc2400_spi
 .text.cc2400_init
                0x0000000000004688       0x38 ../common/ubertooth.o
                0x0000000000004688                cc2400_init
 .text.cc2400_get
                0x00000000000046c0       0x12 ../common/ubertooth.o
                0x00000000000046c0                cc2400_get
 .text.cc2400_status
                0x00000000000046d2        0xe ../common/ubertooth.o
                0x00000000000046d2                cc2400_status
 .text.cc2400_strobe
                0x00000000000046e0        0xe ../common/ubertooth.o
                0x00000000000046e0                cc2400_strobe
 .text.cc2400_reset
                0x00000000000046ee       0x2c ../common/ubertooth.o
                0x00000000000046ee                cc2400_reset
 *fill*         0x000000000000471a        0x2 
 .text.clock_start
                0x000000000000471c      0x144 ../common/ubertooth.o
                0x000000000000471c                clock_start
 .text.ubertooth_init
                0x0000000000004860       0x12 ../common/ubertooth.o
                0x0000000000004860                ubertooth_init
 *fill*         0x0000000000004872        0x2 
 .text.DataIn   0x0000000000004874       0x28 ../common/lpcusb/target/usbcontrol.o
 .text._HandleRequest.constprop.0
                0x000000000000489c       0x4c ../common/lpcusb/target/usbcontrol.o
 .text.USBHandleControlTransfer
                0x00000000000048e8       0xa0 ../common/lpcusb/target/usbcontrol.o
                0x00000000000048e8                USBHandleControlTransfer
 .text.USBRegisterRequestHandler
                0x0000000000004988       0x10 ../common/lpcusb/target/usbcontrol.o
                0x0000000000004988                USBRegisterRequestHandler
 .text.HandleUsbReset
                0x0000000000004998        0x2 ../common/lpcusb/target/usbinit.o
 *fill*         0x000000000000499a        0x2 
 .text.USBInit  0x000000000000499c       0x4c ../common/lpcusb/target/usbinit.o
                0x000000000000499c                USBInit
 .text.Wait4DevInt
                0x00000000000049e8       0x18 ../common/lpcusb/target/usbhw_lpc.o
 .text.USBHwCmd
                0x0000000000004a00       0x18 ../common/lpcusb/target/usbhw_lpc.o
 .text.USBHwCmdWrite
                0x0000000000004a18       0x20 ../common/lpcusb/target/usbhw_lpc.o
 .text.USBHwEPConfig
                0x0000000000004a38       0x3c ../common/lpcusb/target/usbhw_lpc.o
                0x0000000000004a38                USBHwEPConfig
 .text.USBHwRegisterEPIntHandler
                0x0000000000004a74       0x34 ../common/lpcusb/target/usbhw_lpc.o
                0x0000000000004a74                USBHwRegisterEPIntHandler
 .text.USBHwRegisterDevIntHandler
                0x0000000000004aa8       0x18 ../common/lpcusb/target/usbhw_lpc.o
                0x0000000000004aa8                USBHwRegisterDevIntHandler
 .text.USBHwRegisterFrameHandler
                0x0000000000004ac0       0x18 ../common/lpcusb/target/usbhw_lpc.o
                0x0000000000004ac0                USBHwRegisterFrameHandler
 .text.USBHwSetAddress
                0x0000000000004ad8        0xa ../common/lpcusb/target/usbhw_lpc.o
                0x0000000000004ad8                USBHwSetAddress
 .text.USBHwConnect
                0x0000000000004ae2        0xc ../common/lpcusb/target/usbhw_lpc.o
                0x0000000000004ae2                USBHwConnect
 .text.USBHwNakIntEnable
                0x0000000000004aee        0x8 ../common/lpcusb/target/usbhw_lpc.o
                0x0000000000004aee                USBHwNakIntEnable
 *fill*         0x0000000000004af6        0x2 
 .text.USBHwEPGetStatus
                0x0000000000004af8       0x34 ../common/lpcusb/target/usbhw_lpc.o
                0x0000000000004af8                USBHwEPGetStatus
 .text.USBHwEPStall
                0x0000000000004b2c       0x18 ../common/lpcusb/target/usbhw_lpc.o
                0x0000000000004b2c                USBHwEPStall
 .text.USBHwEPWrite
                0x0000000000004b44       0x50 ../common/lpcusb/target/usbhw_lpc.o
                0x0000000000004b44                USBHwEPWrite
 .text.USBHwEPRead
                0x0000000000004b94       0x70 ../common/lpcusb/target/usbhw_lpc.o
                0x0000000000004b94                USBHwEPRead
 .text.USBHwConfigDevice
                0x0000000000004c04        0xc ../common/lpcusb/target/usbhw_lpc.o
                0x0000000000004c04                USBHwConfigDevice
 .text.USBHwISR
                0x0000000000004c10       0xcc ../common/lpcusb/target/usbhw_lpc.o
                0x0000000000004c10                USBHwISR
 .text.USBHwInit
                0x0000000000004cdc       0xb4 ../common/lpcusb/target/usbhw_lpc.o
                0x0000000000004cdc                USBHwInit
 .text.USBFilterOsVendorMessage
                0x0000000000004d90       0x68 ../common/lpcusb/target/usbstdreq.o
                0x0000000000004d90                USBFilterOsVendorMessage
 .text.USBRegisterDescriptors
                0x0000000000004df8        0xc ../common/lpcusb/target/usbstdreq.o
                0x0000000000004df8                USBRegisterDescriptors
 .text.USBGetDescriptor
                0x0000000000004e04       0x54 ../common/lpcusb/target/usbstdreq.o
                0x0000000000004e04                USBGetDescriptor
 .text.USBHandleStandardRequest
                0x0000000000004e58      0x160 ../common/lpcusb/target/usbstdreq.o
                0x0000000000004e58                USBHandleStandardRequest
 .text          0x0000000000004fb8       0xec /usr/lib/gcc/arm-none-eabi/9.2.1/../../../arm-none-eabi/lib/thumb/v7-m/nofp/libc.a(lib_a-memcpy.o)
                0x0000000000004fb8                memcpy
 *(.rodata .rodata.* .gnu.linkonce.r.*)
 .rodata        0x00000000000050a4        0x4 /usr/lib/gcc/arm-none-eabi/9.2.1/../../../arm-none-eabi/lib/thumb/v7-m/nofp/libc.a(lib_a-impure.o)
                0x00000000000050a4                _global_impure_ptr
 .rodata        0x00000000000050a8       0x28 ../common/lpcusb/target/usbstdreq.o
 *(.eh_frame_hdr)
 *(.eh_frame)
 .eh_frame      0x00000000000050d0        0x0 /usr/lib/gcc/arm-none-eabi/9.2.1/thumb/v7-m/nofp/crtbegin.o
                0x00000000000050d0                . = ALIGN (0x4)
 *(.init)
 .init          0x00000000000050d0        0x4 /usr/lib/gcc/arm-none-eabi/9.2.1/thumb/v7-m/nofp/crti.o
                0x00000000000050d0                _init
 .init          0x00000000000050d4        0x8 /usr/lib/gcc/arm-none-eabi/9.2.1/thumb/v7-m/nofp/crtn.o
                0x00000000000050dc                . = ALIGN (0x4)
                0x00000000000050dc                __preinit_array_start = .
 *(.preinit_array)
                0x00000000000050dc                __preinit_array_end = .
                0x00000000000050dc                . = ALIGN (0x4)
                0x00000000000050dc                __init_array_start = .
 *(SORT_BY_NAME(.init_array.*))
 .init_array.00000
                0x00000000000050dc        0x4 /usr/lib/gcc/arm-none-eabi/9.2.1/../../../arm-none-eabi/lib/thumb/v7-m/nofp/libc.a(lib_a-__call_atexit.o)
 *(.init_array)
 .init_array    0x00000000000050e0        0x4 /usr/lib/gcc/arm-none-eabi/9.2.1/thumb/v7-m/nofp/crtbegin.o
                0x00000000000050e4                __init_array_end = .
                0x00000000000050e4                . = ALIGN (0x4)
 *crtbegin.o(.ctors)
 *(EXCLUDE_FILE(*crtend.o) .ctors)
 *(SORT_BY_NAME(.ctors.*))
 *crtend.o(.ctors)
                0x00000000000050e4                . = ALIGN (0x4)
 *(.fini)
 .fini          0x00000000000050e4        0x4 /usr/lib/gcc/arm-none-eabi/9.2.1/thumb/v7-m/nofp/crti.o
                0x00000000000050e4                _fini
 .fini          0x00000000000050e8        0x8 /usr/lib/gcc/arm-none-eabi/9.2.1/thumb/v7-m/nofp/crtn.o
                0x00000000000050f0                . = ALIGN (0x4)
                0x00000000000050f0                __fini_array_start = .
 *(.fini_array)
 .fini_array    0x00000000000050f0        0x4 /usr/lib/gcc/arm-none-eabi/9.2.1/thumb/v7-m/nofp/crtbegin.o
 *(SORT_BY_NAME(.fini_array.*))
                0x00000000000050f4                __fini_array_end = .
 *crtbegin.o(.dtors)
 *(EXCLUDE_FILE(*crtend.o) .dtors)
 *(SORT_BY_NAME(.dtors.*))
 *crtend.o(.dtors)
                0x00000000000050f8                . = ALIGN (0x8)
 *fill*         0x00000000000050f4        0x4 
                0x00000000000050f8                _etext = .

.glue_7         0x00000000000050f8        0x0
 .glue_7        0x00000000000050f8        0x0 linker stubs

.glue_7t        0x00000000000050f8        0x0
 .glue_7t       0x00000000000050f8        0x0 linker stubs

.vfp11_veneer   0x00000000000050f8        0x0
 .vfp11_veneer  0x00000000000050f8        0x0 linker stubs

.v4_bx          0x00000000000050f8        0x0
 .v4_bx         0x00000000000050f8        0x0 linker stubs

.iplt           0x00000000000050f8        0x0
 .iplt          0x00000000000050f8        0x0 /usr/lib/gcc/arm-none-eabi/9.2.1/thumb/v7-m/nofp/crtbegin.o

.rel.dyn        0x00000000000050f8        0x0
 .rel.iplt      0x00000000000050f8        0x0 /usr/lib/gcc/arm-none-eabi/9.2.1/thumb/v7-m/nofp/crtbegin.o

.ARM.extab
 *(.ARM.extab* .gnu.linkonce.armextab.*)
                0x00000000000050f8                __exidx_start = .

.ARM.exidx
 *(.ARM.exidx* .gnu.linkonce.armexidx.*)
                0x00000000000050f8                __exidx_end = .
                0x00000000000050f8                _etext = .

.persistent     0x0000000010000000       0x20
                0x0000000010000000                _persistent_start = .
                0x0000000010000020                . = (. + 0x20)
 *fill*         0x0000000010000000       0x20 
                0x0000000010000020                _persistent_end = .
                0x000000001000001c                bootloader_ctrl = (_persistent_start + 0x1c)

.data           0x0000000010000020      0x5ae load address 0x00000000000050f8
                0x0000000010000020                _data = .
 *(vtable)
 *(.data*)
 .data          0x0000000010000020      0x430 /usr/lib/gcc/arm-none-eabi/9.2.1/../../../arm-none-eabi/lib/thumb/v7-m/nofp/libc.a(lib_a-impure.o)
                0x0000000010000020                _impure_ptr
 .data          0x0000000010000450       0xda ../common/usb_serial.o
 .data          0x000000001000052a       0xa4 ../common/lpcusb/target/usbstdreq.o
                0x00000000100005ce                _edata = .

.tm_clone_table
                0x00000000100005d0        0x0 load address 0x00000000000056a6
 .tm_clone_table
                0x00000000100005d0        0x0 /usr/lib/gcc/arm-none-eabi/9.2.1/thumb/v7-m/nofp/crtbegin.o
 .tm_clone_table
                0x00000000100005d0        0x0 /usr/lib/gcc/arm-none-eabi/9.2.1/thumb/v7-m/nofp/crtend.o

.igot.plt       0x00000000100005d0        0x0 load address 0x00000000000056a6
 .igot.plt      0x00000000100005d0        0x0 /usr/lib/gcc/arm-none-eabi/9.2.1/thumb/v7-m/nofp/crtbegin.o

.bss            0x00000000100005d0      0x21d load address 0x00000000000056a6
                0x00000000100005d0                _bss = .
                0x00000000100005d0                __bss_start__ = .
 *(.bss*)
 .bss           0x00000000100005d0       0x1c /usr/lib/gcc/arm-none-eabi/9.2.1/thumb/v7-m/nofp/crtbegin.o
 .bss           0x00000000100005ec      0x168 ../common/usb_serial.o
 .bss           0x0000000010000754        0x8 ../common/ubertooth.o
 .bss           0x000000001000075c       0x34 ../common/lpcusb/target/usbcontrol.o
 .bss           0x0000000010000790        0x8 ../common/lpcusb/target/usbinit.o
 .bss           0x0000000010000798       0x48 ../common/lpcusb/target/usbhw_lpc.o
 .bss           0x00000000100007e0        0xd ../common/lpcusb/target/usbstdreq.o
 *(COMMON)
                0x00000000100007ed                _ebss = .
                0x00000000100007ed                __bss_end__ = .

.cr_heap        0x00000000100007ed        0x0 load address 0x00000000000056a6
                0x00000000100007ed                end = .
                0x00000000100007ed                __end__ = .
                0x00000000100007ed                _pvHeapStart = .
                0x0000000010003fe0                _StackTop = ((ORIGIN (ram) + LENGTH (ram)) - 0x20)
OUTPUT(usb_test.elf elf32-littlearm)
LOAD linker stubs

.ARM.attributes
                0x0000000000000000       0x29
 .ARM.attributes
                0x0000000000000000       0x1d /usr/lib/gcc/arm-none-eabi/9.2.1/thumb/v7-m/nofp/crti.o
 .ARM.attributes
                0x000000000000001d       0x2d /usr/lib/gcc/arm-none-eabi/9.2.1/thumb/v7-m/nofp/crtbegin.o
 .ARM.attributes
                0x000000000000004a       0x2d /usr/lib/gcc/arm-none-eabi/9.2.1/../../../arm-none-eabi/lib/thumb/v7-m/nofp/libc.a(lib_a-atexit.o)
 .ARM.attributes
                0x0000000000000077       0x2d /usr/lib/gcc/arm-none-eabi/9.2.1/../../../arm-none-eabi/lib/thumb/v7-m/nofp/libc.a(lib_a-fini.o)
 .ARM.attributes
                0x00000000000000a4       0x2d /usr/lib/gcc/arm-none-eabi/9.2.1/../../../arm-none-eabi/lib/thumb/v7-m/nofp/libc.a(lib_a-impure.o)
 .ARM.attributes
                0x00000000000000d1       0x2d /usr/lib/gcc/arm-none-eabi/9.2.1/../../../arm-none-eabi/lib/thumb/v7-m/nofp/libc.a(lib_a-init.o)
 .ARM.attributes
                0x00000000000000fe       0x2d /usr/lib/gcc/arm-none-eabi/9.2.1/../../../arm-none-eabi/lib/thumb/v7-m/nofp/libc.a(lib_a-__atexit.o)
 .ARM.attributes
                0x000000000000012b       0x2d /usr/lib/gcc/arm-none-eabi/9.2.1/../../../arm-none-eabi/lib/thumb/v7-m/nofp/libc.a(lib_a-__call_atexit.o)
 .ARM.attributes
                0x0000000000000158       0x2d usb_test.o
 .ARM.attributes
                0x0000000000000185       0x2d ../common/usb_serial.o
 .ARM.attributes
                0x00000000000001b2       0x2d ../common/serial_fifo.o
 .ARM.attributes
                0x00000000000001df       0x2d ../common/LPC17xx_Startup.o
 .ARM.attributes
                0x000000000000020c       0x2d ../common/LPC17xx_Interrupts.o
 .ARM.attributes
                0x0000000000000239       0x2d ../common/ubertooth.o
 .ARM.attributes
                0x0000000000000266       0x2d ../common/lpcusb/target/usbcontrol.o
 .ARM.attributes
                0x0000000000000293       0x2d ../common/lpcusb/target/usbinit.o
 .ARM.attributes
                0x00000000000002c0       0x2d ../common/lpcusb/target/usbhw_lpc.o
 .ARM.attributes
                0x00000000000002ed       0x2d ../common/lpcusb/target/usbstdreq.o
 .ARM.attributes
                0x000000000000031a       0x1b /usr/lib/gcc/arm-none-eabi/9.2.1/../../../arm-none-eabi/lib/thumb/v7-m/nofp/libc.a(lib_a-memcpy.o)
 .ARM.attributes
                0x0000000000000335       0x2d /usr/lib/gcc/arm-none-eabi/9.2.1/thumb/v7-m/nofp/crtend.o
 .ARM.attributes
                0x0000000000000362       0x1d /usr/lib/gcc/arm-none-eabi/9.2.1/thumb/v7-m/nofp/crtn.o

.comment        0x0000000000000000       0xa7
 .comment       0x0000000000000000       0x59 /usr/lib/gcc/arm-none-eabi/9.2.1/thumb/v7-m/nofp/crtbegin.o
                                         0x5a (size before relaxing)
 .comment       0x0000000000000059       0x4e /usr/lib/gcc/arm-none-eabi/9.2.1/../../../arm-none-eabi/lib/thumb/v7-m/nofp/libc.a(lib_a-atexit.o)
                                         0x4f (size before relaxing)
 .comment       0x00000000000000a7       0x4f /usr/lib/gcc/arm-none-eabi/9.2.1/../../../arm-none-eabi/lib/thumb/v7-m/nofp/libc.a(lib_a-fini.o)
 .comment       0x00000000000000a7       0x4f /usr/lib/gcc/arm-none-eabi/9.2.1/../../../arm-none-eabi/lib/thumb/v7-m/nofp/libc.a(lib_a-impure.o)
 .comment       0x00000000000000a7       0x4f /usr/lib/gcc/arm-none-eabi/9.2.1/../../../arm-none-eabi/lib/thumb/v7-m/nofp/libc.a(lib_a-init.o)
 .comment       0x00000000000000a7       0x4f /usr/lib/gcc/arm-none-eabi/9.2.1/../../../arm-none-eabi/lib/thumb/v7-m/nofp/libc.a(lib_a-__atexit.o)
 .comment       0x00000000000000a7       0x4f /usr/lib/gcc/arm-none-eabi/9.2.1/../../../arm-none-eabi/lib/thumb/v7-m/nofp/libc.a(lib_a-__call_atexit.o)
 .comment       0x00000000000000a7       0x5a usb_test.o
 .comment       0x00000000000000a7       0x5a ../common/usb_serial.o
 .comment       0x00000000000000a7       0x5a ../common/serial_fifo.o
 .comment       0x00000000000000a7       0x5a ../common/LPC17xx_Startup.o
 .comment       0x00000000000000a7       0x5a ../common/LPC17xx_Interrupts.o
 .comment       0x00000000000000a7       0x5a ../common/ubertooth.o
 .comment       0x00000000000000a7       0x5a ../common/lpcusb/target/usbcontrol.o
 .comment       0x00000000000000a7       0x5a ../common/lpcusb/target/usbinit.o
 .comment       0x00000000000000a7       0x5a ../common/lpcusb/target/usbhw_lpc.o
 .comment       0x00000000000000a7       0x5a ../common/lpcusb/target/usbstdreq.o
 .comment       0x00000000000000a7       0x5a /usr/lib/gcc/arm-none-eabi/9.2.1/thumb/v7-m/nofp/crtend.o

.debug_info     0x0000000000000000     0x656a
 .debug_info    0x0000000000000000      0x995 /usr/lib/gcc/arm-none-eabi/9.2.1/../../../arm-none-eabi/lib/thumb/v7-m/nofp/libc.a(lib_a-atexit.o)
 .debug_info    0x0000000000000995      0x102 /usr/lib/gcc/arm-none-eabi/9.2.1/../../../arm-none-eabi/lib/thumb/v7-m/nofp/libc.a(lib_a-fini.o)
 .debug_info    0x0000000000000a97      0x92a /usr/lib/gcc/arm-none-eabi/9.2.1/../../../arm-none-eabi/lib/thumb/v7-m/nofp/libc.a(lib_a-impure.o)
 .debug_info    0x00000000000013c1      0x11a /usr/lib/gcc/arm-none-eabi/9.2.1/../../../arm-none-eabi/lib/thumb/v7-m/nofp/libc.a(lib_a-init.o)
 .debug_info    0x00000000000014db      0x9d5 /usr/lib/gcc/arm-none-eabi/9.2.1/../../../arm-none-eabi/lib/thumb/v7-m/nofp/libc.a(lib_a-__atexit.o)
 .debug_info    0x0000000000001eb0      0xa56 /usr/lib/gcc/arm-none-eabi/9.2.1/../../../arm-none-eabi/lib/thumb/v7-m/nofp/libc.a(lib_a-__call_atexit.o)
 .debug_info    0x0000000000002906      0x140 usb_test.o
 .debug_info    0x0000000000002a46     0x1200 ../common/usb_serial.o
 .debug_info    0x0000000000003c46      0x1df ../common/serial_fifo.o
 .debug_info    0x0000000000003e25      0x12f ../common/LPC17xx_Startup.o
 .debug_info    0x0000000000003f54       0x85 ../common/LPC17xx_Interrupts.o
 .debug_info    0x0000000000003fd9      0xb51 ../common/ubertooth.o
 .debug_info    0x0000000000004b2a      0x46a ../common/lpcusb/target/usbcontrol.o
 .debug_info    0x0000000000004f94      0x195 ../common/lpcusb/target/usbinit.o
 .debug_info    0x0000000000005129      0xc03 ../common/lpcusb/target/usbhw_lpc.o
 .debug_info    0x0000000000005d2c      0x818 ../common/lpcusb/target/usbstdreq.o
 .debug_info    0x0000000000006544       0x26 /usr/lib/gcc/arm-none-eabi/9.2.1/../../../arm-none-eabi/lib/thumb/v7-m/nofp/libc.a(lib_a-memcpy.o)

.debug_abbrev   0x0000000000000000     0x1ec6
 .debug_abbrev  0x0000000000000000      0x232 /usr/lib/gcc/arm-none-eabi/9.2.1/../../../arm-none-eabi/lib/thumb/v7-m/nofp/libc.a(lib_a-atexit.o)
 .debug_abbrev  0x0000000000000232       0xcf /usr/lib/gcc/arm-none-eabi/9.2.1/../../../arm-none-eabi/lib/thumb/v7-m/nofp/libc.a(lib_a-fini.o)
 .debug_abbrev  0x0000000000000301      0x1b8 /usr/lib/gcc/arm-none-eabi/9.2.1/../../../arm-none-eabi/lib/thumb/v7-m/nofp/libc.a(lib_a-impure.o)
 .debug_abbrev  0x00000000000004b9       0xcc /usr/lib/gcc/arm-none-eabi/9.2.1/../../../arm-none-eabi/lib/thumb/v7-m/nofp/libc.a(lib_a-init.o)
 .debug_abbrev  0x0000000000000585      0x252 /usr/lib/gcc/arm-none-eabi/9.2.1/../../../arm-none-eabi/lib/thumb/v7-m/nofp/libc.a(lib_a-__atexit.o)
 .debug_abbrev  0x00000000000007d7      0x2b2 /usr/lib/gcc/arm-none-eabi/9.2.1/../../../arm-none-eabi/lib/thumb/v7-m/nofp/libc.a(lib_a-__call_atexit.o)
 .debug_abbrev  0x0000000000000a89       0xe0 usb_test.o
 .debug_abbrev  0x0000000000000b69      0x417 ../common/usb_serial.o
 .debug_abbrev  0x0000000000000f80      0x11b ../common/serial_fifo.o
 .debug_abbrev  0x000000000000109b       0xb7 ../common/LPC17xx_Startup.o
 .debug_abbrev  0x0000000000001152       0x86 ../common/LPC17xx_Interrupts.o
 .debug_abbrev  0x00000000000011d8      0x364 ../common/ubertooth.o
 .debug_abbrev  0x000000000000153c      0x252 ../common/lpcusb/target/usbcontrol.o
 .debug_abbrev  0x000000000000178e       0xf6 ../common/lpcusb/target/usbinit.o
 .debug_abbrev  0x0000000000001884      0x323 ../common/lpcusb/target/usbhw_lpc.o
 .debug_abbrev  0x0000000000001ba7      0x30b ../common/lpcusb/target/usbstdreq.o
 .debug_abbrev  0x0000000000001eb2       0x14 /usr/lib/gcc/arm-none-eabi/9.2.1/../../../arm-none-eabi/lib/thumb/v7-m/nofp/libc.a(lib_a-memcpy.o)

.debug_loc      0x0000000000000000     0x2407
 .debug_loc     0x0000000000000000       0x32 /usr/lib/gcc/arm-none-eabi/9.2.1/../../../arm-none-eabi/lib/thumb/v7-m/nofp/libc.a(lib_a-atexit.o)
 .debug_loc     0x0000000000000032       0x68 /usr/lib/gcc/arm-none-eabi/9.2.1/../../../arm-none-eabi/lib/thumb/v7-m/nofp/libc.a(lib_a-fini.o)
 .debug_loc     0x000000000000009a       0xba /usr/lib/gcc/arm-none-eabi/9.2.1/../../../arm-none-eabi/lib/thumb/v7-m/nofp/libc.a(lib_a-init.o)
 .debug_loc     0x0000000000000154      0x138 /usr/lib/gcc/arm-none-eabi/9.2.1/../../../arm-none-eabi/lib/thumb/v7-m/nofp/libc.a(lib_a-__atexit.o)
 .debug_loc     0x000000000000028c      0x14a /usr/lib/gcc/arm-none-eabi/9.2.1/../../../arm-none-eabi/lib/thumb/v7-m/nofp/libc.a(lib_a-__call_atexit.o)
 .debug_loc     0x00000000000003d6       0x15 usb_test.o
 .debug_loc     0x00000000000003eb      0x386 ../common/usb_serial.o
 .debug_loc     0x0000000000000771      0x113 ../common/serial_fifo.o
 .debug_loc     0x0000000000000884       0xb2 ../common/LPC17xx_Startup.o
 .debug_loc     0x0000000000000936      0x75b ../common/ubertooth.o
 .debug_loc     0x0000000000001091      0x18a ../common/lpcusb/target/usbcontrol.o
 .debug_loc     0x000000000000121b      0x864 ../common/lpcusb/target/usbhw_lpc.o
 .debug_loc     0x0000000000001a7f      0x988 ../common/lpcusb/target/usbstdreq.o

.debug_aranges  0x0000000000000000      0x478
 .debug_aranges
                0x0000000000000000       0x20 /usr/lib/gcc/arm-none-eabi/9.2.1/../../../arm-none-eabi/lib/thumb/v7-m/nofp/libc.a(lib_a-atexit.o)
 .debug_aranges
                0x0000000000000020       0x20 /usr/lib/gcc/arm-none-eabi/9.2.1/../../../arm-none-eabi/lib/thumb/v7-m/nofp/libc.a(lib_a-fini.o)
 .debug_aranges
                0x0000000000000040       0x18 /usr/lib/gcc/arm-none-eabi/9.2.1/../../../arm-none-eabi/lib/thumb/v7-m/nofp/libc.a(lib_a-impure.o)
 .debug_aranges
                0x0000000000000058       0x20 /usr/lib/gcc/arm-none-eabi/9.2.1/../../../arm-none-eabi/lib/thumb/v7-m/nofp/libc.a(lib_a-init.o)
 .debug_aranges
                0x0000000000000078       0x20 /usr/lib/gcc/arm-none-eabi/9.2.1/../../../arm-none-eabi/lib/thumb/v7-m/nofp/libc.a(lib_a-__atexit.o)
 .debug_aranges
                0x0000000000000098       0x28 /usr/lib/gcc/arm-none-eabi/9.2.1/../../../arm-none-eabi/lib/thumb/v7-m/nofp/libc.a(lib_a-__call_atexit.o)
 .debug_aranges
                0x00000000000000c0       0x20 usb_test.o
 .debug_aranges
                0x00000000000000e0       0x70 ../common/usb_serial.o
 .debug_aranges
                0x0000000000000150       0x40 ../common/serial_fifo.o
 .debug_aranges
                0x0000000000000190       0x20 ../common/LPC17xx_Startup.o
 .debug_aranges
                0x00000000000001b0       0x20 ../common/LPC17xx_Interrupts.o
 .debug_aranges
                0x00000000000001d0      0x100 ../common/ubertooth.o
 .debug_aranges
                0x00000000000002d0       0x38 ../common/lpcusb/target/usbcontrol.o
 .debug_aranges
                0x0000000000000308       0x28 ../common/lpcusb/target/usbinit.o
 .debug_aranges
                0x0000000000000330       0xd8 ../common/lpcusb/target/usbhw_lpc.o
 .debug_aranges
                0x0000000000000408       0x50 ../common/lpcusb/target/usbstdreq.o
 .debug_aranges
                0x0000000000000458       0x20 /usr/lib/gcc/arm-none-eabi/9.2.1/../../../arm-none-eabi/lib/thumb/v7-m/nofp/libc.a(lib_a-memcpy.o)

.debug_line     0x0000000000000000     0x2e2c
 .debug_line    0x0000000000000000      0x14a /usr/lib/gcc/arm-none-eabi/9.2.1/../../../arm-none-eabi/lib/thumb/v7-m/nofp/libc.a(lib_a-atexit.o)
 .debug_line    0x000000000000014a       0xd7 /usr/lib/gcc/arm-none-eabi/9.2.1/../../../arm-none-eabi/lib/thumb/v7-m/nofp/libc.a(lib_a-fini.o)
 .debug_line    0x0000000000000221       0xe3 /usr/lib/gcc/arm-none-eabi/9.2.1/../../../arm-none-eabi/lib/thumb/v7-m/nofp/libc.a(lib_a-impure.o)
 .debug_line    0x0000000000000304      0x114 /usr/lib/gcc/arm-none-eabi/9.2.1/../../../arm-none-eabi/lib/thumb/v7-m/nofp/libc.a(lib_a-init.o)
 .debug_line    0x0000000000000418      0x1e7 /usr/lib/gcc/arm-none-eabi/9.2.1/../../../arm-none-eabi/lib/thumb/v7-m/nofp/libc.a(lib_a-__atexit.o)
 .debug_line    0x00000000000005ff      0x23d /usr/lib/gcc/arm-none-eabi/9.2.1/../../../arm-none-eabi/lib/thumb/v7-m/nofp/libc.a(lib_a-__call_atexit.o)
 .debug_line    0x000000000000083c       0xd1 usb_test.o
 .debug_line    0x000000000000090d      0x3d3 ../common/usb_serial.o
 .debug_line    0x0000000000000ce0      0x173 ../common/serial_fifo.o
 .debug_line    0x0000000000000e53       0xdf ../common/LPC17xx_Startup.o
 .debug_line    0x0000000000000f32       0x65 ../common/LPC17xx_Interrupts.o
 .debug_line    0x0000000000000f97      0xbbf ../common/ubertooth.o
 .debug_line    0x0000000000001b56      0x26a ../common/lpcusb/target/usbcontrol.o
 .debug_line    0x0000000000001dc0       0xaa ../common/lpcusb/target/usbinit.o
 .debug_line    0x0000000000001e6a      0x9f8 ../common/lpcusb/target/usbhw_lpc.o
 .debug_line    0x0000000000002862      0x509 ../common/lpcusb/target/usbstdreq.o
 .debug_line    0x0000000000002d6b       0xc1 /usr/lib/gcc/arm-none-eabi/9.2.1/../../../arm-none-eabi/lib/thumb/v7-m/nofp/libc.a(lib_a-memcpy.o)

.debug_str      0x0000000000000000     0x1839
 .debug_str     0x0000000000000000      0x56f /usr/lib/gcc/arm-none-eabi/9.2.1/../../../arm-none-eabi/lib/thumb/v7-m/nofp/libc.a(lib_a-atexit.o)
                                        0x5e3 (size before relaxing)
 .debug_str     0x000000000000056f       0xc4 /usr/lib/gcc/arm-none-eabi/9.2.1/../../../arm-none-eabi/lib/thumb/v7-m/nofp/libc.a(lib_a-fini.o)
                                        0x1f2 (size before relaxing)
 .debug_str     0x0000000000000633       0x97 /usr/lib/gcc/arm-none-eabi/9.2.1/../../../arm-none-eabi/lib/thumb/v7-m/nofp/libc.a(lib_a-impure.o)
                                        0x598 (size before relaxing)
 .debug_str     0x00000000000006ca       0x90 /usr/lib/gcc/arm-none-eabi/9.2.1/../../../arm-none-eabi/lib/thumb/v7-m/nofp/libc.a(lib_a-init.o)
                                        0x21c (size before relaxing)
 .debug_str     0x000000000000075a       0x54 /usr/lib/gcc/arm-none-eabi/9.2.1/../../../arm-none-eabi/lib/thumb/v7-m/nofp/libc.a(lib_a-__atexit.o)
                                        0x601 (size before relaxing)
 .debug_str     0x00000000000007ae       0x79 /usr/lib/gcc/arm-none-eabi/9.2.1/../../../arm-none-eabi/lib/thumb/v7-m/nofp/libc.a(lib_a-__call_atexit.o)
                                        0x614 (size before relaxing)
 .debug_str     0x0000000000000827      0x225 usb_test.o
                                        0x2a9 (size before relaxing)
 .debug_str     0x0000000000000a4c      0x31e ../common/usb_serial.o
                                        0x915 (size before relaxing)
 .debug_str     0x0000000000000d6a       0x18 ../common/serial_fifo.o
                                        0x24c (size before relaxing)
 .debug_str     0x0000000000000d82       0xfa ../common/LPC17xx_Startup.o
                                        0x2b7 (size before relaxing)
 .debug_str     0x0000000000000e7c       0x51 ../common/LPC17xx_Interrupts.o
                                        0x21d (size before relaxing)
 .debug_str     0x0000000000000ecd      0x1b5 ../common/ubertooth.o
                                        0x43f (size before relaxing)
 .debug_str     0x0000000000001082       0xf0 ../common/lpcusb/target/usbcontrol.o
                                        0x378 (size before relaxing)
 .debug_str     0x0000000000001172       0x56 ../common/lpcusb/target/usbinit.o
                                        0x2a0 (size before relaxing)
 .debug_str     0x00000000000011c8      0x347 ../common/lpcusb/target/usbhw_lpc.o
                                        0x656 (size before relaxing)
 .debug_str     0x000000000000150f      0x27d ../common/lpcusb/target/usbstdreq.o
                                        0x55a (size before relaxing)
 .debug_str     0x000000000000178c       0xad /usr/lib/gcc/arm-none-eabi/9.2.1/../../../arm-none-eabi/lib/thumb/v7-m/nofp/libc.a(lib_a-memcpy.o)

.debug_frame    0x0000000000000000      0x968
 .debug_frame   0x0000000000000000       0x20 /usr/lib/gcc/arm-none-eabi/9.2.1/../../../arm-none-eabi/lib/thumb/v7-m/nofp/libc.a(lib_a-atexit.o)
 .debug_frame   0x0000000000000020       0x34 /usr/lib/gcc/arm-none-eabi/9.2.1/../../../arm-none-eabi/lib/thumb/v7-m/nofp/libc.a(lib_a-fini.o)
 .debug_frame   0x0000000000000054       0x2c /usr/lib/gcc/arm-none-eabi/9.2.1/../../../arm-none-eabi/lib/thumb/v7-m/nofp/libc.a(lib_a-init.o)
 .debug_frame   0x0000000000000080       0x38 /usr/lib/gcc/arm-none-eabi/9.2.1/../../../arm-none-eabi/lib/thumb/v7-m/nofp/libc.a(lib_a-__atexit.o)
 .debug_frame   0x00000000000000b8       0x50 /usr/lib/gcc/arm-none-eabi/9.2.1/../../../arm-none-eabi/lib/thumb/v7-m/nofp/libc.a(lib_a-__call_atexit.o)
 .debug_frame   0x0000000000000108       0x2c usb_test.o
 .debug_frame   0x0000000000000134      0x128 ../common/usb_serial.o
 .debug_frame   0x000000000000025c       0x70 ../common/serial_fifo.o
 .debug_frame   0x00000000000002cc       0x28 ../common/LPC17xx_Startup.o
 .debug_frame   0x00000000000002f4       0x20 ../common/LPC17xx_Interrupts.o
 .debug_frame   0x0000000000000314      0x2c0 ../common/ubertooth.o
 .debug_frame   0x00000000000005d4       0x8c ../common/lpcusb/target/usbcontrol.o
 .debug_frame   0x0000000000000660       0x38 ../common/lpcusb/target/usbinit.o
 .debug_frame   0x0000000000000698      0x210 ../common/lpcusb/target/usbhw_lpc.o
 .debug_frame   0x00000000000008a8       0xc0 ../common/lpcusb/target/usbstdreq.o

.debug_ranges   0x0000000000000000      0x4b8
 .debug_ranges  0x0000000000000000       0x38 /usr/lib/gcc/arm-none-eabi/9.2.1/../../../arm-none-eabi/lib/thumb/v7-m/nofp/libc.a(lib_a-__call_atexit.o)
 .debug_ranges  0x0000000000000038       0x10 usb_test.o
 .debug_ranges  0x0000000000000048       0x98 ../common/usb_serial.o
 .debug_ranges  0x00000000000000e0       0x30 ../common/serial_fifo.o
 .debug_ranges  0x0000000000000110       0x10 ../common/LPC17xx_Startup.o
 .debug_ranges  0x0000000000000120       0x10 ../common/LPC17xx_Interrupts.o
 .debug_ranges  0x0000000000000130      0x130 ../common/ubertooth.o
 .debug_ranges  0x0000000000000260       0x40 ../common/lpcusb/target/usbcontrol.o
 .debug_ranges  0x00000000000002a0       0x18 ../common/lpcusb/target/usbinit.o
 .debug_ranges  0x00000000000002b8      0x118 ../common/lpcusb/target/usbhw_lpc.o
 .debug_ranges  0x00000000000003d0       0xe8 ../common/lpcusb/target/usbstdreq.o
