Archive member included to satisfy reference by file (symbol)

/usr/lib/gcc/arm-none-eabi/9.2.1/../../../arm-none-eabi/lib/thumb/v7-m/nofp/libc.a(lib_a-atexit.o)
                              /usr/lib/gcc/arm-none-eabi/9.2.1/../../../arm-none-eabi/lib/thumb/v7-m/nofp/crt0.o (atexit)
/usr/lib/gcc/arm-none-eabi/9.2.1/../../../arm-none-eabi/lib/thumb/v7-m/nofp/libc.a(lib_a-exit.o)
                              /usr/lib/gcc/arm-none-eabi/9.2.1/../../../arm-none-eabi/lib/thumb/v7-m/nofp/crt0.o (exit)
/usr/lib/gcc/arm-none-eabi/9.2.1/../../../arm-none-eabi/lib/thumb/v7-m/nofp/libc.a(lib_a-fini.o)
                              /usr/lib/gcc/arm-none-eabi/9.2.1/../../../arm-none-eabi/lib/thumb/v7-m/nofp/crt0.o (__libc_fini_array)
/usr/lib/gcc/arm-none-eabi/9.2.1/../../../arm-none-eabi/lib/thumb/v7-m/nofp/libc.a(lib_a-impure.o)
                              /usr/lib/gcc/arm-none-eabi/9.2.1/../../../arm-none-eabi/lib/thumb/v7-m/nofp/libc.a(lib_a-exit.o) (_global_impure_ptr)
/usr/lib/gcc/arm-none-eabi/9.2.1/../../../arm-none-eabi/lib/thumb/v7-m/nofp/libc.a(lib_a-init.o)
                              /usr/lib/gcc/arm-none-eabi/9.2.1/../../../arm-none-eabi/lib/thumb/v7-m/nofp/crt0.o (__libc_init_array)
/usr/lib/gcc/arm-none-eabi/9.2.1/../../../arm-none-eabi/lib/thumb/v7-m/nofp/libc.a(lib_a-memset.o)
                              /usr/lib/gcc/arm-none-eabi/9.2.1/../../../arm-none-eabi/lib/thumb/v7-m/nofp/crt0.o (memset)
/usr/lib/gcc/arm-none-eabi/9.2.1/../../../arm-none-eabi/lib/thumb/v7-m/nofp/libc.a(lib_a-__atexit.o)
                              /usr/lib/gcc/arm-none-eabi/9.2.1/../../../arm-none-eabi/lib/thumb/v7-m/nofp/libc.a(lib_a-atexit.o) (__register_exitproc)
/usr/lib/gcc/arm-none-eabi/9.2.1/../../../arm-none-eabi/lib/thumb/v7-m/nofp/libc.a(lib_a-__call_atexit.o)
                              /usr/lib/gcc/arm-none-eabi/9.2.1/../../../arm-none-eabi/lib/thumb/v7-m/nofp/libc.a(lib_a-exit.o) (__call_exitprocs)
/usr/lib/gcc/arm-none-eabi/9.2.1/../../../arm-none-eabi/lib/thumb/v7-m/nofp/libc.a(lib_a-memcpy.o)
                              dfu.o (memcpy)
/usr/lib/gcc/arm-none-eabi/9.2.1/../../../arm-none-eabi/lib/thumb/v7-m/nofp/libnosys.a(_exit.o)
                              /usr/lib/gcc/arm-none-eabi/9.2.1/../../../arm-none-eabi/lib/thumb/v7-m/nofp/libc.a(lib_a-exit.o) (_exit)

Discarded input sections

 .group         0x0000000000000000        0xc bootloader.o
 .group         0x0000000000000000        0xc bootloader.o
 .group         0x0000000000000000        0xc bootloader.o
 .group         0x0000000000000000        0xc bootloader.o
 .group         0x0000000000000000        0xc bootloader.o
 .group         0x0000000000000000        0xc bootloader.o
 .group         0x0000000000000000        0xc bootloader.o
 .group         0x0000000000000000        0xc bootloader.o
 .group         0x0000000000000000        0xc bootloader.o
 .group         0x0000000000000000        0xc bootloader.o
 .group         0x0000000000000000        0xc bootloader.o
 .group         0x0000000000000000        0xc bootloader.o
 .group         0x0000000000000000        0xc dfu.o
 .group         0x0000000000000000        0xc dfu.o
 .group         0x0000000000000000        0xc dfu.o
 .group         0x0000000000000000        0xc dfu.o
 .group         0x0000000000000000        0xc dfu.o
 .group         0x0000000000000000        0xc dfu.o
 .group         0x0000000000000000        0xc dfu.o
 .group         0x0000000000000000        0xc dfu.o
 .group         0x0000000000000000        0xc dfu.o
 .group         0x0000000000000000        0xc dfu.o
 .group         0x0000000000000000        0xc dfu.o
 .group         0x0000000000000000        0xc dfu.o
 .group         0x0000000000000000        0xc dfu.o
 .group         0x0000000000000000        0xc dfu.o
 .group         0x0000000000000000        0xc dfu.o
 .group         0x0000000000000000        0xc dfu.o
 .group         0x0000000000000000        0xc dfu.o
 .group         0x0000000000000000        0xc dfu.o
 .group         0x0000000000000000        0xc dfu.o
 .group         0x0000000000000000        0xc dfu.o
 .group         0x0000000000000000        0xc dfu.o
 .group         0x0000000000000000        0xc dfu.o
 .debug_macro   0x0000000000000000      0xb6e dfu.o
 .debug_macro   0x0000000000000000      0x34e dfu.o
 .debug_macro   0x0000000000000000       0x28 dfu.o
 .debug_macro   0x0000000000000000       0x10 dfu.o
 .group         0x0000000000000000        0xc iap.o
 .group         0x0000000000000000        0xc iap.o
 .debug_macro   0x0000000000000000      0xb6e iap.o
 .debug_macro   0x0000000000000000      0x34e iap.o

Memory Configuration

Name             Origin             Length             Attributes
rom              0x0000000000000000 0x0000000000004000 xr
ram              0x0000000010000000 0x0000000000004000 xrw
*default*        0x0000000000000000 0xffffffffffffffff

Linker script and memory map

LOAD /usr/lib/gcc/arm-none-eabi/9.2.1/thumb/v7-m/nofp/crti.o
LOAD /usr/lib/gcc/arm-none-eabi/9.2.1/thumb/v7-m/nofp/crtbegin.o
LOAD /usr/lib/gcc/arm-none-eabi/9.2.1/../../../arm-none-eabi/lib/thumb/v7-m/nofp/crt0.o
START GROUP
LOAD /usr/lib/gcc/arm-none-eabi/9.2.1/../../../arm-none-eabi/lib/thumb/v7-m/nofp/libc.a
LOAD /usr/lib/gcc/arm-none-eabi/9.2.1/../../../arm-none-eabi/lib/thumb/v7-m/nofp/libg.a
LOAD /usr/lib/gcc/arm-none-eabi/9.2.1/../../../arm-none-eabi/lib/thumb/v7-m/nofp/libstdc++.a
LOAD /usr/lib/gcc/arm-none-eabi/9.2.1/../../../arm-none-eabi/lib/thumb/v7-m/nofp/libsupc++.a
LOAD /usr/lib/gcc/arm-none-eabi/9.2.1/thumb/v7-m/nofp/libgcc.a
LOAD /usr/lib/gcc/arm-none-eabi/9.2.1/../../../arm-none-eabi/lib/thumb/v7-m/nofp/libm.a
END GROUP
LOAD ../common/LPC17xx_Startup.o
LOAD ../common/LPC17xx_Interrupts.o
LOAD ../common/ubertooth.o
LOAD ../common/lpcusb/target/usbcontrol.o
LOAD ../common/lpcusb/target/usbinit.o
LOAD ../common/lpcusb/target/usbhw_lpc.o
LOAD ../common/lpcusb/target/usbstdreq.o
LOAD bootloader.o
LOAD dfu.o
LOAD iap.o
START GROUP
LOAD /usr/lib/gcc/arm-none-eabi/9.2.1/thumb/v7-m/nofp/libgcc.a
LOAD /usr/lib/gcc/arm-none-eabi/9.2.1/../../../arm-none-eabi/lib/thumb/v7-m/nofp/libc.a
END GROUP
LOAD /usr/lib/gcc/arm-none-eabi/9.2.1/thumb/v7-m/nofp/crtend.o
LOAD /usr/lib/gcc/arm-none-eabi/9.2.1/thumb/v7-m/nofp/crtn.o
START GROUP
LOAD /usr/lib/gcc/arm-none-eabi/9.2.1/thumb/v7-m/nofp/libgcc.a
LOAD /usr/lib/gcc/arm-none-eabi/9.2.1/../../../arm-none-eabi/lib/thumb/v7-m/nofp/libc.a
LOAD /usr/lib/gcc/arm-none-eabi/9.2.1/../../../arm-none-eabi/lib/thumb/v7-m/nofp/libm.a
LOAD /usr/lib/gcc/arm-none-eabi/9.2.1/../../../arm-none-eabi/lib/thumb/v7-m/nofp/libnosys.a
END GROUP

.text           0x0000000000000000     0x19b8
                0x0000000000000000                . = ALIGN (0x400)
                0x0000000000000000                _interrupt_vector_table = .
 *(.irq_handler_table)
 .irq_handler_table
                0x0000000000000000       0xcc ../common/LPC17xx_Interrupts.o
                0x0000000000000000                _NVIC_Handler_Functions
 *(.text .text.* .gnu.linkonce.t.*)
 .text          0x00000000000000cc        0x0 /usr/lib/gcc/arm-none-eabi/9.2.1/thumb/v7-m/nofp/crti.o
 .text          0x00000000000000cc       0x88 /usr/lib/gcc/arm-none-eabi/9.2.1/thumb/v7-m/nofp/crtbegin.o
 .text          0x0000000000000154       0x70 /usr/lib/gcc/arm-none-eabi/9.2.1/../../../arm-none-eabi/lib/thumb/v7-m/nofp/crt0.o
                0x0000000000000154                _stack_init
                0x000000000000015c                _mainCRTStartup
                0x000000000000015c                _start
 .text          0x00000000000001c4        0xc /usr/lib/gcc/arm-none-eabi/9.2.1/../../../arm-none-eabi/lib/thumb/v7-m/nofp/libc.a(lib_a-atexit.o)
                0x00000000000001c4                atexit
 .text          0x00000000000001d0       0x20 /usr/lib/gcc/arm-none-eabi/9.2.1/../../../arm-none-eabi/lib/thumb/v7-m/nofp/libc.a(lib_a-exit.o)
                0x00000000000001d0                exit
 .text          0x00000000000001f0       0x34 /usr/lib/gcc/arm-none-eabi/9.2.1/../../../arm-none-eabi/lib/thumb/v7-m/nofp/libc.a(lib_a-fini.o)
                0x00000000000001f0                __libc_fini_array
 .text          0x0000000000000224        0x0 /usr/lib/gcc/arm-none-eabi/9.2.1/../../../arm-none-eabi/lib/thumb/v7-m/nofp/libc.a(lib_a-impure.o)
 .text          0x0000000000000224       0x48 /usr/lib/gcc/arm-none-eabi/9.2.1/../../../arm-none-eabi/lib/thumb/v7-m/nofp/libc.a(lib_a-init.o)
                0x0000000000000224                __libc_init_array
 .text          0x000000000000026c       0xa0 /usr/lib/gcc/arm-none-eabi/9.2.1/../../../arm-none-eabi/lib/thumb/v7-m/nofp/libc.a(lib_a-memset.o)
                0x000000000000026c                memset
 .text          0x000000000000030c       0x64 /usr/lib/gcc/arm-none-eabi/9.2.1/../../../arm-none-eabi/lib/thumb/v7-m/nofp/libc.a(lib_a-__atexit.o)
                0x000000000000030c                __register_exitproc
 .text          0x0000000000000370       0x9c /usr/lib/gcc/arm-none-eabi/9.2.1/../../../arm-none-eabi/lib/thumb/v7-m/nofp/libc.a(lib_a-__call_atexit.o)
                0x0000000000000370                __call_exitprocs
 .text.startup  0x000000000000040c       0x14 /usr/lib/gcc/arm-none-eabi/9.2.1/../../../arm-none-eabi/lib/thumb/v7-m/nofp/libc.a(lib_a-__call_atexit.o)
 .text          0x0000000000000420        0x0 ../common/LPC17xx_Startup.o
 .text.Reset_Handler
                0x0000000000000420       0x54 ../common/LPC17xx_Startup.o
                0x0000000000000420                Reset_Handler
 .text          0x0000000000000474        0x0 ../common/LPC17xx_Interrupts.o
 .text.Default_Handler
                0x0000000000000474        0x2 ../common/LPC17xx_Interrupts.o
                0x0000000000000474                TIMER2_IRQHandler
                0x0000000000000474                DebugMon_Handler
                0x0000000000000474                RIT_IRQHandler
                0x0000000000000474                I2C0_IRQHandler
                0x0000000000000474                HardFault_Handler
                0x0000000000000474                SysTick_Handler
                0x0000000000000474                PWM1_IRQHandler
                0x0000000000000474                PendSV_Handler
                0x0000000000000474                NMI_Handler
                0x0000000000000474                I2C1_IRQHandler
                0x0000000000000474                EINT2_IRQHandler
                0x0000000000000474                UART1_IRQHandler
                0x0000000000000474                EINT3_IRQHandler
                0x0000000000000474                TIMER3_IRQHandler
                0x0000000000000474                UART0_IRQHandler
                0x0000000000000474                MemManagement_Handler
                0x0000000000000474                UsageFault_Handler
                0x0000000000000474                PLL0_IRQHandler
                0x0000000000000474                CAN_IRQHandler
                0x0000000000000474                PLL1_IRQHandler
                0x0000000000000474                SSP0_IRQHandler
                0x0000000000000474                I2S_IRQHandler
                0x0000000000000474                I2C2_IRQHandler
                0x0000000000000474                RTC_IRQHandler
                0x0000000000000474                TIMER0_IRQHandler
                0x0000000000000474                SPI_IRQHandler
                0x0000000000000474                EINT1_IRQHandler
                0x0000000000000474                TIMER1_IRQHandler
                0x0000000000000474                UART2_IRQHandler
                0x0000000000000474                ADC_IRQHandler
                0x0000000000000474                SSP1_IRQHandler
                0x0000000000000474                USB_IRQHandler
                0x0000000000000474                BOD_IRQHandler
                0x0000000000000474                WDT_IRQHandler
                0x0000000000000474                SVC_Handler
                0x0000000000000474                QEI_IRQHandler
                0x0000000000000474                EINT0_IRQHandler
                0x0000000000000474                USBACT_IRQHandler
                0x0000000000000474                CANACT_IRQHandler
                0x0000000000000474                DMA_IRQHandler
                0x0000000000000474                BusFault_Handler
                0x0000000000000474                UART3_IRQHandler
                0x0000000000000474                MCPWM_IRQHandler
                0x0000000000000474                ENET_IRQHandler
 .text          0x0000000000000476        0x0 ../common/ubertooth.o
 *fill*         0x0000000000000476        0x2 
 .text.spi_delay
                0x0000000000000478       0x18 ../common/ubertooth.o
 .text.rbit     0x0000000000000490        0x6 ../common/ubertooth.o
                0x0000000000000490                rbit
 *fill*         0x0000000000000496        0x2 
 .text.wait_us  0x0000000000000498       0x2c ../common/ubertooth.o
                0x0000000000000498                wait_us
 .text.wait     0x00000000000004c4        0xc ../common/ubertooth.o
                0x00000000000004c4                wait
 .text.wait_ms  0x00000000000004d0        0xa ../common/ubertooth.o
                0x00000000000004d0                wait_ms
 *fill*         0x00000000000004da        0x2 
 .text.all_pins_off
                0x00000000000004dc       0x54 ../common/ubertooth.o
                0x00000000000004dc                all_pins_off
 .text.gpio_init
                0x0000000000000530       0x34 ../common/ubertooth.o
                0x0000000000000530                gpio_init
 .text.dio_ssp_init
                0x0000000000000564       0x54 ../common/ubertooth.o
                0x0000000000000564                dio_ssp_init
 .text.atest_init
                0x00000000000005b8       0x34 ../common/ubertooth.o
                0x00000000000005b8                atest_init
 .text.cc2400_spi
                0x00000000000005ec       0x50 ../common/ubertooth.o
                0x00000000000005ec                cc2400_spi
 .text.cc2400_init
                0x000000000000063c       0x38 ../common/ubertooth.o
                0x000000000000063c                cc2400_init
 .text.cc2400_get
                0x0000000000000674       0x12 ../common/ubertooth.o
                0x0000000000000674                cc2400_get
 .text.cc2400_set
                0x0000000000000686        0xa ../common/ubertooth.o
                0x0000000000000686                cc2400_set
 .text.cc2400_get8
                0x0000000000000690       0x12 ../common/ubertooth.o
                0x0000000000000690                cc2400_get8
 .text.cc2400_set8
                0x00000000000006a2        0xa ../common/ubertooth.o
                0x00000000000006a2                cc2400_set8
 .text.cc2400_fifo_write
                0x00000000000006ac       0x80 ../common/ubertooth.o
                0x00000000000006ac                cc2400_fifo_write
 .text.cc2400_fifo_read
                0x000000000000072c       0x8c ../common/ubertooth.o
                0x000000000000072c                cc2400_fifo_read
 .text.cc2400_status
                0x00000000000007b8        0xe ../common/ubertooth.o
                0x00000000000007b8                cc2400_status
 .text.cc2400_strobe
                0x00000000000007c6        0xe ../common/ubertooth.o
                0x00000000000007c6                cc2400_strobe
 .text.cc2400_reset
                0x00000000000007d4       0x2c ../common/ubertooth.o
                0x00000000000007d4                cc2400_reset
 .text.clock_start
                0x0000000000000800      0x144 ../common/ubertooth.o
                0x0000000000000800                clock_start
 .text.ubertooth_init
                0x0000000000000944       0x12 ../common/ubertooth.o
                0x0000000000000944                ubertooth_init
 *fill*         0x0000000000000956        0x2 
 .text.reset    0x0000000000000958       0x38 ../common/ubertooth.o
                0x0000000000000958                reset
 .text.cc2400_tune_rx
                0x0000000000000990        0xa ../common/ubertooth.o
                0x0000000000000990                cc2400_tune_rx
 .text.cc2400_tune_tx
                0x000000000000099a        0x8 ../common/ubertooth.o
                0x000000000000099a                cc2400_tune_tx
 .text.cc2400_hop_rx
                0x00000000000009a2       0x38 ../common/ubertooth.o
                0x00000000000009a2                cc2400_hop_rx
 .text.cc2400_hop_tx
                0x00000000000009da        0x4 ../common/ubertooth.o
                0x00000000000009da                cc2400_hop_tx
 *fill*         0x00000000000009de        0x2 
 .text.get_part_num
                0x00000000000009e0       0x34 ../common/ubertooth.o
                0x00000000000009e0                get_part_num
 .text.get_device_serial
                0x0000000000000a14       0x64 ../common/ubertooth.o
                0x0000000000000a14                get_device_serial
 .text.set_isp  0x0000000000000a78       0x1c ../common/ubertooth.o
                0x0000000000000a78                set_isp
 .text          0x0000000000000a94        0x0 ../common/lpcusb/target/usbcontrol.o
 .text.DataIn   0x0000000000000a94       0x28 ../common/lpcusb/target/usbcontrol.o
 .text._HandleRequest.constprop.0
                0x0000000000000abc       0x4c ../common/lpcusb/target/usbcontrol.o
 .text.USBHandleControlTransfer
                0x0000000000000b08       0xa0 ../common/lpcusb/target/usbcontrol.o
                0x0000000000000b08                USBHandleControlTransfer
 .text.USBRegisterRequestHandler
                0x0000000000000ba8       0x10 ../common/lpcusb/target/usbcontrol.o
                0x0000000000000ba8                USBRegisterRequestHandler
 .text          0x0000000000000bb8        0x0 ../common/lpcusb/target/usbinit.o
 .text.HandleUsbReset
                0x0000000000000bb8        0x2 ../common/lpcusb/target/usbinit.o
 *fill*         0x0000000000000bba        0x2 
 .text.USBInit  0x0000000000000bbc       0x4c ../common/lpcusb/target/usbinit.o
                0x0000000000000bbc                USBInit
 .text          0x0000000000000c08        0x0 ../common/lpcusb/target/usbhw_lpc.o
 .text.Wait4DevInt
                0x0000000000000c08       0x18 ../common/lpcusb/target/usbhw_lpc.o
 .text.USBHwCmd
                0x0000000000000c20       0x18 ../common/lpcusb/target/usbhw_lpc.o
 .text.USBHwCmdWrite
                0x0000000000000c38       0x20 ../common/lpcusb/target/usbhw_lpc.o
 .text.USBHwEPConfig
                0x0000000000000c58       0x3c ../common/lpcusb/target/usbhw_lpc.o
                0x0000000000000c58                USBHwEPConfig
 .text.USBHwRegisterEPIntHandler
                0x0000000000000c94       0x34 ../common/lpcusb/target/usbhw_lpc.o
                0x0000000000000c94                USBHwRegisterEPIntHandler
 .text.USBHwRegisterDevIntHandler
                0x0000000000000cc8       0x18 ../common/lpcusb/target/usbhw_lpc.o
                0x0000000000000cc8                USBHwRegisterDevIntHandler
 .text.USBHwRegisterFrameHandler
                0x0000000000000ce0       0x18 ../common/lpcusb/target/usbhw_lpc.o
                0x0000000000000ce0                USBHwRegisterFrameHandler
 .text.USBHwSetAddress
                0x0000000000000cf8        0xa ../common/lpcusb/target/usbhw_lpc.o
                0x0000000000000cf8                USBHwSetAddress
 .text.USBHwConnect
                0x0000000000000d02        0xc ../common/lpcusb/target/usbhw_lpc.o
                0x0000000000000d02                USBHwConnect
 .text.USBHwNakIntEnable
                0x0000000000000d0e        0x8 ../common/lpcusb/target/usbhw_lpc.o
                0x0000000000000d0e                USBHwNakIntEnable
 *fill*         0x0000000000000d16        0x2 
 .text.USBHwEPGetStatus
                0x0000000000000d18       0x34 ../common/lpcusb/target/usbhw_lpc.o
                0x0000000000000d18                USBHwEPGetStatus
 .text.USBHwEPStall
                0x0000000000000d4c       0x18 ../common/lpcusb/target/usbhw_lpc.o
                0x0000000000000d4c                USBHwEPStall
 .text.USBHwEPWrite
                0x0000000000000d64       0x50 ../common/lpcusb/target/usbhw_lpc.o
                0x0000000000000d64                USBHwEPWrite
 .text.USBHwEPRead
                0x0000000000000db4       0x70 ../common/lpcusb/target/usbhw_lpc.o
                0x0000000000000db4                USBHwEPRead
 .text.USBHwISOCEPRead
                0x0000000000000e24       0x88 ../common/lpcusb/target/usbhw_lpc.o
                0x0000000000000e24                USBHwISOCEPRead
 .text.USBHwConfigDevice
                0x0000000000000eac        0xc ../common/lpcusb/target/usbhw_lpc.o
                0x0000000000000eac                USBHwConfigDevice
 .text.USBHwISR
                0x0000000000000eb8       0xcc ../common/lpcusb/target/usbhw_lpc.o
                0x0000000000000eb8                USBHwISR
 .text.USBHwInit
                0x0000000000000f84       0xb4 ../common/lpcusb/target/usbhw_lpc.o
                0x0000000000000f84                USBHwInit
 .text.USBSetupDMADescriptor
                0x0000000000001038       0x48 ../common/lpcusb/target/usbhw_lpc.o
                0x0000000000001038                USBSetupDMADescriptor
 .text.USBDisableDMAForEndpoint
                0x0000000000001080       0x1c ../common/lpcusb/target/usbhw_lpc.o
                0x0000000000001080                USBDisableDMAForEndpoint
 .text.USBEnableDMAForEndpoint
                0x000000000000109c       0x1c ../common/lpcusb/target/usbhw_lpc.o
                0x000000000000109c                USBEnableDMAForEndpoint
 .text.USBInitializeISOCFrameArray
                0x00000000000010b8       0x26 ../common/lpcusb/target/usbhw_lpc.o
                0x00000000000010b8                USBInitializeISOCFrameArray
 .text.USBSetHeadDDForDMA
                0x00000000000010de       0x10 ../common/lpcusb/target/usbhw_lpc.o
                0x00000000000010de                USBSetHeadDDForDMA
 *fill*         0x00000000000010ee        0x2 
 .text.USBInitializeUSBDMA
                0x00000000000010f0       0x1c ../common/lpcusb/target/usbhw_lpc.o
                0x00000000000010f0                USBInitializeUSBDMA
 .text          0x000000000000110c        0x0 ../common/lpcusb/target/usbstdreq.o
 .text.USBFilterOsVendorMessage
                0x000000000000110c       0x68 ../common/lpcusb/target/usbstdreq.o
                0x000000000000110c                USBFilterOsVendorMessage
 .text.USBRegisterWinusbInterface
                0x0000000000001174       0x2c ../common/lpcusb/target/usbstdreq.o
                0x0000000000001174                USBRegisterWinusbInterface
 .text.USBGetOsStringDescriptor
                0x00000000000011a0       0x1c ../common/lpcusb/target/usbstdreq.o
                0x00000000000011a0                USBGetOsStringDescriptor
 .text.USBRegisterDescriptors
                0x00000000000011bc        0xc ../common/lpcusb/target/usbstdreq.o
                0x00000000000011bc                USBRegisterDescriptors
 .text.USBGetDescriptor
                0x00000000000011c8       0x54 ../common/lpcusb/target/usbstdreq.o
                0x00000000000011c8                USBGetDescriptor
 .text.USBHandleStandardRequest
                0x000000000000121c      0x160 ../common/lpcusb/target/usbstdreq.o
                0x000000000000121c                USBHandleStandardRequest
 .text.USBRegisterCustomReqHandler
                0x000000000000137c        0xc ../common/lpcusb/target/usbstdreq.o
                0x000000000000137c                USBRegisterCustomReqHandler
 .text          0x0000000000001388      0x120 bootloader.o
                0x0000000000001388                dfu_request_handler(TSetupPacket*, int*, unsigned char**)
                0x000000000000139c                bootloader_usb_init()
                0x00000000000013c8                bootloader_usb_close()
                0x00000000000013ce                leds_on()
                0x00000000000013e4                leds_off()
                0x00000000000013fc                update_leds()
 .text.startup  0x00000000000014a8       0x84 bootloader.o
                0x00000000000014a8                main
 .text          0x000000000000152c      0x268 dfu.o
                0x000000000000152c                DFU::DFU(Flash&)
                0x000000000000152c                DFU::DFU(Flash&)
                0x000000000000153a                DFU::in_dfu_mode() const
                0x0000000000001546                DFU::dfu_virgin() const
                0x000000000000154a                DFU::set_state(DFU::State)
                0x0000000000001552                DFU::get_state() const
                0x0000000000001556                DFU::set_status(DFU::Status)
                0x000000000000155a                DFU::get_status() const
                0x000000000000155e                DFU::error(DFU::Status)
                0x0000000000001572                DFU::get_status_string_id() const
                0x0000000000001576                DFU::get_poll_timeout() const
                0x000000000000157a                DFU::request_detach(TSetupPacket*, unsigned long*, unsigned char*)
                0x0000000000001598                DFU::request_dnload(TSetupPacket*, unsigned long*, unsigned char*)
                0x0000000000001658                DFU::request_upload(TSetupPacket*, unsigned long*, unsigned char*)
                0x00000000000016aa                DFU::request_getstatus(TSetupPacket*, unsigned long*, unsigned char*)
                0x00000000000016f0                DFU::request_clrstatus(TSetupPacket*, unsigned long*, unsigned char*)
                0x0000000000001710                DFU::request_getstate(TSetupPacket*, unsigned long*, unsigned char*)
                0x0000000000001730                DFU::request_abort(TSetupPacket*, unsigned long*, unsigned char*)
                0x000000000000174e                DFU::request_handler(TSetupPacket*, unsigned long*, unsigned char**)
 .text          0x0000000000001794       0xd0 iap.o
                0x0000000000001794                IAP::prepare_sectors_for_write_operation(unsigned long, unsigned long)
                0x00000000000017b8                IAP::copy_ram_to_flash(unsigned long, unsigned long, unsigned long, unsigned long)
                0x00000000000017e4                IAP::erase_sectors(unsigned long, unsigned long, unsigned long)
                0x000000000000180c                IAP::blank_check_sectors(unsigned long, unsigned long)
                0x0000000000001838                IAP::compare(unsigned long, unsigned long, unsigned long)
 .text          0x0000000000001864       0xec /usr/lib/gcc/arm-none-eabi/9.2.1/../../../arm-none-eabi/lib/thumb/v7-m/nofp/libc.a(lib_a-memcpy.o)
                0x0000000000001864                memcpy
 .text          0x0000000000001950        0x0 /usr/lib/gcc/arm-none-eabi/9.2.1/thumb/v7-m/nofp/crtend.o
 .text          0x0000000000001950        0x0 /usr/lib/gcc/arm-none-eabi/9.2.1/thumb/v7-m/nofp/crtn.o
 .text          0x0000000000001950        0x4 /usr/lib/gcc/arm-none-eabi/9.2.1/../../../arm-none-eabi/lib/thumb/v7-m/nofp/libnosys.a(_exit.o)
                0x0000000000001950                _exit
 *(.rodata .rodata.* .gnu.linkonce.r.*)
 .rodata        0x0000000000001954        0x4 /usr/lib/gcc/arm-none-eabi/9.2.1/../../../arm-none-eabi/lib/thumb/v7-m/nofp/libc.a(lib_a-impure.o)
                0x0000000000001954                _global_impure_ptr
 .rodata        0x0000000000001958        0x4 ../common/ubertooth.o
                0x0000000000001958                iap_entry
 .rodata        0x000000000000195c       0x28 ../common/lpcusb/target/usbstdreq.o
 .rodata        0x0000000000001984        0x4 iap.o
                0x0000000000001984                IAP::entry_point
 *(.eh_frame_hdr)
 *(.eh_frame)
 .eh_frame      0x0000000000001988        0x0 /usr/lib/gcc/arm-none-eabi/9.2.1/thumb/v7-m/nofp/crtbegin.o
 .eh_frame      0x0000000000001988        0x4 /usr/lib/gcc/arm-none-eabi/9.2.1/thumb/v7-m/nofp/crtend.o
                0x000000000000198c                . = ALIGN (0x4)
 *(.init)
 .init          0x000000000000198c        0x4 /usr/lib/gcc/arm-none-eabi/9.2.1/thumb/v7-m/nofp/crti.o
                0x000000000000198c                _init
 .init          0x0000000000001990        0x8 /usr/lib/gcc/arm-none-eabi/9.2.1/thumb/v7-m/nofp/crtn.o
                0x0000000000001998                . = ALIGN (0x4)
                0x0000000000001998                __preinit_array_start = .
 *(.preinit_array)
                0x0000000000001998                __preinit_array_end = .
                0x0000000000001998                . = ALIGN (0x4)
                0x0000000000001998                __init_array_start = .
 *(SORT_BY_NAME(.init_array.*))
 .init_array.00000
                0x0000000000001998        0x4 /usr/lib/gcc/arm-none-eabi/9.2.1/../../../arm-none-eabi/lib/thumb/v7-m/nofp/libc.a(lib_a-__call_atexit.o)
 *(.init_array)
 .init_array    0x000000000000199c        0x4 /usr/lib/gcc/arm-none-eabi/9.2.1/thumb/v7-m/nofp/crtbegin.o
 .init_array    0x00000000000019a0        0x4 bootloader.o
                0x00000000000019a4                __init_array_end = .
                0x00000000000019a4                . = ALIGN (0x4)
 *crtbegin.o(.ctors)
 *(EXCLUDE_FILE(*crtend.o) .ctors)
 *(SORT_BY_NAME(.ctors.*))
 *crtend.o(.ctors)
                0x00000000000019a4                . = ALIGN (0x4)
 *(.fini)
 .fini          0x00000000000019a4        0x4 /usr/lib/gcc/arm-none-eabi/9.2.1/thumb/v7-m/nofp/crti.o
                0x00000000000019a4                _fini
 .fini          0x00000000000019a8        0x8 /usr/lib/gcc/arm-none-eabi/9.2.1/thumb/v7-m/nofp/crtn.o
                0x00000000000019b0                . = ALIGN (0x4)
                0x00000000000019b0                __fini_array_start = .
 *(.fini_array)
 .fini_array    0x00000000000019b0        0x4 /usr/lib/gcc/arm-none-eabi/9.2.1/thumb/v7-m/nofp/crtbegin.o
 *(SORT_BY_NAME(.fini_array.*))
                0x00000000000019b4                __fini_array_end = .
 *crtbegin.o(.dtors)
 *(EXCLUDE_FILE(*crtend.o) .dtors)
 *(SORT_BY_NAME(.dtors.*))
 *crtend.o(.dtors)
                0x00000000000019b8                . = ALIGN (0x8)
 *fill*         0x00000000000019b4        0x4 
                0x00000000000019c0                _etext = .

.glue_7         0x00000000000019b8        0x0
 .glue_7        0x00000000000019b8        0x0 linker stubs

.glue_7t        0x00000000000019b8        0x0
 .glue_7t       0x00000000000019b8        0x0 linker stubs

.vfp11_veneer   0x00000000000019b8        0x0
 .vfp11_veneer  0x00000000000019b8        0x0 linker stubs

.v4_bx          0x00000000000019b8        0x0
 .v4_bx         0x00000000000019b8        0x0 linker stubs

.iplt           0x00000000000019b8        0x0
 .iplt          0x00000000000019b8        0x0 /usr/lib/gcc/arm-none-eabi/9.2.1/thumb/v7-m/nofp/crtbegin.o

.ARM.extab      0x00000000000019b8        0x0
 *(.ARM.extab* .gnu.linkonce.armextab.*)
 .ARM.extab     0x00000000000019b8        0x0 /usr/lib/gcc/arm-none-eabi/9.2.1/../../../arm-none-eabi/lib/thumb/v7-m/nofp/crt0.o
                0x00000000000019b8                __exidx_start = .

.ARM.exidx      0x00000000000019b8        0x8
 *(.ARM.exidx* .gnu.linkonce.armexidx.*)
 .ARM.exidx     0x00000000000019b8        0x8 /usr/lib/gcc/arm-none-eabi/9.2.1/../../../arm-none-eabi/lib/thumb/v7-m/nofp/crt0.o
                                         0x10 (size before relaxing)
                0x00000000000019c0                __exidx_end = .
                0x00000000000019c0                _etext = .

.rel.dyn        0x00000000000019c0        0x0
 .rel.iplt      0x00000000000019c0        0x0 /usr/lib/gcc/arm-none-eabi/9.2.1/thumb/v7-m/nofp/crtbegin.o

.persistent     0x0000000010000000       0x20
                0x0000000010000000                _persistent_start = .
                0x0000000010000020                . = (. + 0x20)
 *fill*         0x0000000010000000       0x20 
                0x0000000010000020                _persistent_end = .
                0x000000001000001c                bootloader_ctrl = (_persistent_start + 0x1c)

.data           0x0000000010000020      0x588 load address 0x00000000000019c0
                0x0000000010000020                _data = .
 *(vtable)
 *(.data*)
 .data          0x0000000010000020        0x0 /usr/lib/gcc/arm-none-eabi/9.2.1/thumb/v7-m/nofp/crti.o
 .data          0x0000000010000020        0x4 /usr/lib/gcc/arm-none-eabi/9.2.1/thumb/v7-m/nofp/crtbegin.o
                0x0000000010000020                __dso_handle
 .data          0x0000000010000024        0x0 /usr/lib/gcc/arm-none-eabi/9.2.1/../../../arm-none-eabi/lib/thumb/v7-m/nofp/crt0.o
 .data          0x0000000010000024        0x0 /usr/lib/gcc/arm-none-eabi/9.2.1/../../../arm-none-eabi/lib/thumb/v7-m/nofp/libc.a(lib_a-atexit.o)
 .data          0x0000000010000024        0x0 /usr/lib/gcc/arm-none-eabi/9.2.1/../../../arm-none-eabi/lib/thumb/v7-m/nofp/libc.a(lib_a-exit.o)
 .data          0x0000000010000024        0x0 /usr/lib/gcc/arm-none-eabi/9.2.1/../../../arm-none-eabi/lib/thumb/v7-m/nofp/libc.a(lib_a-fini.o)
 *fill*         0x0000000010000024        0x4 
 .data          0x0000000010000028      0x430 /usr/lib/gcc/arm-none-eabi/9.2.1/../../../arm-none-eabi/lib/thumb/v7-m/nofp/libc.a(lib_a-impure.o)
                0x0000000010000028                _impure_ptr
 .data          0x0000000010000458        0x0 /usr/lib/gcc/arm-none-eabi/9.2.1/../../../arm-none-eabi/lib/thumb/v7-m/nofp/libc.a(lib_a-init.o)
 .data          0x0000000010000458        0x0 /usr/lib/gcc/arm-none-eabi/9.2.1/../../../arm-none-eabi/lib/thumb/v7-m/nofp/libc.a(lib_a-memset.o)
 .data          0x0000000010000458        0x0 /usr/lib/gcc/arm-none-eabi/9.2.1/../../../arm-none-eabi/lib/thumb/v7-m/nofp/libc.a(lib_a-__atexit.o)
 .data          0x0000000010000458        0x0 /usr/lib/gcc/arm-none-eabi/9.2.1/../../../arm-none-eabi/lib/thumb/v7-m/nofp/libc.a(lib_a-__call_atexit.o)
 .data          0x0000000010000458        0x0 ../common/LPC17xx_Startup.o
 .data          0x0000000010000458        0x0 ../common/LPC17xx_Interrupts.o
 .data          0x0000000010000458        0x0 ../common/ubertooth.o
 .data          0x0000000010000458        0x0 ../common/lpcusb/target/usbcontrol.o
 .data          0x0000000010000458        0x0 ../common/lpcusb/target/usbinit.o
 .data          0x0000000010000458        0x0 ../common/lpcusb/target/usbhw_lpc.o
 .data          0x0000000010000458       0xa4 ../common/lpcusb/target/usbstdreq.o
 .data          0x00000000100004fc       0xac bootloader.o
 .data          0x00000000100005a8        0x0 dfu.o
 .data          0x00000000100005a8        0x0 iap.o
 .data          0x00000000100005a8        0x0 /usr/lib/gcc/arm-none-eabi/9.2.1/../../../arm-none-eabi/lib/thumb/v7-m/nofp/libc.a(lib_a-memcpy.o)
 .data          0x00000000100005a8        0x0 /usr/lib/gcc/arm-none-eabi/9.2.1/thumb/v7-m/nofp/crtend.o
 .data          0x00000000100005a8        0x0 /usr/lib/gcc/arm-none-eabi/9.2.1/thumb/v7-m/nofp/crtn.o
 .data          0x00000000100005a8        0x0 /usr/lib/gcc/arm-none-eabi/9.2.1/../../../arm-none-eabi/lib/thumb/v7-m/nofp/libnosys.a(_exit.o)
                0x00000000100005a8                _edata = .

.tm_clone_table
                0x00000000100005a8        0x0 load address 0x0000000000001f48
 .tm_clone_table
                0x00000000100005a8        0x0 /usr/lib/gcc/arm-none-eabi/9.2.1/thumb/v7-m/nofp/crtbegin.o
 .tm_clone_table
                0x00000000100005a8        0x0 /usr/lib/gcc/arm-none-eabi/9.2.1/thumb/v7-m/nofp/crtend.o

.igot.plt       0x00000000100005a8        0x0 load address 0x0000000000001f48
 .igot.plt      0x00000000100005a8        0x0 /usr/lib/gcc/arm-none-eabi/9.2.1/thumb/v7-m/nofp/crtbegin.o

.bss            0x00000000100005a8      0x1c6 load address 0x0000000000001f48
                0x00000000100005a8                _bss = .
                0x00000000100005a8                __bss_start__ = .
 *(.bss*)
 .bss           0x00000000100005a8        0x0 /usr/lib/gcc/arm-none-eabi/9.2.1/thumb/v7-m/nofp/crti.o
 .bss           0x00000000100005a8       0x1c /usr/lib/gcc/arm-none-eabi/9.2.1/thumb/v7-m/nofp/crtbegin.o
 .bss           0x00000000100005c4        0x0 /usr/lib/gcc/arm-none-eabi/9.2.1/../../../arm-none-eabi/lib/thumb/v7-m/nofp/crt0.o
 .bss           0x00000000100005c4        0x0 /usr/lib/gcc/arm-none-eabi/9.2.1/../../../arm-none-eabi/lib/thumb/v7-m/nofp/libc.a(lib_a-atexit.o)
 .bss           0x00000000100005c4        0x0 /usr/lib/gcc/arm-none-eabi/9.2.1/../../../arm-none-eabi/lib/thumb/v7-m/nofp/libc.a(lib_a-exit.o)
 .bss           0x00000000100005c4        0x0 /usr/lib/gcc/arm-none-eabi/9.2.1/../../../arm-none-eabi/lib/thumb/v7-m/nofp/libc.a(lib_a-fini.o)
 .bss           0x00000000100005c4        0x0 /usr/lib/gcc/arm-none-eabi/9.2.1/../../../arm-none-eabi/lib/thumb/v7-m/nofp/libc.a(lib_a-impure.o)
 .bss           0x00000000100005c4        0x0 /usr/lib/gcc/arm-none-eabi/9.2.1/../../../arm-none-eabi/lib/thumb/v7-m/nofp/libc.a(lib_a-init.o)
 .bss           0x00000000100005c4        0x0 /usr/lib/gcc/arm-none-eabi/9.2.1/../../../arm-none-eabi/lib/thumb/v7-m/nofp/libc.a(lib_a-memset.o)
 .bss           0x00000000100005c4        0x0 /usr/lib/gcc/arm-none-eabi/9.2.1/../../../arm-none-eabi/lib/thumb/v7-m/nofp/libc.a(lib_a-__atexit.o)
 .bss           0x00000000100005c4        0x0 /usr/lib/gcc/arm-none-eabi/9.2.1/../../../arm-none-eabi/lib/thumb/v7-m/nofp/libc.a(lib_a-__call_atexit.o)
 .bss           0x00000000100005c4        0x0 ../common/LPC17xx_Startup.o
 .bss           0x00000000100005c4        0x0 ../common/LPC17xx_Interrupts.o
 .bss           0x00000000100005c4        0x8 ../common/ubertooth.o
 .bss           0x00000000100005cc       0x34 ../common/lpcusb/target/usbcontrol.o
 .bss           0x0000000010000600        0x8 ../common/lpcusb/target/usbinit.o
 .bss           0x0000000010000608       0x48 ../common/lpcusb/target/usbhw_lpc.o
 .bss           0x0000000010000650        0xd ../common/lpcusb/target/usbstdreq.o
 *fill*         0x000000001000065d        0x3 
 .bss           0x0000000010000660      0x10e bootloader.o
 .bss           0x000000001000076e        0x0 dfu.o
 .bss           0x000000001000076e        0x0 iap.o
 .bss           0x000000001000076e        0x0 /usr/lib/gcc/arm-none-eabi/9.2.1/../../../arm-none-eabi/lib/thumb/v7-m/nofp/libc.a(lib_a-memcpy.o)
 .bss           0x000000001000076e        0x0 /usr/lib/gcc/arm-none-eabi/9.2.1/thumb/v7-m/nofp/crtend.o
 .bss           0x000000001000076e        0x0 /usr/lib/gcc/arm-none-eabi/9.2.1/thumb/v7-m/nofp/crtn.o
 .bss           0x000000001000076e        0x0 /usr/lib/gcc/arm-none-eabi/9.2.1/../../../arm-none-eabi/lib/thumb/v7-m/nofp/libnosys.a(_exit.o)
 *(COMMON)
                0x000000001000076e                _ebss = .
                0x000000001000076e                __bss_end__ = .

.cr_heap        0x000000001000076e        0x0 load address 0x0000000000001f48
                0x000000001000076e                end = .
                0x000000001000076e                __end__ = .
                0x000000001000076e                _pvHeapStart = .
                0x0000000010003fe0                _StackTop = ((ORIGIN (ram) + LENGTH (ram)) - 0x20)
OUTPUT(bootloader.elf elf32-littlearm)
LOAD linker stubs

.ARM.attributes
                0x0000000000000000       0x29
 .ARM.attributes
                0x0000000000000000       0x1d /usr/lib/gcc/arm-none-eabi/9.2.1/thumb/v7-m/nofp/crti.o
 .ARM.attributes
                0x000000000000001d       0x2d /usr/lib/gcc/arm-none-eabi/9.2.1/thumb/v7-m/nofp/crtbegin.o
 .ARM.attributes
                0x000000000000004a       0x1b /usr/lib/gcc/arm-none-eabi/9.2.1/../../../arm-none-eabi/lib/thumb/v7-m/nofp/crt0.o
 .ARM.attributes
                0x0000000000000065       0x2d /usr/lib/gcc/arm-none-eabi/9.2.1/../../../arm-none-eabi/lib/thumb/v7-m/nofp/libc.a(lib_a-atexit.o)
 .ARM.attributes
                0x0000000000000092       0x2d /usr/lib/gcc/arm-none-eabi/9.2.1/../../../arm-none-eabi/lib/thumb/v7-m/nofp/libc.a(lib_a-exit.o)
 .ARM.attributes
                0x00000000000000bf       0x2d /usr/lib/gcc/arm-none-eabi/9.2.1/../../../arm-none-eabi/lib/thumb/v7-m/nofp/libc.a(lib_a-fini.o)
 .ARM.attributes
                0x00000000000000ec       0x2d /usr/lib/gcc/arm-none-eabi/9.2.1/../../../arm-none-eabi/lib/thumb/v7-m/nofp/libc.a(lib_a-impure.o)
 .ARM.attributes
                0x0000000000000119       0x2d /usr/lib/gcc/arm-none-eabi/9.2.1/../../../arm-none-eabi/lib/thumb/v7-m/nofp/libc.a(lib_a-init.o)
 .ARM.attributes
                0x0000000000000146       0x2d /usr/lib/gcc/arm-none-eabi/9.2.1/../../../arm-none-eabi/lib/thumb/v7-m/nofp/libc.a(lib_a-memset.o)
 .ARM.attributes
                0x0000000000000173       0x2d /usr/lib/gcc/arm-none-eabi/9.2.1/../../../arm-none-eabi/lib/thumb/v7-m/nofp/libc.a(lib_a-__atexit.o)
 .ARM.attributes
                0x00000000000001a0       0x2d /usr/lib/gcc/arm-none-eabi/9.2.1/../../../arm-none-eabi/lib/thumb/v7-m/nofp/libc.a(lib_a-__call_atexit.o)
 .ARM.attributes
                0x00000000000001cd       0x2d ../common/LPC17xx_Startup.o
 .ARM.attributes
                0x00000000000001fa       0x2d ../common/LPC17xx_Interrupts.o
 .ARM.attributes
                0x0000000000000227       0x2d ../common/ubertooth.o
 .ARM.attributes
                0x0000000000000254       0x2d ../common/lpcusb/target/usbcontrol.o
 .ARM.attributes
                0x0000000000000281       0x2d ../common/lpcusb/target/usbinit.o
 .ARM.attributes
                0x00000000000002ae       0x2d ../common/lpcusb/target/usbhw_lpc.o
 .ARM.attributes
                0x00000000000002db       0x2d ../common/lpcusb/target/usbstdreq.o
 .ARM.attributes
                0x0000000000000308       0x2d bootloader.o
 .ARM.attributes
                0x0000000000000335       0x2d dfu.o
 .ARM.attributes
                0x0000000000000362       0x2d iap.o
 .ARM.attributes
                0x000000000000038f       0x1b /usr/lib/gcc/arm-none-eabi/9.2.1/../../../arm-none-eabi/lib/thumb/v7-m/nofp/libc.a(lib_a-memcpy.o)
 .ARM.attributes
                0x00000000000003aa       0x2d /usr/lib/gcc/arm-none-eabi/9.2.1/thumb/v7-m/nofp/crtend.o
 .ARM.attributes
                0x00000000000003d7       0x1d /usr/lib/gcc/arm-none-eabi/9.2.1/thumb/v7-m/nofp/crtn.o
 .ARM.attributes
                0x00000000000003f4       0x2d /usr/lib/gcc/arm-none-eabi/9.2.1/../../../arm-none-eabi/lib/thumb/v7-m/nofp/libnosys.a(_exit.o)

.comment        0x0000000000000000       0xa7
 .comment       0x0000000000000000       0x59 /usr/lib/gcc/arm-none-eabi/9.2.1/thumb/v7-m/nofp/crtbegin.o
                                         0x5a (size before relaxing)
 .comment       0x0000000000000059       0x4e /usr/lib/gcc/arm-none-eabi/9.2.1/../../../arm-none-eabi/lib/thumb/v7-m/nofp/libc.a(lib_a-atexit.o)
                                         0x4f (size before relaxing)
 .comment       0x00000000000000a7       0x4f /usr/lib/gcc/arm-none-eabi/9.2.1/../../../arm-none-eabi/lib/thumb/v7-m/nofp/libc.a(lib_a-exit.o)
 .comment       0x00000000000000a7       0x4f /usr/lib/gcc/arm-none-eabi/9.2.1/../../../arm-none-eabi/lib/thumb/v7-m/nofp/libc.a(lib_a-fini.o)
 .comment       0x00000000000000a7       0x4f /usr/lib/gcc/arm-none-eabi/9.2.1/../../../arm-none-eabi/lib/thumb/v7-m/nofp/libc.a(lib_a-impure.o)
 .comment       0x00000000000000a7       0x4f /usr/lib/gcc/arm-none-eabi/9.2.1/../../../arm-none-eabi/lib/thumb/v7-m/nofp/libc.a(lib_a-init.o)
 .comment       0x00000000000000a7       0x4f /usr/lib/gcc/arm-none-eabi/9.2.1/../../../arm-none-eabi/lib/thumb/v7-m/nofp/libc.a(lib_a-memset.o)
 .comment       0x00000000000000a7       0x4f /usr/lib/gcc/arm-none-eabi/9.2.1/../../../arm-none-eabi/lib/thumb/v7-m/nofp/libc.a(lib_a-__atexit.o)
 .comment       0x00000000000000a7       0x4f /usr/lib/gcc/arm-none-eabi/9.2.1/../../../arm-none-eabi/lib/thumb/v7-m/nofp/libc.a(lib_a-__call_atexit.o)
 .comment       0x00000000000000a7       0x5a ../common/LPC17xx_Startup.o
 .comment       0x00000000000000a7       0x5a ../common/LPC17xx_Interrupts.o
 .comment       0x00000000000000a7       0x5a ../common/ubertooth.o
 .comment       0x00000000000000a7       0x5a ../common/lpcusb/target/usbcontrol.o
 .comment       0x00000000000000a7       0x5a ../common/lpcusb/target/usbinit.o
 .comment       0x00000000000000a7       0x5a ../common/lpcusb/target/usbhw_lpc.o
 .comment       0x00000000000000a7       0x5a ../common/lpcusb/target/usbstdreq.o
 .comment       0x00000000000000a7       0x5a bootloader.o
 .comment       0x00000000000000a7       0x5a dfu.o
 .comment       0x00000000000000a7       0x5a iap.o
 .comment       0x00000000000000a7       0x5a /usr/lib/gcc/arm-none-eabi/9.2.1/thumb/v7-m/nofp/crtend.o
 .comment       0x00000000000000a7       0x4f /usr/lib/gcc/arm-none-eabi/9.2.1/../../../arm-none-eabi/lib/thumb/v7-m/nofp/libnosys.a(_exit.o)

.debug_line     0x0000000000000000     0x3b25
 .debug_line    0x0000000000000000       0x87 /usr/lib/gcc/arm-none-eabi/9.2.1/../../../arm-none-eabi/lib/thumb/v7-m/nofp/crt0.o
 .debug_line    0x0000000000000087      0x14a /usr/lib/gcc/arm-none-eabi/9.2.1/../../../arm-none-eabi/lib/thumb/v7-m/nofp/libc.a(lib_a-atexit.o)
 .debug_line    0x00000000000001d1      0x178 /usr/lib/gcc/arm-none-eabi/9.2.1/../../../arm-none-eabi/lib/thumb/v7-m/nofp/libc.a(lib_a-exit.o)
 .debug_line    0x0000000000000349       0xd7 /usr/lib/gcc/arm-none-eabi/9.2.1/../../../arm-none-eabi/lib/thumb/v7-m/nofp/libc.a(lib_a-fini.o)
 .debug_line    0x0000000000000420       0xe3 /usr/lib/gcc/arm-none-eabi/9.2.1/../../../arm-none-eabi/lib/thumb/v7-m/nofp/libc.a(lib_a-impure.o)
 .debug_line    0x0000000000000503      0x114 /usr/lib/gcc/arm-none-eabi/9.2.1/../../../arm-none-eabi/lib/thumb/v7-m/nofp/libc.a(lib_a-init.o)
 .debug_line    0x0000000000000617      0x26b /usr/lib/gcc/arm-none-eabi/9.2.1/../../../arm-none-eabi/lib/thumb/v7-m/nofp/libc.a(lib_a-memset.o)
 .debug_line    0x0000000000000882      0x1e7 /usr/lib/gcc/arm-none-eabi/9.2.1/../../../arm-none-eabi/lib/thumb/v7-m/nofp/libc.a(lib_a-__atexit.o)
 .debug_line    0x0000000000000a69      0x23d /usr/lib/gcc/arm-none-eabi/9.2.1/../../../arm-none-eabi/lib/thumb/v7-m/nofp/libc.a(lib_a-__call_atexit.o)
 .debug_line    0x0000000000000ca6       0xdf ../common/LPC17xx_Startup.o
 .debug_line    0x0000000000000d85       0x65 ../common/LPC17xx_Interrupts.o
 .debug_line    0x0000000000000dea      0xbbf ../common/ubertooth.o
 .debug_line    0x00000000000019a9      0x26a ../common/lpcusb/target/usbcontrol.o
 .debug_line    0x0000000000001c13       0xaa ../common/lpcusb/target/usbinit.o
 .debug_line    0x0000000000001cbd      0x9f8 ../common/lpcusb/target/usbhw_lpc.o
 .debug_line    0x00000000000026b5      0x509 ../common/lpcusb/target/usbstdreq.o
 .debug_line    0x0000000000002bbe      0x348 bootloader.o
 .debug_line    0x0000000000002f06      0x96e dfu.o
 .debug_line    0x0000000000003874      0x182 iap.o
 .debug_line    0x00000000000039f6       0xc1 /usr/lib/gcc/arm-none-eabi/9.2.1/../../../arm-none-eabi/lib/thumb/v7-m/nofp/libc.a(lib_a-memcpy.o)
 .debug_line    0x0000000000003ab7       0x6e /usr/lib/gcc/arm-none-eabi/9.2.1/../../../arm-none-eabi/lib/thumb/v7-m/nofp/libnosys.a(_exit.o)

.debug_info     0x0000000000000000     0x9e1f
 .debug_info    0x0000000000000000       0x26 /usr/lib/gcc/arm-none-eabi/9.2.1/../../../arm-none-eabi/lib/thumb/v7-m/nofp/crt0.o
 .debug_info    0x0000000000000026      0x995 /usr/lib/gcc/arm-none-eabi/9.2.1/../../../arm-none-eabi/lib/thumb/v7-m/nofp/libc.a(lib_a-atexit.o)
 .debug_info    0x00000000000009bb      0x9d0 /usr/lib/gcc/arm-none-eabi/9.2.1/../../../arm-none-eabi/lib/thumb/v7-m/nofp/libc.a(lib_a-exit.o)
 .debug_info    0x000000000000138b      0x102 /usr/lib/gcc/arm-none-eabi/9.2.1/../../../arm-none-eabi/lib/thumb/v7-m/nofp/libc.a(lib_a-fini.o)
 .debug_info    0x000000000000148d      0x92a /usr/lib/gcc/arm-none-eabi/9.2.1/../../../arm-none-eabi/lib/thumb/v7-m/nofp/libc.a(lib_a-impure.o)
 .debug_info    0x0000000000001db7      0x11a /usr/lib/gcc/arm-none-eabi/9.2.1/../../../arm-none-eabi/lib/thumb/v7-m/nofp/libc.a(lib_a-init.o)
 .debug_info    0x0000000000001ed1      0xf21 /usr/lib/gcc/arm-none-eabi/9.2.1/../../../arm-none-eabi/lib/thumb/v7-m/nofp/libc.a(lib_a-memset.o)
 .debug_info    0x0000000000002df2      0x9d5 /usr/lib/gcc/arm-none-eabi/9.2.1/../../../arm-none-eabi/lib/thumb/v7-m/nofp/libc.a(lib_a-__atexit.o)
 .debug_info    0x00000000000037c7      0xa56 /usr/lib/gcc/arm-none-eabi/9.2.1/../../../arm-none-eabi/lib/thumb/v7-m/nofp/libc.a(lib_a-__call_atexit.o)
 .debug_info    0x000000000000421d      0x12f ../common/LPC17xx_Startup.o
 .debug_info    0x000000000000434c       0x85 ../common/LPC17xx_Interrupts.o
 .debug_info    0x00000000000043d1      0xb51 ../common/ubertooth.o
 .debug_info    0x0000000000004f22      0x46a ../common/lpcusb/target/usbcontrol.o
 .debug_info    0x000000000000538c      0x195 ../common/lpcusb/target/usbinit.o
 .debug_info    0x0000000000005521      0xc03 ../common/lpcusb/target/usbhw_lpc.o
 .debug_info    0x0000000000006124      0x818 ../common/lpcusb/target/usbstdreq.o
 .debug_info    0x000000000000693c      0xc9c bootloader.o
 .debug_info    0x00000000000075d8     0x21ed dfu.o
 .debug_info    0x00000000000097c5      0x591 iap.o
 .debug_info    0x0000000000009d56       0x26 /usr/lib/gcc/arm-none-eabi/9.2.1/../../../arm-none-eabi/lib/thumb/v7-m/nofp/libc.a(lib_a-memcpy.o)
 .debug_info    0x0000000000009d7c       0xa3 /usr/lib/gcc/arm-none-eabi/9.2.1/../../../arm-none-eabi/lib/thumb/v7-m/nofp/libnosys.a(_exit.o)

.debug_abbrev   0x0000000000000000     0x2862
 .debug_abbrev  0x0000000000000000       0x14 /usr/lib/gcc/arm-none-eabi/9.2.1/../../../arm-none-eabi/lib/thumb/v7-m/nofp/crt0.o
 .debug_abbrev  0x0000000000000014      0x232 /usr/lib/gcc/arm-none-eabi/9.2.1/../../../arm-none-eabi/lib/thumb/v7-m/nofp/libc.a(lib_a-atexit.o)
 .debug_abbrev  0x0000000000000246      0x21f /usr/lib/gcc/arm-none-eabi/9.2.1/../../../arm-none-eabi/lib/thumb/v7-m/nofp/libc.a(lib_a-exit.o)
 .debug_abbrev  0x0000000000000465       0xcf /usr/lib/gcc/arm-none-eabi/9.2.1/../../../arm-none-eabi/lib/thumb/v7-m/nofp/libc.a(lib_a-fini.o)
 .debug_abbrev  0x0000000000000534      0x1b8 /usr/lib/gcc/arm-none-eabi/9.2.1/../../../arm-none-eabi/lib/thumb/v7-m/nofp/libc.a(lib_a-impure.o)
 .debug_abbrev  0x00000000000006ec       0xcc /usr/lib/gcc/arm-none-eabi/9.2.1/../../../arm-none-eabi/lib/thumb/v7-m/nofp/libc.a(lib_a-init.o)
 .debug_abbrev  0x00000000000007b8      0x217 /usr/lib/gcc/arm-none-eabi/9.2.1/../../../arm-none-eabi/lib/thumb/v7-m/nofp/libc.a(lib_a-memset.o)
 .debug_abbrev  0x00000000000009cf      0x252 /usr/lib/gcc/arm-none-eabi/9.2.1/../../../arm-none-eabi/lib/thumb/v7-m/nofp/libc.a(lib_a-__atexit.o)
 .debug_abbrev  0x0000000000000c21      0x2b2 /usr/lib/gcc/arm-none-eabi/9.2.1/../../../arm-none-eabi/lib/thumb/v7-m/nofp/libc.a(lib_a-__call_atexit.o)
 .debug_abbrev  0x0000000000000ed3       0xb7 ../common/LPC17xx_Startup.o
 .debug_abbrev  0x0000000000000f8a       0x86 ../common/LPC17xx_Interrupts.o
 .debug_abbrev  0x0000000000001010      0x364 ../common/ubertooth.o
 .debug_abbrev  0x0000000000001374      0x252 ../common/lpcusb/target/usbcontrol.o
 .debug_abbrev  0x00000000000015c6       0xf6 ../common/lpcusb/target/usbinit.o
 .debug_abbrev  0x00000000000016bc      0x323 ../common/lpcusb/target/usbhw_lpc.o
 .debug_abbrev  0x00000000000019df      0x30b ../common/lpcusb/target/usbstdreq.o
 .debug_abbrev  0x0000000000001cea      0x459 bootloader.o
 .debug_abbrev  0x0000000000002143      0x52c dfu.o
 .debug_abbrev  0x000000000000266f      0x175 iap.o
 .debug_abbrev  0x00000000000027e4       0x14 /usr/lib/gcc/arm-none-eabi/9.2.1/../../../arm-none-eabi/lib/thumb/v7-m/nofp/libc.a(lib_a-memcpy.o)
 .debug_abbrev  0x00000000000027f8       0x6a /usr/lib/gcc/arm-none-eabi/9.2.1/../../../arm-none-eabi/lib/thumb/v7-m/nofp/libnosys.a(_exit.o)

.debug_aranges  0x0000000000000000      0x498
 .debug_aranges
                0x0000000000000000       0x20 /usr/lib/gcc/arm-none-eabi/9.2.1/../../../arm-none-eabi/lib/thumb/v7-m/nofp/crt0.o
 .debug_aranges
                0x0000000000000020       0x20 /usr/lib/gcc/arm-none-eabi/9.2.1/../../../arm-none-eabi/lib/thumb/v7-m/nofp/libc.a(lib_a-atexit.o)
 .debug_aranges
                0x0000000000000040       0x20 /usr/lib/gcc/arm-none-eabi/9.2.1/../../../arm-none-eabi/lib/thumb/v7-m/nofp/libc.a(lib_a-exit.o)
 .debug_aranges
                0x0000000000000060       0x20 /usr/lib/gcc/arm-none-eabi/9.2.1/../../../arm-none-eabi/lib/thumb/v7-m/nofp/libc.a(lib_a-fini.o)
 .debug_aranges
                0x0000000000000080       0x18 /usr/lib/gcc/arm-none-eabi/9.2.1/../../../arm-none-eabi/lib/thumb/v7-m/nofp/libc.a(lib_a-impure.o)
 .debug_aranges
                0x0000000000000098       0x20 /usr/lib/gcc/arm-none-eabi/9.2.1/../../../arm-none-eabi/lib/thumb/v7-m/nofp/libc.a(lib_a-init.o)
 .debug_aranges
                0x00000000000000b8       0x20 /usr/lib/gcc/arm-none-eabi/9.2.1/../../../arm-none-eabi/lib/thumb/v7-m/nofp/libc.a(lib_a-memset.o)
 .debug_aranges
                0x00000000000000d8       0x20 /usr/lib/gcc/arm-none-eabi/9.2.1/../../../arm-none-eabi/lib/thumb/v7-m/nofp/libc.a(lib_a-__atexit.o)
 .debug_aranges
                0x00000000000000f8       0x28 /usr/lib/gcc/arm-none-eabi/9.2.1/../../../arm-none-eabi/lib/thumb/v7-m/nofp/libc.a(lib_a-__call_atexit.o)
 .debug_aranges
                0x0000000000000120       0x20 ../common/LPC17xx_Startup.o
 .debug_aranges
                0x0000000000000140       0x20 ../common/LPC17xx_Interrupts.o
 .debug_aranges
                0x0000000000000160      0x100 ../common/ubertooth.o
 .debug_aranges
                0x0000000000000260       0x38 ../common/lpcusb/target/usbcontrol.o
 .debug_aranges
                0x0000000000000298       0x28 ../common/lpcusb/target/usbinit.o
 .debug_aranges
                0x00000000000002c0       0xd8 ../common/lpcusb/target/usbhw_lpc.o
 .debug_aranges
                0x0000000000000398       0x50 ../common/lpcusb/target/usbstdreq.o
 .debug_aranges
                0x00000000000003e8       0x30 bootloader.o
 .debug_aranges
                0x0000000000000418       0x20 dfu.o
 .debug_aranges
                0x0000000000000438       0x20 iap.o
 .debug_aranges
                0x0000000000000458       0x20 /usr/lib/gcc/arm-none-eabi/9.2.1/../../../arm-none-eabi/lib/thumb/v7-m/nofp/libc.a(lib_a-memcpy.o)
 .debug_aranges
                0x0000000000000478       0x20 /usr/lib/gcc/arm-none-eabi/9.2.1/../../../arm-none-eabi/lib/thumb/v7-m/nofp/libnosys.a(_exit.o)

.debug_str      0x0000000000000000    0x1d59d
 .debug_str     0x0000000000000000       0x94 /usr/lib/gcc/arm-none-eabi/9.2.1/../../../arm-none-eabi/lib/thumb/v7-m/nofp/crt0.o
 .debug_str     0x0000000000000094      0x4d3 /usr/lib/gcc/arm-none-eabi/9.2.1/../../../arm-none-eabi/lib/thumb/v7-m/nofp/libc.a(lib_a-atexit.o)
                                        0x5e3 (size before relaxing)
 .debug_str     0x0000000000000567       0x74 /usr/lib/gcc/arm-none-eabi/9.2.1/../../../arm-none-eabi/lib/thumb/v7-m/nofp/libc.a(lib_a-exit.o)
                                        0x5e4 (size before relaxing)
 .debug_str     0x00000000000005db       0xbd /usr/lib/gcc/arm-none-eabi/9.2.1/../../../arm-none-eabi/lib/thumb/v7-m/nofp/libc.a(lib_a-fini.o)
                                        0x1f2 (size before relaxing)
 .debug_str     0x0000000000000698       0x97 /usr/lib/gcc/arm-none-eabi/9.2.1/../../../arm-none-eabi/lib/thumb/v7-m/nofp/libc.a(lib_a-impure.o)
                                        0x598 (size before relaxing)
 .debug_str     0x000000000000072f       0x90 /usr/lib/gcc/arm-none-eabi/9.2.1/../../../arm-none-eabi/lib/thumb/v7-m/nofp/libc.a(lib_a-init.o)
                                        0x21c (size before relaxing)
 .debug_str     0x00000000000007bf      0x304 /usr/lib/gcc/arm-none-eabi/9.2.1/../../../arm-none-eabi/lib/thumb/v7-m/nofp/libc.a(lib_a-memset.o)
                                        0x8c5 (size before relaxing)
 .debug_str     0x0000000000000ac3       0x54 /usr/lib/gcc/arm-none-eabi/9.2.1/../../../arm-none-eabi/lib/thumb/v7-m/nofp/libc.a(lib_a-__atexit.o)
                                        0x601 (size before relaxing)
 .debug_str     0x0000000000000b17       0x63 /usr/lib/gcc/arm-none-eabi/9.2.1/../../../arm-none-eabi/lib/thumb/v7-m/nofp/libc.a(lib_a-__call_atexit.o)
                                        0x614 (size before relaxing)
 .debug_str     0x0000000000000b7a      0x212 ../common/LPC17xx_Startup.o
                                        0x2b7 (size before relaxing)
 .debug_str     0x0000000000000d8c       0x51 ../common/LPC17xx_Interrupts.o
                                        0x21d (size before relaxing)
 .debug_str     0x0000000000000ddd      0x1d0 ../common/ubertooth.o
                                        0x43f (size before relaxing)
 .debug_str     0x0000000000000fad      0x20c ../common/lpcusb/target/usbcontrol.o
                                        0x378 (size before relaxing)
 .debug_str     0x00000000000011b9       0x9e ../common/lpcusb/target/usbinit.o
                                        0x2a0 (size before relaxing)
 .debug_str     0x0000000000001257      0x37e ../common/lpcusb/target/usbhw_lpc.o
                                        0x656 (size before relaxing)
 .debug_str     0x00000000000015d5      0x294 ../common/lpcusb/target/usbstdreq.o
                                        0x55a (size before relaxing)
 .debug_str     0x0000000000001869    0x18c8b bootloader.o
                                      0x18fbd (size before relaxing)
 .debug_str     0x000000000001a4f4     0x2e29 dfu.o
                                       0x7c83 (size before relaxing)
 .debug_str     0x000000000001d31d       0xde iap.o
                                       0x3f5a (size before relaxing)
 .debug_str     0x000000000001d3fb       0xa1 /usr/lib/gcc/arm-none-eabi/9.2.1/../../../arm-none-eabi/lib/thumb/v7-m/nofp/libc.a(lib_a-memcpy.o)
                                         0xad (size before relaxing)
 .debug_str     0x000000000001d49c      0x101 /usr/lib/gcc/arm-none-eabi/9.2.1/../../../arm-none-eabi/lib/thumb/v7-m/nofp/libnosys.a(_exit.o)
                                        0x197 (size before relaxing)

.debug_loc      0x0000000000000000     0x3bb2
 .debug_loc     0x0000000000000000       0x32 /usr/lib/gcc/arm-none-eabi/9.2.1/../../../arm-none-eabi/lib/thumb/v7-m/nofp/libc.a(lib_a-atexit.o)
 .debug_loc     0x0000000000000032       0x22 /usr/lib/gcc/arm-none-eabi/9.2.1/../../../arm-none-eabi/lib/thumb/v7-m/nofp/libc.a(lib_a-exit.o)
 .debug_loc     0x0000000000000054       0x68 /usr/lib/gcc/arm-none-eabi/9.2.1/../../../arm-none-eabi/lib/thumb/v7-m/nofp/libc.a(lib_a-fini.o)
 .debug_loc     0x00000000000000bc       0xba /usr/lib/gcc/arm-none-eabi/9.2.1/../../../arm-none-eabi/lib/thumb/v7-m/nofp/libc.a(lib_a-init.o)
 .debug_loc     0x0000000000000176      0x231 /usr/lib/gcc/arm-none-eabi/9.2.1/../../../arm-none-eabi/lib/thumb/v7-m/nofp/libc.a(lib_a-memset.o)
 .debug_loc     0x00000000000003a7      0x138 /usr/lib/gcc/arm-none-eabi/9.2.1/../../../arm-none-eabi/lib/thumb/v7-m/nofp/libc.a(lib_a-__atexit.o)
 .debug_loc     0x00000000000004df      0x14a /usr/lib/gcc/arm-none-eabi/9.2.1/../../../arm-none-eabi/lib/thumb/v7-m/nofp/libc.a(lib_a-__call_atexit.o)
 .debug_loc     0x0000000000000629       0xb2 ../common/LPC17xx_Startup.o
 .debug_loc     0x00000000000006db      0x75b ../common/ubertooth.o
 .debug_loc     0x0000000000000e36      0x18a ../common/lpcusb/target/usbcontrol.o
 .debug_loc     0x0000000000000fc0      0x864 ../common/lpcusb/target/usbhw_lpc.o
 .debug_loc     0x0000000000001824      0x988 ../common/lpcusb/target/usbstdreq.o
 .debug_loc     0x00000000000021ac      0x18e bootloader.o
 .debug_loc     0x000000000000233a     0x143d dfu.o
 .debug_loc     0x0000000000003777      0x426 iap.o
 .debug_loc     0x0000000000003b9d       0x15 /usr/lib/gcc/arm-none-eabi/9.2.1/../../../arm-none-eabi/lib/thumb/v7-m/nofp/libnosys.a(_exit.o)

.debug_frame    0x0000000000000000      0xb2c
 .debug_frame   0x0000000000000000       0x20 /usr/lib/gcc/arm-none-eabi/9.2.1/../../../arm-none-eabi/lib/thumb/v7-m/nofp/libc.a(lib_a-atexit.o)
 .debug_frame   0x0000000000000020       0x28 /usr/lib/gcc/arm-none-eabi/9.2.1/../../../arm-none-eabi/lib/thumb/v7-m/nofp/libc.a(lib_a-exit.o)
 .debug_frame   0x0000000000000048       0x34 /usr/lib/gcc/arm-none-eabi/9.2.1/../../../arm-none-eabi/lib/thumb/v7-m/nofp/libc.a(lib_a-fini.o)
 .debug_frame   0x000000000000007c       0x2c /usr/lib/gcc/arm-none-eabi/9.2.1/../../../arm-none-eabi/lib/thumb/v7-m/nofp/libc.a(lib_a-init.o)
 .debug_frame   0x00000000000000a8       0x38 /usr/lib/gcc/arm-none-eabi/9.2.1/../../../arm-none-eabi/lib/thumb/v7-m/nofp/libc.a(lib_a-memset.o)
 .debug_frame   0x00000000000000e0       0x38 /usr/lib/gcc/arm-none-eabi/9.2.1/../../../arm-none-eabi/lib/thumb/v7-m/nofp/libc.a(lib_a-__atexit.o)
 .debug_frame   0x0000000000000118       0x50 /usr/lib/gcc/arm-none-eabi/9.2.1/../../../arm-none-eabi/lib/thumb/v7-m/nofp/libc.a(lib_a-__call_atexit.o)
 .debug_frame   0x0000000000000168       0x28 ../common/LPC17xx_Startup.o
 .debug_frame   0x0000000000000190       0x20 ../common/LPC17xx_Interrupts.o
 .debug_frame   0x00000000000001b0      0x2c0 ../common/ubertooth.o
 .debug_frame   0x0000000000000470       0x8c ../common/lpcusb/target/usbcontrol.o
 .debug_frame   0x00000000000004fc       0x38 ../common/lpcusb/target/usbinit.o
 .debug_frame   0x0000000000000534      0x210 ../common/lpcusb/target/usbhw_lpc.o
 .debug_frame   0x0000000000000744       0xc0 ../common/lpcusb/target/usbstdreq.o
 .debug_frame   0x0000000000000804       0xc8 bootloader.o
 .debug_frame   0x00000000000008cc      0x1b8 dfu.o
 .debug_frame   0x0000000000000a84       0x88 iap.o
 .debug_frame   0x0000000000000b0c       0x20 /usr/lib/gcc/arm-none-eabi/9.2.1/../../../arm-none-eabi/lib/thumb/v7-m/nofp/libnosys.a(_exit.o)

.debug_ranges   0x0000000000000000      0x5e0
 .debug_ranges  0x0000000000000000       0x38 /usr/lib/gcc/arm-none-eabi/9.2.1/../../../arm-none-eabi/lib/thumb/v7-m/nofp/libc.a(lib_a-__call_atexit.o)
 .debug_ranges  0x0000000000000038       0x10 ../common/LPC17xx_Startup.o
 .debug_ranges  0x0000000000000048       0x10 ../common/LPC17xx_Interrupts.o
 .debug_ranges  0x0000000000000058      0x130 ../common/ubertooth.o
 .debug_ranges  0x0000000000000188       0x40 ../common/lpcusb/target/usbcontrol.o
 .debug_ranges  0x00000000000001c8       0x18 ../common/lpcusb/target/usbinit.o
 .debug_ranges  0x00000000000001e0      0x118 ../common/lpcusb/target/usbhw_lpc.o
 .debug_ranges  0x00000000000002f8       0xe8 ../common/lpcusb/target/usbstdreq.o
 .debug_ranges  0x00000000000003e0       0x38 bootloader.o
 .debug_ranges  0x0000000000000418      0x1c8 dfu.o

.debug_macro    0x0000000000000000     0x6d20
 .debug_macro   0x0000000000000000       0xbc bootloader.o
 .debug_macro   0x00000000000000bc      0xb6e bootloader.o
 .debug_macro   0x0000000000000c2a      0x34e bootloader.o
 .debug_macro   0x0000000000000f78     0x48d4 bootloader.o
 .debug_macro   0x000000000000584c       0x22 bootloader.o
 .debug_macro   0x000000000000586e      0x2c5 bootloader.o
 .debug_macro   0x0000000000005b33       0x82 bootloader.o
 .debug_macro   0x0000000000005bb5      0x1e7 bootloader.o
 .debug_macro   0x0000000000005d9c       0x28 bootloader.o
 .debug_macro   0x0000000000005dc4      0x143 bootloader.o
 .debug_macro   0x0000000000005f07       0x5e bootloader.o
 .debug_macro   0x0000000000005f65      0x1a8 bootloader.o
 .debug_macro   0x000000000000610d       0x10 bootloader.o
 .debug_macro   0x000000000000611d      0x135 dfu.o
 .debug_macro   0x0000000000006252      0x13d dfu.o
 .debug_macro   0x000000000000638f       0x22 dfu.o
 .debug_macro   0x00000000000063b1       0x52 dfu.o
 .debug_macro   0x0000000000006403       0x18 dfu.o
 .debug_macro   0x000000000000641b       0x94 dfu.o
 .debug_macro   0x00000000000064af       0x35 dfu.o
 .debug_macro   0x00000000000064e4       0x34 dfu.o
 .debug_macro   0x0000000000006518      0x17b dfu.o
 .debug_macro   0x0000000000006693       0x16 dfu.o
 .debug_macro   0x00000000000066a9       0x43 dfu.o
 .debug_macro   0x00000000000066ec       0x57 dfu.o
 .debug_macro   0x0000000000006743       0x34 dfu.o
 .debug_macro   0x0000000000006777       0x10 dfu.o
 .debug_macro   0x0000000000006787       0x52 dfu.o
 .debug_macro   0x00000000000067d9      0x182 dfu.o
 .debug_macro   0x000000000000695b      0x35c dfu.o
 .debug_macro   0x0000000000006cb7       0x10 dfu.o
 .debug_macro   0x0000000000006cc7       0x35 dfu.o
 .debug_macro   0x0000000000006cfc       0x24 iap.o
