Archive member included to satisfy reference by file (symbol)

/usr/lib/gcc/arm-none-eabi/9.2.1/../../../arm-none-eabi/lib/thumb/v7-m/nofp/libc.a(lib_a-atexit.o)
                              /usr/lib/gcc/arm-none-eabi/9.2.1/../../../arm-none-eabi/lib/thumb/v7-m/nofp/crt0.o (atexit)
/usr/lib/gcc/arm-none-eabi/9.2.1/../../../arm-none-eabi/lib/thumb/v7-m/nofp/libc.a(lib_a-exit.o)
                              /usr/lib/gcc/arm-none-eabi/9.2.1/../../../arm-none-eabi/lib/thumb/v7-m/nofp/crt0.o (exit)
/usr/lib/gcc/arm-none-eabi/9.2.1/../../../arm-none-eabi/lib/thumb/v7-m/nofp/libc.a(lib_a-fini.o)
                              /usr/lib/gcc/arm-none-eabi/9.2.1/../../../arm-none-eabi/lib/thumb/v7-m/nofp/crt0.o (__libc_fini_array)
/usr/lib/gcc/arm-none-eabi/9.2.1/../../../arm-none-eabi/lib/thumb/v7-m/nofp/libc.a(lib_a-impure.o)
                              /usr/lib/gcc/arm-none-eabi/9.2.1/../../../arm-none-eabi/lib/thumb/v7-m/nofp/libc.a(lib_a-exit.o) (_global_impure_ptr)
/usr/lib/gcc/arm-none-eabi/9.2.1/../../../arm-none-eabi/lib/thumb/v7-m/nofp/libc.a(lib_a-init.o)
                              /usr/lib/gcc/arm-none-eabi/9.2.1/../../../arm-none-eabi/lib/thumb/v7-m/nofp/crt0.o (__libc_init_array)
/usr/lib/gcc/arm-none-eabi/9.2.1/../../../arm-none-eabi/lib/thumb/v7-m/nofp/libc.a(lib_a-memset.o)
                              /usr/lib/gcc/arm-none-eabi/9.2.1/../../../arm-none-eabi/lib/thumb/v7-m/nofp/crt0.o (memset)
/usr/lib/gcc/arm-none-eabi/9.2.1/../../../arm-none-eabi/lib/thumb/v7-m/nofp/libc.a(lib_a-__atexit.o)
                              /usr/lib/gcc/arm-none-eabi/9.2.1/../../../arm-none-eabi/lib/thumb/v7-m/nofp/libc.a(lib_a-atexit.o) (__register_exitproc)
/usr/lib/gcc/arm-none-eabi/9.2.1/../../../arm-none-eabi/lib/thumb/v7-m/nofp/libc.a(lib_a-__call_atexit.o)
                              /usr/lib/gcc/arm-none-eabi/9.2.1/../../../arm-none-eabi/lib/thumb/v7-m/nofp/libc.a(lib_a-exit.o) (__call_exitprocs)
/usr/lib/gcc/arm-none-eabi/9.2.1/../../../arm-none-eabi/lib/thumb/v7-m/nofp/libc.a(lib_a-memcpy.o)
                              assembly_test.o (memcpy)
/usr/lib/gcc/arm-none-eabi/9.2.1/../../../arm-none-eabi/lib/thumb/v7-m/nofp/libc.a(lib_a-strlen-stub.o)
                              assembly_test.o (strlen)
/usr/lib/gcc/arm-none-eabi/9.2.1/../../../arm-none-eabi/lib/thumb/v7-m/nofp/libnosys.a(_exit.o)
                              /usr/lib/gcc/arm-none-eabi/9.2.1/../../../arm-none-eabi/lib/thumb/v7-m/nofp/libc.a(lib_a-exit.o) (_exit)

Allocating common symbols
Common symbol       size              file

rx_tc               0x4               assembly_test.o
rx_dma_lli2         0x10              assembly_test.o
clkn_high           0x1               assembly_test.o
fifo                0x2000            assembly_test.o
rxbuf2              0x32              assembly_test.o
rx_dma_lli1         0x10              assembly_test.o
rr                  0x5               assembly_test.o
rxbuf1              0x32              assembly_test.o
rx_err              0x4               assembly_test.o

Discarded input sections

 .text          0x0000000000000000        0x0 /usr/lib/gcc/arm-none-eabi/9.2.1/thumb/v7-m/nofp/crti.o
 .data          0x0000000000000000        0x0 /usr/lib/gcc/arm-none-eabi/9.2.1/thumb/v7-m/nofp/crti.o
 .bss           0x0000000000000000        0x0 /usr/lib/gcc/arm-none-eabi/9.2.1/thumb/v7-m/nofp/crti.o
 .data          0x0000000000000000        0x4 /usr/lib/gcc/arm-none-eabi/9.2.1/thumb/v7-m/nofp/crtbegin.o
 .text          0x0000000000000000       0x70 /usr/lib/gcc/arm-none-eabi/9.2.1/../../../arm-none-eabi/lib/thumb/v7-m/nofp/crt0.o
 .data          0x0000000000000000        0x0 /usr/lib/gcc/arm-none-eabi/9.2.1/../../../arm-none-eabi/lib/thumb/v7-m/nofp/crt0.o
 .bss           0x0000000000000000        0x0 /usr/lib/gcc/arm-none-eabi/9.2.1/../../../arm-none-eabi/lib/thumb/v7-m/nofp/crt0.o
 .ARM.extab     0x0000000000000000        0x0 /usr/lib/gcc/arm-none-eabi/9.2.1/../../../arm-none-eabi/lib/thumb/v7-m/nofp/crt0.o
 .ARM.exidx     0x0000000000000000       0x10 /usr/lib/gcc/arm-none-eabi/9.2.1/../../../arm-none-eabi/lib/thumb/v7-m/nofp/crt0.o
 .debug_line    0x0000000000000000       0x87 /usr/lib/gcc/arm-none-eabi/9.2.1/../../../arm-none-eabi/lib/thumb/v7-m/nofp/crt0.o
 .debug_info    0x0000000000000000       0x26 /usr/lib/gcc/arm-none-eabi/9.2.1/../../../arm-none-eabi/lib/thumb/v7-m/nofp/crt0.o
 .debug_abbrev  0x0000000000000000       0x14 /usr/lib/gcc/arm-none-eabi/9.2.1/../../../arm-none-eabi/lib/thumb/v7-m/nofp/crt0.o
 .debug_aranges
                0x0000000000000000       0x20 /usr/lib/gcc/arm-none-eabi/9.2.1/../../../arm-none-eabi/lib/thumb/v7-m/nofp/crt0.o
 .debug_str     0x0000000000000000       0x94 /usr/lib/gcc/arm-none-eabi/9.2.1/../../../arm-none-eabi/lib/thumb/v7-m/nofp/crt0.o
 .ARM.attributes
                0x0000000000000000       0x1b /usr/lib/gcc/arm-none-eabi/9.2.1/../../../arm-none-eabi/lib/thumb/v7-m/nofp/crt0.o
 .data          0x0000000000000000        0x0 /usr/lib/gcc/arm-none-eabi/9.2.1/../../../arm-none-eabi/lib/thumb/v7-m/nofp/libc.a(lib_a-atexit.o)
 .bss           0x0000000000000000        0x0 /usr/lib/gcc/arm-none-eabi/9.2.1/../../../arm-none-eabi/lib/thumb/v7-m/nofp/libc.a(lib_a-atexit.o)
 .text          0x0000000000000000       0x20 /usr/lib/gcc/arm-none-eabi/9.2.1/../../../arm-none-eabi/lib/thumb/v7-m/nofp/libc.a(lib_a-exit.o)
 .data          0x0000000000000000        0x0 /usr/lib/gcc/arm-none-eabi/9.2.1/../../../arm-none-eabi/lib/thumb/v7-m/nofp/libc.a(lib_a-exit.o)
 .bss           0x0000000000000000        0x0 /usr/lib/gcc/arm-none-eabi/9.2.1/../../../arm-none-eabi/lib/thumb/v7-m/nofp/libc.a(lib_a-exit.o)
 .debug_info    0x0000000000000000      0x9d0 /usr/lib/gcc/arm-none-eabi/9.2.1/../../../arm-none-eabi/lib/thumb/v7-m/nofp/libc.a(lib_a-exit.o)
 .debug_abbrev  0x0000000000000000      0x21f /usr/lib/gcc/arm-none-eabi/9.2.1/../../../arm-none-eabi/lib/thumb/v7-m/nofp/libc.a(lib_a-exit.o)
 .debug_loc     0x0000000000000000       0x22 /usr/lib/gcc/arm-none-eabi/9.2.1/../../../arm-none-eabi/lib/thumb/v7-m/nofp/libc.a(lib_a-exit.o)
 .debug_aranges
                0x0000000000000000       0x20 /usr/lib/gcc/arm-none-eabi/9.2.1/../../../arm-none-eabi/lib/thumb/v7-m/nofp/libc.a(lib_a-exit.o)
 .debug_line    0x0000000000000000      0x178 /usr/lib/gcc/arm-none-eabi/9.2.1/../../../arm-none-eabi/lib/thumb/v7-m/nofp/libc.a(lib_a-exit.o)
 .debug_str     0x0000000000000000      0x5e4 /usr/lib/gcc/arm-none-eabi/9.2.1/../../../arm-none-eabi/lib/thumb/v7-m/nofp/libc.a(lib_a-exit.o)
 .comment       0x0000000000000000       0x4f /usr/lib/gcc/arm-none-eabi/9.2.1/../../../arm-none-eabi/lib/thumb/v7-m/nofp/libc.a(lib_a-exit.o)
 .debug_frame   0x0000000000000000       0x28 /usr/lib/gcc/arm-none-eabi/9.2.1/../../../arm-none-eabi/lib/thumb/v7-m/nofp/libc.a(lib_a-exit.o)
 .ARM.attributes
                0x0000000000000000       0x2d /usr/lib/gcc/arm-none-eabi/9.2.1/../../../arm-none-eabi/lib/thumb/v7-m/nofp/libc.a(lib_a-exit.o)
 .data          0x0000000000000000        0x0 /usr/lib/gcc/arm-none-eabi/9.2.1/../../../arm-none-eabi/lib/thumb/v7-m/nofp/libc.a(lib_a-fini.o)
 .bss           0x0000000000000000        0x0 /usr/lib/gcc/arm-none-eabi/9.2.1/../../../arm-none-eabi/lib/thumb/v7-m/nofp/libc.a(lib_a-fini.o)
 .text          0x0000000000000000        0x0 /usr/lib/gcc/arm-none-eabi/9.2.1/../../../arm-none-eabi/lib/thumb/v7-m/nofp/libc.a(lib_a-impure.o)
 .bss           0x0000000000000000        0x0 /usr/lib/gcc/arm-none-eabi/9.2.1/../../../arm-none-eabi/lib/thumb/v7-m/nofp/libc.a(lib_a-impure.o)
 .data          0x0000000000000000        0x0 /usr/lib/gcc/arm-none-eabi/9.2.1/../../../arm-none-eabi/lib/thumb/v7-m/nofp/libc.a(lib_a-init.o)
 .bss           0x0000000000000000        0x0 /usr/lib/gcc/arm-none-eabi/9.2.1/../../../arm-none-eabi/lib/thumb/v7-m/nofp/libc.a(lib_a-init.o)
 .text          0x0000000000000000       0xa0 /usr/lib/gcc/arm-none-eabi/9.2.1/../../../arm-none-eabi/lib/thumb/v7-m/nofp/libc.a(lib_a-memset.o)
 .data          0x0000000000000000        0x0 /usr/lib/gcc/arm-none-eabi/9.2.1/../../../arm-none-eabi/lib/thumb/v7-m/nofp/libc.a(lib_a-memset.o)
 .bss           0x0000000000000000        0x0 /usr/lib/gcc/arm-none-eabi/9.2.1/../../../arm-none-eabi/lib/thumb/v7-m/nofp/libc.a(lib_a-memset.o)
 .debug_info    0x0000000000000000      0xf21 /usr/lib/gcc/arm-none-eabi/9.2.1/../../../arm-none-eabi/lib/thumb/v7-m/nofp/libc.a(lib_a-memset.o)
 .debug_abbrev  0x0000000000000000      0x217 /usr/lib/gcc/arm-none-eabi/9.2.1/../../../arm-none-eabi/lib/thumb/v7-m/nofp/libc.a(lib_a-memset.o)
 .debug_loc     0x0000000000000000      0x231 /usr/lib/gcc/arm-none-eabi/9.2.1/../../../arm-none-eabi/lib/thumb/v7-m/nofp/libc.a(lib_a-memset.o)
 .debug_aranges
                0x0000000000000000       0x20 /usr/lib/gcc/arm-none-eabi/9.2.1/../../../arm-none-eabi/lib/thumb/v7-m/nofp/libc.a(lib_a-memset.o)
 .debug_line    0x0000000000000000      0x26b /usr/lib/gcc/arm-none-eabi/9.2.1/../../../arm-none-eabi/lib/thumb/v7-m/nofp/libc.a(lib_a-memset.o)
 .debug_str     0x0000000000000000      0x8c5 /usr/lib/gcc/arm-none-eabi/9.2.1/../../../arm-none-eabi/lib/thumb/v7-m/nofp/libc.a(lib_a-memset.o)
 .comment       0x0000000000000000       0x4f /usr/lib/gcc/arm-none-eabi/9.2.1/../../../arm-none-eabi/lib/thumb/v7-m/nofp/libc.a(lib_a-memset.o)
 .debug_frame   0x0000000000000000       0x38 /usr/lib/gcc/arm-none-eabi/9.2.1/../../../arm-none-eabi/lib/thumb/v7-m/nofp/libc.a(lib_a-memset.o)
 .ARM.attributes
                0x0000000000000000       0x2d /usr/lib/gcc/arm-none-eabi/9.2.1/../../../arm-none-eabi/lib/thumb/v7-m/nofp/libc.a(lib_a-memset.o)
 .data          0x0000000000000000        0x0 /usr/lib/gcc/arm-none-eabi/9.2.1/../../../arm-none-eabi/lib/thumb/v7-m/nofp/libc.a(lib_a-__atexit.o)
 .bss           0x0000000000000000        0x0 /usr/lib/gcc/arm-none-eabi/9.2.1/../../../arm-none-eabi/lib/thumb/v7-m/nofp/libc.a(lib_a-__atexit.o)
 .text          0x0000000000000000       0x9c /usr/lib/gcc/arm-none-eabi/9.2.1/../../../arm-none-eabi/lib/thumb/v7-m/nofp/libc.a(lib_a-__call_atexit.o)
 .data          0x0000000000000000        0x0 /usr/lib/gcc/arm-none-eabi/9.2.1/../../../arm-none-eabi/lib/thumb/v7-m/nofp/libc.a(lib_a-__call_atexit.o)
 .bss           0x0000000000000000        0x0 /usr/lib/gcc/arm-none-eabi/9.2.1/../../../arm-none-eabi/lib/thumb/v7-m/nofp/libc.a(lib_a-__call_atexit.o)
 .text          0x0000000000000000        0x0 assembly_test.o
 .text.waitms   0x0000000000000000        0x2 assembly_test.o
 .text          0x0000000000000000        0x0 ../common/usb_serial.o
 .data          0x0000000000000000       0xda ../common/usb_serial.o
 .bss           0x0000000000000000      0x168 ../common/usb_serial.o
 .text.USBDevIntHandler
                0x0000000000000000       0x10 ../common/usb_serial.o
 .text.SendNextBulkIn.part.0
                0x0000000000000000       0x3c ../common/usb_serial.o
 .text.USBFrameHandler
                0x0000000000000000       0x2c ../common/usb_serial.o
 .text.BulkOut  0x0000000000000000       0x44 ../common/usb_serial.o
 .text.HandleClassRequest
                0x0000000000000000       0x34 ../common/usb_serial.o
 .text.BulkIn   0x0000000000000000       0x14 ../common/usb_serial.o
 .text.VCOM_init
                0x0000000000000000       0x2c ../common/usb_serial.o
 .text.VCOM_putchar
                0x0000000000000000       0x1c ../common/usb_serial.o
 .text.VCOM_getchar
                0x0000000000000000       0x24 ../common/usb_serial.o
 .text.usb_serial_init
                0x0000000000000000       0x74 ../common/usb_serial.o
 .text          0x0000000000000000        0x0 ../common/serial_fifo.o
 .data          0x0000000000000000        0x0 ../common/serial_fifo.o
 .bss           0x0000000000000000        0x0 ../common/serial_fifo.o
 .text.fifo_init
                0x0000000000000000        0xa ../common/serial_fifo.o
 .text.fifo_put
                0x0000000000000000       0x28 ../common/serial_fifo.o
 .text.fifo_get
                0x0000000000000000       0x28 ../common/serial_fifo.o
 .text.fifo_avail
                0x0000000000000000       0x18 ../common/serial_fifo.o
 .text.fifo_free
                0x0000000000000000        0xc ../common/serial_fifo.o
 .debug_info    0x0000000000000000      0x1df ../common/serial_fifo.o
 .debug_abbrev  0x0000000000000000      0x11b ../common/serial_fifo.o
 .debug_loc     0x0000000000000000      0x113 ../common/serial_fifo.o
 .debug_aranges
                0x0000000000000000       0x40 ../common/serial_fifo.o
 .debug_ranges  0x0000000000000000       0x30 ../common/serial_fifo.o
 .debug_line    0x0000000000000000      0x173 ../common/serial_fifo.o
 .debug_str     0x0000000000000000      0x24c ../common/serial_fifo.o
 .comment       0x0000000000000000       0x5a ../common/serial_fifo.o
 .debug_frame   0x0000000000000000       0x70 ../common/serial_fifo.o
 .ARM.attributes
                0x0000000000000000       0x2d ../common/serial_fifo.o
 .text          0x0000000000000000        0x0 ../common/LPC17xx_Startup.o
 .data          0x0000000000000000        0x0 ../common/LPC17xx_Startup.o
 .bss           0x0000000000000000        0x0 ../common/LPC17xx_Startup.o
 .text          0x0000000000000000        0x0 ../common/LPC17xx_Interrupts.o
 .data          0x0000000000000000        0x0 ../common/LPC17xx_Interrupts.o
 .bss           0x0000000000000000        0x0 ../common/LPC17xx_Interrupts.o
 .text          0x0000000000000000        0x0 ../common/ubertooth.o
 .data          0x0000000000000000        0x0 ../common/ubertooth.o
 .text.spi_delay
                0x0000000000000000       0x18 ../common/ubertooth.o
 .text.rbit     0x0000000000000000        0x6 ../common/ubertooth.o
 .text.wait_ms  0x0000000000000000        0xa ../common/ubertooth.o
 .text.cc2400_fifo_write
                0x0000000000000000       0x80 ../common/ubertooth.o
 .text.cc2400_fifo_read
                0x0000000000000000       0x8c ../common/ubertooth.o
 .text.ubertooth_init
                0x0000000000000000       0x12 ../common/ubertooth.o
 .text.cc2400_tune_rx
                0x0000000000000000        0xa ../common/ubertooth.o
 .text.cc2400_tune_tx
                0x0000000000000000        0x8 ../common/ubertooth.o
 .text.cc2400_hop_rx
                0x0000000000000000       0x38 ../common/ubertooth.o
 .text.cc2400_hop_tx
                0x0000000000000000        0x4 ../common/ubertooth.o
 .text.get_part_num
                0x0000000000000000       0x34 ../common/ubertooth.o
 .text.get_device_serial
                0x0000000000000000       0x64 ../common/ubertooth.o
 .text.set_isp  0x0000000000000000       0x1c ../common/ubertooth.o
 .text          0x0000000000000000        0x0 ../common/lpcusb/target/usbcontrol.o
 .data          0x0000000000000000        0x0 ../common/lpcusb/target/usbcontrol.o
 .text          0x0000000000000000        0x0 ../common/lpcusb/target/usbinit.o
 .data          0x0000000000000000        0x0 ../common/lpcusb/target/usbinit.o
 .text          0x0000000000000000        0x0 ../common/lpcusb/target/usbhw_lpc.o
 .data          0x0000000000000000        0x0 ../common/lpcusb/target/usbhw_lpc.o
 .text.USBHwRegisterFrameHandler
                0x0000000000000000       0x18 ../common/lpcusb/target/usbhw_lpc.o
 .text.USBHwISOCEPRead
                0x0000000000000000       0x88 ../common/lpcusb/target/usbhw_lpc.o
 .text.USBSetupDMADescriptor
                0x0000000000000000       0x48 ../common/lpcusb/target/usbhw_lpc.o
 .text.USBDisableDMAForEndpoint
                0x0000000000000000       0x1c ../common/lpcusb/target/usbhw_lpc.o
 .text.USBEnableDMAForEndpoint
                0x0000000000000000       0x1c ../common/lpcusb/target/usbhw_lpc.o
 .text.USBInitializeISOCFrameArray
                0x0000000000000000       0x26 ../common/lpcusb/target/usbhw_lpc.o
 .text.USBSetHeadDDForDMA
                0x0000000000000000       0x10 ../common/lpcusb/target/usbhw_lpc.o
 .text.USBInitializeUSBDMA
                0x0000000000000000       0x1c ../common/lpcusb/target/usbhw_lpc.o
 .text          0x0000000000000000        0x0 ../common/lpcusb/target/usbstdreq.o
 .text.USBRegisterWinusbInterface
                0x0000000000000000       0x2c ../common/lpcusb/target/usbstdreq.o
 .text.USBGetOsStringDescriptor
                0x0000000000000000       0x1c ../common/lpcusb/target/usbstdreq.o
 .text.USBRegisterCustomReqHandler
                0x0000000000000000        0xc ../common/lpcusb/target/usbstdreq.o
 .data          0x0000000000000000        0x0 /usr/lib/gcc/arm-none-eabi/9.2.1/../../../arm-none-eabi/lib/thumb/v7-m/nofp/libc.a(lib_a-memcpy.o)
 .bss           0x0000000000000000        0x0 /usr/lib/gcc/arm-none-eabi/9.2.1/../../../arm-none-eabi/lib/thumb/v7-m/nofp/libc.a(lib_a-memcpy.o)
 .data          0x0000000000000000        0x0 /usr/lib/gcc/arm-none-eabi/9.2.1/../../../arm-none-eabi/lib/thumb/v7-m/nofp/libc.a(lib_a-strlen-stub.o)
 .bss           0x0000000000000000        0x0 /usr/lib/gcc/arm-none-eabi/9.2.1/../../../arm-none-eabi/lib/thumb/v7-m/nofp/libc.a(lib_a-strlen-stub.o)
 .text          0x0000000000000000        0x0 /usr/lib/gcc/arm-none-eabi/9.2.1/thumb/v7-m/nofp/crtend.o
 .data          0x0000000000000000        0x0 /usr/lib/gcc/arm-none-eabi/9.2.1/thumb/v7-m/nofp/crtend.o
 .bss           0x0000000000000000        0x0 /usr/lib/gcc/arm-none-eabi/9.2.1/thumb/v7-m/nofp/crtend.o
 .eh_frame      0x0000000000000000        0x4 /usr/lib/gcc/arm-none-eabi/9.2.1/thumb/v7-m/nofp/crtend.o
 .text          0x0000000000000000        0x0 /usr/lib/gcc/arm-none-eabi/9.2.1/thumb/v7-m/nofp/crtn.o
 .data          0x0000000000000000        0x0 /usr/lib/gcc/arm-none-eabi/9.2.1/thumb/v7-m/nofp/crtn.o
 .bss           0x0000000000000000        0x0 /usr/lib/gcc/arm-none-eabi/9.2.1/thumb/v7-m/nofp/crtn.o
 .text          0x0000000000000000        0x4 /usr/lib/gcc/arm-none-eabi/9.2.1/../../../arm-none-eabi/lib/thumb/v7-m/nofp/libnosys.a(_exit.o)
 .data          0x0000000000000000        0x0 /usr/lib/gcc/arm-none-eabi/9.2.1/../../../arm-none-eabi/lib/thumb/v7-m/nofp/libnosys.a(_exit.o)
 .bss           0x0000000000000000        0x0 /usr/lib/gcc/arm-none-eabi/9.2.1/../../../arm-none-eabi/lib/thumb/v7-m/nofp/libnosys.a(_exit.o)
 .debug_info    0x0000000000000000       0xa3 /usr/lib/gcc/arm-none-eabi/9.2.1/../../../arm-none-eabi/lib/thumb/v7-m/nofp/libnosys.a(_exit.o)
 .debug_abbrev  0x0000000000000000       0x6a /usr/lib/gcc/arm-none-eabi/9.2.1/../../../arm-none-eabi/lib/thumb/v7-m/nofp/libnosys.a(_exit.o)
 .debug_loc     0x0000000000000000       0x15 /usr/lib/gcc/arm-none-eabi/9.2.1/../../../arm-none-eabi/lib/thumb/v7-m/nofp/libnosys.a(_exit.o)
 .debug_aranges
                0x0000000000000000       0x20 /usr/lib/gcc/arm-none-eabi/9.2.1/../../../arm-none-eabi/lib/thumb/v7-m/nofp/libnosys.a(_exit.o)
 .debug_line    0x0000000000000000       0x6e /usr/lib/gcc/arm-none-eabi/9.2.1/../../../arm-none-eabi/lib/thumb/v7-m/nofp/libnosys.a(_exit.o)
 .debug_str     0x0000000000000000      0x197 /usr/lib/gcc/arm-none-eabi/9.2.1/../../../arm-none-eabi/lib/thumb/v7-m/nofp/libnosys.a(_exit.o)
 .comment       0x0000000000000000       0x4f /usr/lib/gcc/arm-none-eabi/9.2.1/../../../arm-none-eabi/lib/thumb/v7-m/nofp/libnosys.a(_exit.o)
 .debug_frame   0x0000000000000000       0x20 /usr/lib/gcc/arm-none-eabi/9.2.1/../../../arm-none-eabi/lib/thumb/v7-m/nofp/libnosys.a(_exit.o)
 .ARM.attributes
                0x0000000000000000       0x2d /usr/lib/gcc/arm-none-eabi/9.2.1/../../../arm-none-eabi/lib/thumb/v7-m/nofp/libnosys.a(_exit.o)

Memory Configuration

Name             Origin             Length             Attributes
rom              0x0000000000000000 0x0000000000020000 xr
ram              0x0000000010000000 0x0000000000004000 xrw
*default*        0x0000000000000000 0xffffffffffffffff

Linker script and memory map

LOAD /usr/lib/gcc/arm-none-eabi/9.2.1/thumb/v7-m/nofp/crti.o
LOAD /usr/lib/gcc/arm-none-eabi/9.2.1/thumb/v7-m/nofp/crtbegin.o
LOAD /usr/lib/gcc/arm-none-eabi/9.2.1/../../../arm-none-eabi/lib/thumb/v7-m/nofp/crt0.o
START GROUP
LOAD /usr/lib/gcc/arm-none-eabi/9.2.1/../../../arm-none-eabi/lib/thumb/v7-m/nofp/libc.a
LOAD /usr/lib/gcc/arm-none-eabi/9.2.1/../../../arm-none-eabi/lib/thumb/v7-m/nofp/libg.a
LOAD /usr/lib/gcc/arm-none-eabi/9.2.1/thumb/v7-m/nofp/libgcc.a
LOAD /usr/lib/gcc/arm-none-eabi/9.2.1/../../../arm-none-eabi/lib/thumb/v7-m/nofp/libm.a
END GROUP
LOAD assembly_test.o
LOAD ../common/usb_serial.o
LOAD ../common/serial_fifo.o
LOAD ../common/LPC17xx_Startup.o
LOAD ../common/LPC17xx_Interrupts.o
LOAD ../common/ubertooth.o
LOAD ../common/lpcusb/target/usbcontrol.o
LOAD ../common/lpcusb/target/usbinit.o
LOAD ../common/lpcusb/target/usbhw_lpc.o
LOAD ../common/lpcusb/target/usbstdreq.o
START GROUP
LOAD /usr/lib/gcc/arm-none-eabi/9.2.1/thumb/v7-m/nofp/libgcc.a
LOAD /usr/lib/gcc/arm-none-eabi/9.2.1/../../../arm-none-eabi/lib/thumb/v7-m/nofp/libc.a
END GROUP
LOAD /usr/lib/gcc/arm-none-eabi/9.2.1/thumb/v7-m/nofp/crtend.o
LOAD /usr/lib/gcc/arm-none-eabi/9.2.1/thumb/v7-m/nofp/crtn.o
START GROUP
LOAD /usr/lib/gcc/arm-none-eabi/9.2.1/thumb/v7-m/nofp/libgcc.a
LOAD /usr/lib/gcc/arm-none-eabi/9.2.1/../../../arm-none-eabi/lib/thumb/v7-m/nofp/libc.a
LOAD /usr/lib/gcc/arm-none-eabi/9.2.1/../../../arm-none-eabi/lib/thumb/v7-m/nofp/libm.a
LOAD /usr/lib/gcc/arm-none-eabi/9.2.1/../../../arm-none-eabi/lib/thumb/v7-m/nofp/libnosys.a
END GROUP

.text           0x0000000000000000     0x1f50
                0x0000000000000000                . = ALIGN (0x400)
                0x0000000000000000                _interrupt_vector_table = .
 *(.irq_handler_table)
 .irq_handler_table
                0x0000000000000000       0xcc ../common/LPC17xx_Interrupts.o
                0x0000000000000000                _NVIC_Handler_Functions
 *(.text .text.* .gnu.linkonce.t.*)
 .text          0x00000000000000cc       0x88 /usr/lib/gcc/arm-none-eabi/9.2.1/thumb/v7-m/nofp/crtbegin.o
 .text          0x0000000000000154        0xc /usr/lib/gcc/arm-none-eabi/9.2.1/../../../arm-none-eabi/lib/thumb/v7-m/nofp/libc.a(lib_a-atexit.o)
                0x0000000000000154                atexit
 .text          0x0000000000000160       0x34 /usr/lib/gcc/arm-none-eabi/9.2.1/../../../arm-none-eabi/lib/thumb/v7-m/nofp/libc.a(lib_a-fini.o)
                0x0000000000000160                __libc_fini_array
 .text          0x0000000000000194       0x48 /usr/lib/gcc/arm-none-eabi/9.2.1/../../../arm-none-eabi/lib/thumb/v7-m/nofp/libc.a(lib_a-init.o)
                0x0000000000000194                __libc_init_array
 .text          0x00000000000001dc       0x64 /usr/lib/gcc/arm-none-eabi/9.2.1/../../../arm-none-eabi/lib/thumb/v7-m/nofp/libc.a(lib_a-__atexit.o)
                0x00000000000001dc                __register_exitproc
 .text.startup  0x0000000000000240       0x14 /usr/lib/gcc/arm-none-eabi/9.2.1/../../../arm-none-eabi/lib/thumb/v7-m/nofp/libc.a(lib_a-__call_atexit.o)
 .text.dma_init
                0x0000000000000254       0xc8 assembly_test.o
 .text.dio_ssp_start
                0x000000000000031c       0x4c assembly_test.o
 .text.usb_vendor_request_handler
                0x0000000000000368      0x2cc assembly_test.o
 .text.queue_init
                0x0000000000000634       0x10 assembly_test.o
                0x0000000000000634                queue_init
 .text.enqueue  0x0000000000000644       0x78 assembly_test.o
                0x0000000000000644                enqueue
 .text.dequeue  0x00000000000006bc       0x44 assembly_test.o
                0x00000000000006bc                dequeue
 .text.ubertooth_usb_init
                0x0000000000000700       0x2c assembly_test.o
                0x0000000000000700                ubertooth_usb_init
 .text.TIMER0_IRQHandler
                0x000000000000072c       0x24 assembly_test.o
                0x000000000000072c                TIMER0_IRQHandler
 .text.DMA_IRQHandler
                0x0000000000000750       0x5c assembly_test.o
                0x0000000000000750                DMA_IRQHandler
 .text.cc2400_rx
                0x00000000000007ac       0xbc assembly_test.o
                0x00000000000007ac                cc2400_rx
 .text.cc2400_txtest
                0x0000000000000868       0xb0 assembly_test.o
                0x0000000000000868                cc2400_txtest
 .text.cc2400_rangetest
                0x0000000000000918      0x298 assembly_test.o
                0x0000000000000918                cc2400_rangetest
 .text.cc2400_repeater
                0x0000000000000bb0      0x194 assembly_test.o
                0x0000000000000bb0                cc2400_repeater
 .text.bt_stream_rx
                0x0000000000000d44       0xc8 assembly_test.o
                0x0000000000000d44                bt_stream_rx
 .text.specan   0x0000000000000e0c      0x114 assembly_test.o
                0x0000000000000e0c                specan
 .text.find_giac
                0x0000000000000f20       0x80 assembly_test.o
                0x0000000000000f20                find_giac
 .text.bt_test_rx
                0x0000000000000fa0       0xb0 assembly_test.o
                0x0000000000000fa0                bt_test_rx
 .text.startup.main
                0x0000000000001050      0x10c assembly_test.o
                0x0000000000001050                main
 .text.USB_IRQHandler
                0x000000000000115c        0x4 ../common/usb_serial.o
                0x000000000000115c                USB_IRQHandler
 .text.Reset_Handler
                0x0000000000001160       0x54 ../common/LPC17xx_Startup.o
                0x0000000000001160                Reset_Handler
 .text.Default_Handler
                0x00000000000011b4        0x2 ../common/LPC17xx_Interrupts.o
                0x00000000000011b4                TIMER2_IRQHandler
                0x00000000000011b4                DebugMon_Handler
                0x00000000000011b4                RIT_IRQHandler
                0x00000000000011b4                I2C0_IRQHandler
                0x00000000000011b4                HardFault_Handler
                0x00000000000011b4                SysTick_Handler
                0x00000000000011b4                PWM1_IRQHandler
                0x00000000000011b4                PendSV_Handler
                0x00000000000011b4                NMI_Handler
                0x00000000000011b4                I2C1_IRQHandler
                0x00000000000011b4                EINT2_IRQHandler
                0x00000000000011b4                UART1_IRQHandler
                0x00000000000011b4                EINT3_IRQHandler
                0x00000000000011b4                TIMER3_IRQHandler
                0x00000000000011b4                UART0_IRQHandler
                0x00000000000011b4                MemManagement_Handler
                0x00000000000011b4                UsageFault_Handler
                0x00000000000011b4                PLL0_IRQHandler
                0x00000000000011b4                CAN_IRQHandler
                0x00000000000011b4                PLL1_IRQHandler
                0x00000000000011b4                SSP0_IRQHandler
                0x00000000000011b4                I2S_IRQHandler
                0x00000000000011b4                I2C2_IRQHandler
                0x00000000000011b4                RTC_IRQHandler
                0x00000000000011b4                SPI_IRQHandler
                0x00000000000011b4                EINT1_IRQHandler
                0x00000000000011b4                TIMER1_IRQHandler
                0x00000000000011b4                UART2_IRQHandler
                0x00000000000011b4                ADC_IRQHandler
                0x00000000000011b4                SSP1_IRQHandler
                0x00000000000011b4                BOD_IRQHandler
                0x00000000000011b4                WDT_IRQHandler
                0x00000000000011b4                SVC_Handler
                0x00000000000011b4                QEI_IRQHandler
                0x00000000000011b4                EINT0_IRQHandler
                0x00000000000011b4                USBACT_IRQHandler
                0x00000000000011b4                CANACT_IRQHandler
                0x00000000000011b4                BusFault_Handler
                0x00000000000011b4                UART3_IRQHandler
                0x00000000000011b4                MCPWM_IRQHandler
                0x00000000000011b4                ENET_IRQHandler
 *fill*         0x00000000000011b6        0x2 
 .text.wait_us  0x00000000000011b8       0x2c ../common/ubertooth.o
                0x00000000000011b8                wait_us
 .text.wait     0x00000000000011e4        0xc ../common/ubertooth.o
                0x00000000000011e4                wait
 .text.all_pins_off
                0x00000000000011f0       0x54 ../common/ubertooth.o
                0x00000000000011f0                all_pins_off
 .text.gpio_init
                0x0000000000001244       0x34 ../common/ubertooth.o
                0x0000000000001244                gpio_init
 .text.dio_ssp_init
                0x0000000000001278       0x54 ../common/ubertooth.o
                0x0000000000001278                dio_ssp_init
 .text.atest_init
                0x00000000000012cc       0x34 ../common/ubertooth.o
                0x00000000000012cc                atest_init
 .text.cc2400_spi
                0x0000000000001300       0x50 ../common/ubertooth.o
                0x0000000000001300                cc2400_spi
 .text.cc2400_init
                0x0000000000001350       0x38 ../common/ubertooth.o
                0x0000000000001350                cc2400_init
 .text.cc2400_get
                0x0000000000001388       0x12 ../common/ubertooth.o
                0x0000000000001388                cc2400_get
 .text.cc2400_set
                0x000000000000139a        0xa ../common/ubertooth.o
                0x000000000000139a                cc2400_set
 .text.cc2400_get8
                0x00000000000013a4       0x12 ../common/ubertooth.o
                0x00000000000013a4                cc2400_get8
 .text.cc2400_set8
                0x00000000000013b6        0xa ../common/ubertooth.o
                0x00000000000013b6                cc2400_set8
 .text.cc2400_status
                0x00000000000013c0        0xe ../common/ubertooth.o
                0x00000000000013c0                cc2400_status
 .text.cc2400_strobe
                0x00000000000013ce        0xe ../common/ubertooth.o
                0x00000000000013ce                cc2400_strobe
 .text.cc2400_reset
                0x00000000000013dc       0x2c ../common/ubertooth.o
                0x00000000000013dc                cc2400_reset
 .text.clock_start
                0x0000000000001408      0x144 ../common/ubertooth.o
                0x0000000000001408                clock_start
 .text.reset    0x000000000000154c       0x38 ../common/ubertooth.o
                0x000000000000154c                reset
 .text.DataIn   0x0000000000001584       0x28 ../common/lpcusb/target/usbcontrol.o
 .text._HandleRequest.constprop.0
                0x00000000000015ac       0x4c ../common/lpcusb/target/usbcontrol.o
 .text.USBHandleControlTransfer
                0x00000000000015f8       0xa0 ../common/lpcusb/target/usbcontrol.o
                0x00000000000015f8                USBHandleControlTransfer
 .text.USBRegisterRequestHandler
                0x0000000000001698       0x10 ../common/lpcusb/target/usbcontrol.o
                0x0000000000001698                USBRegisterRequestHandler
 .text.HandleUsbReset
                0x00000000000016a8        0x2 ../common/lpcusb/target/usbinit.o
 *fill*         0x00000000000016aa        0x2 
 .text.USBInit  0x00000000000016ac       0x4c ../common/lpcusb/target/usbinit.o
                0x00000000000016ac                USBInit
 .text.Wait4DevInt
                0x00000000000016f8       0x18 ../common/lpcusb/target/usbhw_lpc.o
 .text.USBHwCmd
                0x0000000000001710       0x18 ../common/lpcusb/target/usbhw_lpc.o
 .text.USBHwCmdWrite
                0x0000000000001728       0x20 ../common/lpcusb/target/usbhw_lpc.o
 .text.USBHwEPConfig
                0x0000000000001748       0x3c ../common/lpcusb/target/usbhw_lpc.o
                0x0000000000001748                USBHwEPConfig
 .text.USBHwRegisterEPIntHandler
                0x0000000000001784       0x34 ../common/lpcusb/target/usbhw_lpc.o
                0x0000000000001784                USBHwRegisterEPIntHandler
 .text.USBHwRegisterDevIntHandler
                0x00000000000017b8       0x18 ../common/lpcusb/target/usbhw_lpc.o
                0x00000000000017b8                USBHwRegisterDevIntHandler
 .text.USBHwSetAddress
                0x00000000000017d0        0xa ../common/lpcusb/target/usbhw_lpc.o
                0x00000000000017d0                USBHwSetAddress
 .text.USBHwConnect
                0x00000000000017da        0xc ../common/lpcusb/target/usbhw_lpc.o
                0x00000000000017da                USBHwConnect
 .text.USBHwNakIntEnable
                0x00000000000017e6        0x8 ../common/lpcusb/target/usbhw_lpc.o
                0x00000000000017e6                USBHwNakIntEnable
 *fill*         0x00000000000017ee        0x2 
 .text.USBHwEPGetStatus
                0x00000000000017f0       0x34 ../common/lpcusb/target/usbhw_lpc.o
                0x00000000000017f0                USBHwEPGetStatus
 .text.USBHwEPStall
                0x0000000000001824       0x18 ../common/lpcusb/target/usbhw_lpc.o
                0x0000000000001824                USBHwEPStall
 .text.USBHwEPWrite
                0x000000000000183c       0x50 ../common/lpcusb/target/usbhw_lpc.o
                0x000000000000183c                USBHwEPWrite
 .text.USBHwEPRead
                0x000000000000188c       0x70 ../common/lpcusb/target/usbhw_lpc.o
                0x000000000000188c                USBHwEPRead
 .text.USBHwConfigDevice
                0x00000000000018fc        0xc ../common/lpcusb/target/usbhw_lpc.o
                0x00000000000018fc                USBHwConfigDevice
 .text.USBHwISR
                0x0000000000001908       0xcc ../common/lpcusb/target/usbhw_lpc.o
                0x0000000000001908                USBHwISR
 .text.USBHwInit
                0x00000000000019d4       0xb4 ../common/lpcusb/target/usbhw_lpc.o
                0x00000000000019d4                USBHwInit
 .text.USBFilterOsVendorMessage
                0x0000000000001a88       0x68 ../common/lpcusb/target/usbstdreq.o
                0x0000000000001a88                USBFilterOsVendorMessage
 .text.USBRegisterDescriptors
                0x0000000000001af0        0xc ../common/lpcusb/target/usbstdreq.o
                0x0000000000001af0                USBRegisterDescriptors
 .text.USBGetDescriptor
                0x0000000000001afc       0x54 ../common/lpcusb/target/usbstdreq.o
                0x0000000000001afc                USBGetDescriptor
 .text.USBHandleStandardRequest
                0x0000000000001b50      0x160 ../common/lpcusb/target/usbstdreq.o
                0x0000000000001b50                USBHandleStandardRequest
 .text          0x0000000000001cb0       0xec /usr/lib/gcc/arm-none-eabi/9.2.1/../../../arm-none-eabi/lib/thumb/v7-m/nofp/libc.a(lib_a-memcpy.o)
                0x0000000000001cb0                memcpy
 .text          0x0000000000001d9c       0x5c /usr/lib/gcc/arm-none-eabi/9.2.1/../../../arm-none-eabi/lib/thumb/v7-m/nofp/libc.a(lib_a-strlen-stub.o)
                0x0000000000001d9c                strlen
 *(.rodata .rodata.* .gnu.linkonce.r.*)
 .rodata        0x0000000000001df8        0x4 /usr/lib/gcc/arm-none-eabi/9.2.1/../../../arm-none-eabi/lib/thumb/v7-m/nofp/libc.a(lib_a-impure.o)
                0x0000000000001df8                _global_impure_ptr
 .rodata.str1.1
                0x0000000000001dfc        0xb assembly_test.o
 .rodata        0x0000000000001e07       0xf5 assembly_test.o
 .rodata        0x0000000000001efc        0x4 ../common/ubertooth.o
                0x0000000000001efc                iap_entry
 .rodata        0x0000000000001f00       0x28 ../common/lpcusb/target/usbstdreq.o
 *(.eh_frame_hdr)
 *(.eh_frame)
 .eh_frame      0x0000000000001f28        0x0 /usr/lib/gcc/arm-none-eabi/9.2.1/thumb/v7-m/nofp/crtbegin.o
                0x0000000000001f28                . = ALIGN (0x4)
 *(.init)
 .init          0x0000000000001f28        0x4 /usr/lib/gcc/arm-none-eabi/9.2.1/thumb/v7-m/nofp/crti.o
                0x0000000000001f28                _init
 .init          0x0000000000001f2c        0x8 /usr/lib/gcc/arm-none-eabi/9.2.1/thumb/v7-m/nofp/crtn.o
                0x0000000000001f34                . = ALIGN (0x4)
                0x0000000000001f34                __preinit_array_start = .
 *(.preinit_array)
                0x0000000000001f34                __preinit_array_end = .
                0x0000000000001f34                . = ALIGN (0x4)
                0x0000000000001f34                __init_array_start = .
 *(SORT_BY_NAME(.init_array.*))
 .init_array.00000
                0x0000000000001f34        0x4 /usr/lib/gcc/arm-none-eabi/9.2.1/../../../arm-none-eabi/lib/thumb/v7-m/nofp/libc.a(lib_a-__call_atexit.o)
 *(.init_array)
 .init_array    0x0000000000001f38        0x4 /usr/lib/gcc/arm-none-eabi/9.2.1/thumb/v7-m/nofp/crtbegin.o
                0x0000000000001f3c                __init_array_end = .
                0x0000000000001f3c                . = ALIGN (0x4)
 *crtbegin.o(.ctors)
 *(EXCLUDE_FILE(*crtend.o) .ctors)
 *(SORT_BY_NAME(.ctors.*))
 *crtend.o(.ctors)
                0x0000000000001f3c                . = ALIGN (0x4)
 *(.fini)
 .fini          0x0000000000001f3c        0x4 /usr/lib/gcc/arm-none-eabi/9.2.1/thumb/v7-m/nofp/crti.o
                0x0000000000001f3c                _fini
 .fini          0x0000000000001f40        0x8 /usr/lib/gcc/arm-none-eabi/9.2.1/thumb/v7-m/nofp/crtn.o
                0x0000000000001f48                . = ALIGN (0x4)
                0x0000000000001f48                __fini_array_start = .
 *(.fini_array)
 .fini_array    0x0000000000001f48        0x4 /usr/lib/gcc/arm-none-eabi/9.2.1/thumb/v7-m/nofp/crtbegin.o
 *(SORT_BY_NAME(.fini_array.*))
                0x0000000000001f4c                __fini_array_end = .
 *crtbegin.o(.dtors)
 *(EXCLUDE_FILE(*crtend.o) .dtors)
 *(SORT_BY_NAME(.dtors.*))
 *crtend.o(.dtors)
                0x0000000000001f50                . = ALIGN (0x8)
 *fill*         0x0000000000001f4c        0x4 
                0x0000000000001f50                _etext = .

.glue_7         0x0000000000001f50        0x0
 .glue_7        0x0000000000001f50        0x0 linker stubs

.glue_7t        0x0000000000001f50        0x0
 .glue_7t       0x0000000000001f50        0x0 linker stubs

.vfp11_veneer   0x0000000000001f50        0x0
 .vfp11_veneer  0x0000000000001f50        0x0 linker stubs

.v4_bx          0x0000000000001f50        0x0
 .v4_bx         0x0000000000001f50        0x0 linker stubs

.iplt           0x0000000000001f50        0x0
 .iplt          0x0000000000001f50        0x0 /usr/lib/gcc/arm-none-eabi/9.2.1/thumb/v7-m/nofp/crtbegin.o

.rel.dyn        0x0000000000001f50        0x0
 .rel.iplt      0x0000000000001f50        0x0 /usr/lib/gcc/arm-none-eabi/9.2.1/thumb/v7-m/nofp/crtbegin.o

.ARM.extab
 *(.ARM.extab* .gnu.linkonce.armextab.*)
                0x0000000000001f50                __exidx_start = .

.ARM.exidx
 *(.ARM.exidx* .gnu.linkonce.armexidx.*)
                0x0000000000001f50                __exidx_end = .
                0x0000000000001f50                _etext = .

.persistent     0x0000000010000000       0x20
                0x0000000010000000                _persistent_start = .
                0x0000000010000020                . = (. + 0x20)
 *fill*         0x0000000010000000       0x20 
                0x0000000010000020                _persistent_end = .
                0x000000001000001c                bootloader_ctrl = (_persistent_start + 0x1c)

.data           0x0000000010000020      0x4e4 load address 0x0000000000001f50
                0x0000000010000020                _data = .
 *(vtable)
 *(.data*)
 .data          0x0000000010000020      0x430 /usr/lib/gcc/arm-none-eabi/9.2.1/../../../arm-none-eabi/lib/thumb/v7-m/nofp/libc.a(lib_a-impure.o)
                0x0000000010000020                _impure_ptr
 .data          0x0000000010000450       0x10 assembly_test.o
                0x0000000010000450                channel
                0x0000000010000452                low_freq
                0x0000000010000454                high_freq
                0x0000000010000458                active_rxbuf
                0x000000001000045c                idle_rxbuf
 .data          0x0000000010000460       0xa4 ../common/lpcusb/target/usbstdreq.o
                0x0000000010000504                _edata = .

.tm_clone_table
                0x0000000010000504        0x0 load address 0x0000000000002434
 .tm_clone_table
                0x0000000010000504        0x0 /usr/lib/gcc/arm-none-eabi/9.2.1/thumb/v7-m/nofp/crtbegin.o
 .tm_clone_table
                0x0000000010000504        0x0 /usr/lib/gcc/arm-none-eabi/9.2.1/thumb/v7-m/nofp/crtend.o

.igot.plt       0x0000000010000504        0x0 load address 0x0000000000002434
 .igot.plt      0x0000000010000504        0x0 /usr/lib/gcc/arm-none-eabi/9.2.1/thumb/v7-m/nofp/crtbegin.o

.bss            0x0000000010000504     0x217c load address 0x0000000000002434
                0x0000000010000504                _bss = .
                0x0000000010000504                __bss_start__ = .
 *(.bss*)
 .bss           0x0000000010000504       0x1c /usr/lib/gcc/arm-none-eabi/9.2.1/thumb/v7-m/nofp/crtbegin.o
 .bss           0x0000000010000520       0x2c assembly_test.o
                0x0000000010000520                rx_pkts
                0x0000000010000524                requested_mode
                0x0000000010000528                modulation
                0x000000001000052c                head
                0x0000000010000530                tail
                0x0000000010000534                status
                0x0000000010000548                mode
 .bss           0x000000001000054c        0x8 ../common/ubertooth.o
 .bss           0x0000000010000554       0x34 ../common/lpcusb/target/usbcontrol.o
 .bss           0x0000000010000588        0x8 ../common/lpcusb/target/usbinit.o
 .bss           0x0000000010000590       0x48 ../common/lpcusb/target/usbhw_lpc.o
 .bss           0x00000000100005d8        0xd ../common/lpcusb/target/usbstdreq.o
 *(COMMON)
 *fill*         0x00000000100005e5        0x3 
 COMMON         0x00000000100005e8     0x2098 assembly_test.o
                0x00000000100005e8                rx_tc
                0x00000000100005ec                rx_dma_lli2
                0x00000000100005fc                clkn_high
                0x0000000010000600                fifo
                0x0000000010002600                rxbuf2
                0x0000000010002634                rx_dma_lli1
                0x0000000010002644                rr
                0x0000000010002649                rxbuf1
                0x000000001000267c                rx_err
                0x0000000010002680                _ebss = .
                0x0000000010002680                __bss_end__ = .

.cr_heap        0x0000000010002680        0x0 load address 0x0000000000002434
                0x0000000010002680                end = .
                0x0000000010002680                __end__ = .
                0x0000000010002680                _pvHeapStart = .
                0x0000000010003fe0                _StackTop = ((ORIGIN (ram) + LENGTH (ram)) - 0x20)
OUTPUT(assembly_test.elf elf32-littlearm)
LOAD linker stubs

.ARM.attributes
                0x0000000000000000       0x29
 .ARM.attributes
                0x0000000000000000       0x1d /usr/lib/gcc/arm-none-eabi/9.2.1/thumb/v7-m/nofp/crti.o
 .ARM.attributes
                0x000000000000001d       0x2d /usr/lib/gcc/arm-none-eabi/9.2.1/thumb/v7-m/nofp/crtbegin.o
 .ARM.attributes
                0x000000000000004a       0x2d /usr/lib/gcc/arm-none-eabi/9.2.1/../../../arm-none-eabi/lib/thumb/v7-m/nofp/libc.a(lib_a-atexit.o)
 .ARM.attributes
                0x0000000000000077       0x2d /usr/lib/gcc/arm-none-eabi/9.2.1/../../../arm-none-eabi/lib/thumb/v7-m/nofp/libc.a(lib_a-fini.o)
 .ARM.attributes
                0x00000000000000a4       0x2d /usr/lib/gcc/arm-none-eabi/9.2.1/../../../arm-none-eabi/lib/thumb/v7-m/nofp/libc.a(lib_a-impure.o)
 .ARM.attributes
                0x00000000000000d1       0x2d /usr/lib/gcc/arm-none-eabi/9.2.1/../../../arm-none-eabi/lib/thumb/v7-m/nofp/libc.a(lib_a-init.o)
 .ARM.attributes
                0x00000000000000fe       0x2d /usr/lib/gcc/arm-none-eabi/9.2.1/../../../arm-none-eabi/lib/thumb/v7-m/nofp/libc.a(lib_a-__atexit.o)
 .ARM.attributes
                0x000000000000012b       0x2d /usr/lib/gcc/arm-none-eabi/9.2.1/../../../arm-none-eabi/lib/thumb/v7-m/nofp/libc.a(lib_a-__call_atexit.o)
 .ARM.attributes
                0x0000000000000158       0x2d assembly_test.o
 .ARM.attributes
                0x0000000000000185       0x2d ../common/usb_serial.o
 .ARM.attributes
                0x00000000000001b2       0x2d ../common/LPC17xx_Startup.o
 .ARM.attributes
                0x00000000000001df       0x2d ../common/LPC17xx_Interrupts.o
 .ARM.attributes
                0x000000000000020c       0x2d ../common/ubertooth.o
 .ARM.attributes
                0x0000000000000239       0x2d ../common/lpcusb/target/usbcontrol.o
 .ARM.attributes
                0x0000000000000266       0x2d ../common/lpcusb/target/usbinit.o
 .ARM.attributes
                0x0000000000000293       0x2d ../common/lpcusb/target/usbhw_lpc.o
 .ARM.attributes
                0x00000000000002c0       0x2d ../common/lpcusb/target/usbstdreq.o
 .ARM.attributes
                0x00000000000002ed       0x1b /usr/lib/gcc/arm-none-eabi/9.2.1/../../../arm-none-eabi/lib/thumb/v7-m/nofp/libc.a(lib_a-memcpy.o)
 .ARM.attributes
                0x0000000000000308       0x2d /usr/lib/gcc/arm-none-eabi/9.2.1/../../../arm-none-eabi/lib/thumb/v7-m/nofp/libc.a(lib_a-strlen-stub.o)
 .ARM.attributes
                0x0000000000000335       0x2d /usr/lib/gcc/arm-none-eabi/9.2.1/thumb/v7-m/nofp/crtend.o
 .ARM.attributes
                0x0000000000000362       0x1d /usr/lib/gcc/arm-none-eabi/9.2.1/thumb/v7-m/nofp/crtn.o

.comment        0x0000000000000000       0xa7
 .comment       0x0000000000000000       0x59 /usr/lib/gcc/arm-none-eabi/9.2.1/thumb/v7-m/nofp/crtbegin.o
                                         0x5a (size before relaxing)
 .comment       0x0000000000000059       0x4e /usr/lib/gcc/arm-none-eabi/9.2.1/../../../arm-none-eabi/lib/thumb/v7-m/nofp/libc.a(lib_a-atexit.o)
                                         0x4f (size before relaxing)
 .comment       0x00000000000000a7       0x4f /usr/lib/gcc/arm-none-eabi/9.2.1/../../../arm-none-eabi/lib/thumb/v7-m/nofp/libc.a(lib_a-fini.o)
 .comment       0x00000000000000a7       0x4f /usr/lib/gcc/arm-none-eabi/9.2.1/../../../arm-none-eabi/lib/thumb/v7-m/nofp/libc.a(lib_a-impure.o)
 .comment       0x00000000000000a7       0x4f /usr/lib/gcc/arm-none-eabi/9.2.1/../../../arm-none-eabi/lib/thumb/v7-m/nofp/libc.a(lib_a-init.o)
 .comment       0x00000000000000a7       0x4f /usr/lib/gcc/arm-none-eabi/9.2.1/../../../arm-none-eabi/lib/thumb/v7-m/nofp/libc.a(lib_a-__atexit.o)
 .comment       0x00000000000000a7       0x4f /usr/lib/gcc/arm-none-eabi/9.2.1/../../../arm-none-eabi/lib/thumb/v7-m/nofp/libc.a(lib_a-__call_atexit.o)
 .comment       0x00000000000000a7       0x5a assembly_test.o
 .comment       0x00000000000000a7       0x5a ../common/usb_serial.o
 .comment       0x00000000000000a7       0x5a ../common/LPC17xx_Startup.o
 .comment       0x00000000000000a7       0x5a ../common/LPC17xx_Interrupts.o
 .comment       0x00000000000000a7       0x5a ../common/ubertooth.o
 .comment       0x00000000000000a7       0x5a ../common/lpcusb/target/usbcontrol.o
 .comment       0x00000000000000a7       0x5a ../common/lpcusb/target/usbinit.o
 .comment       0x00000000000000a7       0x5a ../common/lpcusb/target/usbhw_lpc.o
 .comment       0x00000000000000a7       0x5a ../common/lpcusb/target/usbstdreq.o
 .comment       0x00000000000000a7       0x4f /usr/lib/gcc/arm-none-eabi/9.2.1/../../../arm-none-eabi/lib/thumb/v7-m/nofp/libc.a(lib_a-strlen-stub.o)
 .comment       0x00000000000000a7       0x5a /usr/lib/gcc/arm-none-eabi/9.2.1/thumb/v7-m/nofp/crtend.o

.debug_info     0x0000000000000000     0x8c2d
 .debug_info    0x0000000000000000      0x995 /usr/lib/gcc/arm-none-eabi/9.2.1/../../../arm-none-eabi/lib/thumb/v7-m/nofp/libc.a(lib_a-atexit.o)
 .debug_info    0x0000000000000995      0x102 /usr/lib/gcc/arm-none-eabi/9.2.1/../../../arm-none-eabi/lib/thumb/v7-m/nofp/libc.a(lib_a-fini.o)
 .debug_info    0x0000000000000a97      0x92a /usr/lib/gcc/arm-none-eabi/9.2.1/../../../arm-none-eabi/lib/thumb/v7-m/nofp/libc.a(lib_a-impure.o)
 .debug_info    0x00000000000013c1      0x11a /usr/lib/gcc/arm-none-eabi/9.2.1/../../../arm-none-eabi/lib/thumb/v7-m/nofp/libc.a(lib_a-init.o)
 .debug_info    0x00000000000014db      0x9d5 /usr/lib/gcc/arm-none-eabi/9.2.1/../../../arm-none-eabi/lib/thumb/v7-m/nofp/libc.a(lib_a-__atexit.o)
 .debug_info    0x0000000000001eb0      0xa56 /usr/lib/gcc/arm-none-eabi/9.2.1/../../../arm-none-eabi/lib/thumb/v7-m/nofp/libc.a(lib_a-__call_atexit.o)
 .debug_info    0x0000000000002906     0x20a1 assembly_test.o
 .debug_info    0x00000000000049a7     0x1200 ../common/usb_serial.o
 .debug_info    0x0000000000005ba7      0x12f ../common/LPC17xx_Startup.o
 .debug_info    0x0000000000005cd6       0x85 ../common/LPC17xx_Interrupts.o
 .debug_info    0x0000000000005d5b      0xb51 ../common/ubertooth.o
 .debug_info    0x00000000000068ac      0x46a ../common/lpcusb/target/usbcontrol.o
 .debug_info    0x0000000000006d16      0x195 ../common/lpcusb/target/usbinit.o
 .debug_info    0x0000000000006eab      0xc03 ../common/lpcusb/target/usbhw_lpc.o
 .debug_info    0x0000000000007aae      0x818 ../common/lpcusb/target/usbstdreq.o
 .debug_info    0x00000000000082c6       0x26 /usr/lib/gcc/arm-none-eabi/9.2.1/../../../arm-none-eabi/lib/thumb/v7-m/nofp/libc.a(lib_a-memcpy.o)
 .debug_info    0x00000000000082ec      0x941 /usr/lib/gcc/arm-none-eabi/9.2.1/../../../arm-none-eabi/lib/thumb/v7-m/nofp/libc.a(lib_a-strlen-stub.o)

.debug_abbrev   0x0000000000000000     0x233e
 .debug_abbrev  0x0000000000000000      0x232 /usr/lib/gcc/arm-none-eabi/9.2.1/../../../arm-none-eabi/lib/thumb/v7-m/nofp/libc.a(lib_a-atexit.o)
 .debug_abbrev  0x0000000000000232       0xcf /usr/lib/gcc/arm-none-eabi/9.2.1/../../../arm-none-eabi/lib/thumb/v7-m/nofp/libc.a(lib_a-fini.o)
 .debug_abbrev  0x0000000000000301      0x1b8 /usr/lib/gcc/arm-none-eabi/9.2.1/../../../arm-none-eabi/lib/thumb/v7-m/nofp/libc.a(lib_a-impure.o)
 .debug_abbrev  0x00000000000004b9       0xcc /usr/lib/gcc/arm-none-eabi/9.2.1/../../../arm-none-eabi/lib/thumb/v7-m/nofp/libc.a(lib_a-init.o)
 .debug_abbrev  0x0000000000000585      0x252 /usr/lib/gcc/arm-none-eabi/9.2.1/../../../arm-none-eabi/lib/thumb/v7-m/nofp/libc.a(lib_a-__atexit.o)
 .debug_abbrev  0x00000000000007d7      0x2b2 /usr/lib/gcc/arm-none-eabi/9.2.1/../../../arm-none-eabi/lib/thumb/v7-m/nofp/libc.a(lib_a-__call_atexit.o)
 .debug_abbrev  0x0000000000000a89      0x4a1 assembly_test.o
 .debug_abbrev  0x0000000000000f2a      0x417 ../common/usb_serial.o
 .debug_abbrev  0x0000000000001341       0xb7 ../common/LPC17xx_Startup.o
 .debug_abbrev  0x00000000000013f8       0x86 ../common/LPC17xx_Interrupts.o
 .debug_abbrev  0x000000000000147e      0x364 ../common/ubertooth.o
 .debug_abbrev  0x00000000000017e2      0x252 ../common/lpcusb/target/usbcontrol.o
 .debug_abbrev  0x0000000000001a34       0xf6 ../common/lpcusb/target/usbinit.o
 .debug_abbrev  0x0000000000001b2a      0x323 ../common/lpcusb/target/usbhw_lpc.o
 .debug_abbrev  0x0000000000001e4d      0x30b ../common/lpcusb/target/usbstdreq.o
 .debug_abbrev  0x0000000000002158       0x14 /usr/lib/gcc/arm-none-eabi/9.2.1/../../../arm-none-eabi/lib/thumb/v7-m/nofp/libc.a(lib_a-memcpy.o)
 .debug_abbrev  0x000000000000216c      0x1d2 /usr/lib/gcc/arm-none-eabi/9.2.1/../../../arm-none-eabi/lib/thumb/v7-m/nofp/libc.a(lib_a-strlen-stub.o)

.debug_loc      0x0000000000000000     0x2ca9
 .debug_loc     0x0000000000000000       0x32 /usr/lib/gcc/arm-none-eabi/9.2.1/../../../arm-none-eabi/lib/thumb/v7-m/nofp/libc.a(lib_a-atexit.o)
 .debug_loc     0x0000000000000032       0x68 /usr/lib/gcc/arm-none-eabi/9.2.1/../../../arm-none-eabi/lib/thumb/v7-m/nofp/libc.a(lib_a-fini.o)
 .debug_loc     0x000000000000009a       0xba /usr/lib/gcc/arm-none-eabi/9.2.1/../../../arm-none-eabi/lib/thumb/v7-m/nofp/libc.a(lib_a-init.o)
 .debug_loc     0x0000000000000154      0x138 /usr/lib/gcc/arm-none-eabi/9.2.1/../../../arm-none-eabi/lib/thumb/v7-m/nofp/libc.a(lib_a-__atexit.o)
 .debug_loc     0x000000000000028c      0x14a /usr/lib/gcc/arm-none-eabi/9.2.1/../../../arm-none-eabi/lib/thumb/v7-m/nofp/libc.a(lib_a-__call_atexit.o)
 .debug_loc     0x00000000000003d6      0x9a5 assembly_test.o
 .debug_loc     0x0000000000000d7b      0x386 ../common/usb_serial.o
 .debug_loc     0x0000000000001101       0xb2 ../common/LPC17xx_Startup.o
 .debug_loc     0x00000000000011b3      0x75b ../common/ubertooth.o
 .debug_loc     0x000000000000190e      0x18a ../common/lpcusb/target/usbcontrol.o
 .debug_loc     0x0000000000001a98      0x864 ../common/lpcusb/target/usbhw_lpc.o
 .debug_loc     0x00000000000022fc      0x988 ../common/lpcusb/target/usbstdreq.o
 .debug_loc     0x0000000000002c84       0x25 /usr/lib/gcc/arm-none-eabi/9.2.1/../../../arm-none-eabi/lib/thumb/v7-m/nofp/libc.a(lib_a-strlen-stub.o)

.debug_aranges  0x0000000000000000      0x4e8
 .debug_aranges
                0x0000000000000000       0x20 /usr/lib/gcc/arm-none-eabi/9.2.1/../../../arm-none-eabi/lib/thumb/v7-m/nofp/libc.a(lib_a-atexit.o)
 .debug_aranges
                0x0000000000000020       0x20 /usr/lib/gcc/arm-none-eabi/9.2.1/../../../arm-none-eabi/lib/thumb/v7-m/nofp/libc.a(lib_a-fini.o)
 .debug_aranges
                0x0000000000000040       0x18 /usr/lib/gcc/arm-none-eabi/9.2.1/../../../arm-none-eabi/lib/thumb/v7-m/nofp/libc.a(lib_a-impure.o)
 .debug_aranges
                0x0000000000000058       0x20 /usr/lib/gcc/arm-none-eabi/9.2.1/../../../arm-none-eabi/lib/thumb/v7-m/nofp/libc.a(lib_a-init.o)
 .debug_aranges
                0x0000000000000078       0x20 /usr/lib/gcc/arm-none-eabi/9.2.1/../../../arm-none-eabi/lib/thumb/v7-m/nofp/libc.a(lib_a-__atexit.o)
 .debug_aranges
                0x0000000000000098       0x28 /usr/lib/gcc/arm-none-eabi/9.2.1/../../../arm-none-eabi/lib/thumb/v7-m/nofp/libc.a(lib_a-__call_atexit.o)
 .debug_aranges
                0x00000000000000c0       0xb0 assembly_test.o
 .debug_aranges
                0x0000000000000170       0x70 ../common/usb_serial.o
 .debug_aranges
                0x00000000000001e0       0x20 ../common/LPC17xx_Startup.o
 .debug_aranges
                0x0000000000000200       0x20 ../common/LPC17xx_Interrupts.o
 .debug_aranges
                0x0000000000000220      0x100 ../common/ubertooth.o
 .debug_aranges
                0x0000000000000320       0x38 ../common/lpcusb/target/usbcontrol.o
 .debug_aranges
                0x0000000000000358       0x28 ../common/lpcusb/target/usbinit.o
 .debug_aranges
                0x0000000000000380       0xd8 ../common/lpcusb/target/usbhw_lpc.o
 .debug_aranges
                0x0000000000000458       0x50 ../common/lpcusb/target/usbstdreq.o
 .debug_aranges
                0x00000000000004a8       0x20 /usr/lib/gcc/arm-none-eabi/9.2.1/../../../arm-none-eabi/lib/thumb/v7-m/nofp/libc.a(lib_a-memcpy.o)
 .debug_aranges
                0x00000000000004c8       0x20 /usr/lib/gcc/arm-none-eabi/9.2.1/../../../arm-none-eabi/lib/thumb/v7-m/nofp/libc.a(lib_a-strlen-stub.o)

.debug_line     0x0000000000000000     0x4341
 .debug_line    0x0000000000000000      0x14a /usr/lib/gcc/arm-none-eabi/9.2.1/../../../arm-none-eabi/lib/thumb/v7-m/nofp/libc.a(lib_a-atexit.o)
 .debug_line    0x000000000000014a       0xd7 /usr/lib/gcc/arm-none-eabi/9.2.1/../../../arm-none-eabi/lib/thumb/v7-m/nofp/libc.a(lib_a-fini.o)
 .debug_line    0x0000000000000221       0xe3 /usr/lib/gcc/arm-none-eabi/9.2.1/../../../arm-none-eabi/lib/thumb/v7-m/nofp/libc.a(lib_a-impure.o)
 .debug_line    0x0000000000000304      0x114 /usr/lib/gcc/arm-none-eabi/9.2.1/../../../arm-none-eabi/lib/thumb/v7-m/nofp/libc.a(lib_a-init.o)
 .debug_line    0x0000000000000418      0x1e7 /usr/lib/gcc/arm-none-eabi/9.2.1/../../../arm-none-eabi/lib/thumb/v7-m/nofp/libc.a(lib_a-__atexit.o)
 .debug_line    0x00000000000005ff      0x23d /usr/lib/gcc/arm-none-eabi/9.2.1/../../../arm-none-eabi/lib/thumb/v7-m/nofp/libc.a(lib_a-__call_atexit.o)
 .debug_line    0x000000000000083c     0x160b assembly_test.o
 .debug_line    0x0000000000001e47      0x3d3 ../common/usb_serial.o
 .debug_line    0x000000000000221a       0xdf ../common/LPC17xx_Startup.o
 .debug_line    0x00000000000022f9       0x65 ../common/LPC17xx_Interrupts.o
 .debug_line    0x000000000000235e      0xbbf ../common/ubertooth.o
 .debug_line    0x0000000000002f1d      0x26a ../common/lpcusb/target/usbcontrol.o
 .debug_line    0x0000000000003187       0xaa ../common/lpcusb/target/usbinit.o
 .debug_line    0x0000000000003231      0x9f8 ../common/lpcusb/target/usbhw_lpc.o
 .debug_line    0x0000000000003c29      0x509 ../common/lpcusb/target/usbstdreq.o
 .debug_line    0x0000000000004132       0xc1 /usr/lib/gcc/arm-none-eabi/9.2.1/../../../arm-none-eabi/lib/thumb/v7-m/nofp/libc.a(lib_a-memcpy.o)
 .debug_line    0x00000000000041f3      0x14e /usr/lib/gcc/arm-none-eabi/9.2.1/../../../arm-none-eabi/lib/thumb/v7-m/nofp/libc.a(lib_a-strlen-stub.o)

.debug_str      0x0000000000000000     0x2230
 .debug_str     0x0000000000000000      0x567 /usr/lib/gcc/arm-none-eabi/9.2.1/../../../arm-none-eabi/lib/thumb/v7-m/nofp/libc.a(lib_a-atexit.o)
                                        0x5e3 (size before relaxing)
 .debug_str     0x0000000000000567       0xc4 /usr/lib/gcc/arm-none-eabi/9.2.1/../../../arm-none-eabi/lib/thumb/v7-m/nofp/libc.a(lib_a-fini.o)
                                        0x1f2 (size before relaxing)
 .debug_str     0x000000000000062b       0x97 /usr/lib/gcc/arm-none-eabi/9.2.1/../../../arm-none-eabi/lib/thumb/v7-m/nofp/libc.a(lib_a-impure.o)
                                        0x598 (size before relaxing)
 .debug_str     0x00000000000006c2       0x90 /usr/lib/gcc/arm-none-eabi/9.2.1/../../../arm-none-eabi/lib/thumb/v7-m/nofp/libc.a(lib_a-init.o)
                                        0x21c (size before relaxing)
 .debug_str     0x0000000000000752       0x4f /usr/lib/gcc/arm-none-eabi/9.2.1/../../../arm-none-eabi/lib/thumb/v7-m/nofp/libc.a(lib_a-__atexit.o)
                                        0x601 (size before relaxing)
 .debug_str     0x00000000000007a1       0x79 /usr/lib/gcc/arm-none-eabi/9.2.1/../../../arm-none-eabi/lib/thumb/v7-m/nofp/libc.a(lib_a-__call_atexit.o)
                                        0x614 (size before relaxing)
 .debug_str     0x000000000000081a      0xd45 assembly_test.o
                                       0x11fc (size before relaxing)
 .debug_str     0x000000000000155f      0x287 ../common/usb_serial.o
                                        0x915 (size before relaxing)
 .debug_str     0x00000000000017e6       0xf5 ../common/LPC17xx_Startup.o
                                        0x2b7 (size before relaxing)
 .debug_str     0x00000000000018db       0x51 ../common/LPC17xx_Interrupts.o
                                        0x21d (size before relaxing)
 .debug_str     0x000000000000192c      0x11d ../common/ubertooth.o
                                        0x43f (size before relaxing)
 .debug_str     0x0000000000001a49       0xf0 ../common/lpcusb/target/usbcontrol.o
                                        0x378 (size before relaxing)
 .debug_str     0x0000000000001b39       0x56 ../common/lpcusb/target/usbinit.o
                                        0x2a0 (size before relaxing)
 .debug_str     0x0000000000001b8f      0x336 ../common/lpcusb/target/usbhw_lpc.o
                                        0x656 (size before relaxing)
 .debug_str     0x0000000000001ec5      0x27d ../common/lpcusb/target/usbstdreq.o
                                        0x55a (size before relaxing)
 .debug_str     0x0000000000002142       0xad /usr/lib/gcc/arm-none-eabi/9.2.1/../../../arm-none-eabi/lib/thumb/v7-m/nofp/libc.a(lib_a-memcpy.o)
 .debug_str     0x00000000000021ef       0x41 /usr/lib/gcc/arm-none-eabi/9.2.1/../../../arm-none-eabi/lib/thumb/v7-m/nofp/libc.a(lib_a-strlen-stub.o)
                                        0x5ae (size before relaxing)

.debug_frame    0x0000000000000000      0xb18
 .debug_frame   0x0000000000000000       0x20 /usr/lib/gcc/arm-none-eabi/9.2.1/../../../arm-none-eabi/lib/thumb/v7-m/nofp/libc.a(lib_a-atexit.o)
 .debug_frame   0x0000000000000020       0x34 /usr/lib/gcc/arm-none-eabi/9.2.1/../../../arm-none-eabi/lib/thumb/v7-m/nofp/libc.a(lib_a-fini.o)
 .debug_frame   0x0000000000000054       0x2c /usr/lib/gcc/arm-none-eabi/9.2.1/../../../arm-none-eabi/lib/thumb/v7-m/nofp/libc.a(lib_a-init.o)
 .debug_frame   0x0000000000000080       0x38 /usr/lib/gcc/arm-none-eabi/9.2.1/../../../arm-none-eabi/lib/thumb/v7-m/nofp/libc.a(lib_a-__atexit.o)
 .debug_frame   0x00000000000000b8       0x50 /usr/lib/gcc/arm-none-eabi/9.2.1/../../../arm-none-eabi/lib/thumb/v7-m/nofp/libc.a(lib_a-__call_atexit.o)
 .debug_frame   0x0000000000000108      0x22c assembly_test.o
 .debug_frame   0x0000000000000334      0x128 ../common/usb_serial.o
 .debug_frame   0x000000000000045c       0x28 ../common/LPC17xx_Startup.o
 .debug_frame   0x0000000000000484       0x20 ../common/LPC17xx_Interrupts.o
 .debug_frame   0x00000000000004a4      0x2c0 ../common/ubertooth.o
 .debug_frame   0x0000000000000764       0x8c ../common/lpcusb/target/usbcontrol.o
 .debug_frame   0x00000000000007f0       0x38 ../common/lpcusb/target/usbinit.o
 .debug_frame   0x0000000000000828      0x210 ../common/lpcusb/target/usbhw_lpc.o
 .debug_frame   0x0000000000000a38       0xc0 ../common/lpcusb/target/usbstdreq.o
 .debug_frame   0x0000000000000af8       0x20 /usr/lib/gcc/arm-none-eabi/9.2.1/../../../arm-none-eabi/lib/thumb/v7-m/nofp/libc.a(lib_a-strlen-stub.o)

.debug_ranges   0x0000000000000000      0x548
 .debug_ranges  0x0000000000000000       0x38 /usr/lib/gcc/arm-none-eabi/9.2.1/../../../arm-none-eabi/lib/thumb/v7-m/nofp/libc.a(lib_a-__call_atexit.o)
 .debug_ranges  0x0000000000000038       0xc0 assembly_test.o
 .debug_ranges  0x00000000000000f8       0x98 ../common/usb_serial.o
 .debug_ranges  0x0000000000000190       0x10 ../common/LPC17xx_Startup.o
 .debug_ranges  0x00000000000001a0       0x10 ../common/LPC17xx_Interrupts.o
 .debug_ranges  0x00000000000001b0      0x130 ../common/ubertooth.o
 .debug_ranges  0x00000000000002e0       0x40 ../common/lpcusb/target/usbcontrol.o
 .debug_ranges  0x0000000000000320       0x18 ../common/lpcusb/target/usbinit.o
 .debug_ranges  0x0000000000000338      0x118 ../common/lpcusb/target/usbhw_lpc.o
 .debug_ranges  0x0000000000000450       0xe8 ../common/lpcusb/target/usbstdreq.o
 .debug_ranges  0x0000000000000538       0x10 /usr/lib/gcc/arm-none-eabi/9.2.1/../../../arm-none-eabi/lib/thumb/v7-m/nofp/libc.a(lib_a-strlen-stub.o)
